<html>
<body>
<pre>
<h1>µVision Build Log</h1>
<h2>Tool Versions:</h2>
IDE-Version: µVision V5.33.0.0
Copyright (C) 2020 ARM Ltd and ARM Germany GmbH. All rights reserved.
License Information: Poramee Chansuksett, KMITL, LIC=3UUCX-HM8LJ-ILCCB-2EN30-00QQ9-SCNGV
 
Tool Versions:
Toolchain:       MDK-ARM Professional  Version: 5.33.0.0
Toolchain Path:  D:\Keil_v5\ARM\ARMCC\Bin
C Compiler:      Armcc.exe V5.06 update 7 (build 960)
Assembler:       Armasm.exe V5.06 update 7 (build 960)
Linker/Locator:  ArmLink.exe V5.06 update 7 (build 960)
Library Manager: ArmAr.exe V5.06 update 7 (build 960)
Hex Converter:   FromElf.exe V5.06 update 7 (build 960)
CPU DLL:         SARMCM3.DLL V5.33.0.0
Dialog DLL:      DCM.DLL V1.17.3.0
Target DLL:      STLink\ST-LINKIII-KEIL_SWO.dll V3.0.8.0
Dialog DLL:      TCM.DLL V1.48.0.0
 
<h2>Project:</h2>
D:\Lab Microcon Exam Practice\Assignment\Assignment_2\MDK-ARM\Assignment_2.uvprojx
Project File Date:  05/26/2021

<h2>Output:</h2>
  
Warning: *** SUPPORT EXPIRED, NEW PRODUCT SERIAL NUMBER REQUIRED ***
         *** Running with Code Size Limit: 32K                   ***
*** Using Compiler 'V5.06 update 7 (build 960)', folder: 'D:\Keil_v5\ARM\ARMCC\Bin'
Build target 'Assignment_2'
compiling ILI9341_Touchscreen.c...
compiling ILI9341_GFX.c...
compiling ILI9341_STM32_Driver.c...
compiling main.c...
compiling i2c.c...
compiling i2s.c...
compiling gpio.c...
compiling rng.c...
compiling stm32f7xx_it.c...
compiling usart.c...
compiling spi.c...
compiling tim.c...
compiling stm32f7xx_hal_cortex.c...
compiling stm32f7xx_hal_msp.c...
compiling stm32f7xx_hal_rcc_ex.c...
compiling stm32f7xx_hal_rcc.c...
compiling stm32f7xx_hal_flash_ex.c...
compiling stm32f7xx_hal_flash.c...
compiling stm32f7xx_hal_dma.c...
compiling stm32f7xx_hal_gpio.c...
compiling stm32f7xx_hal_pwr.c...
compiling stm32f7xx_hal_pwr_ex.c...
compiling stm32f7xx_hal.c...
compiling stm32f7xx_hal_dma_ex.c...
compiling stm32f7xx_hal_i2c_ex.c...
compiling stm32f7xx_hal_exti.c...
compiling stm32f7xx_hal_i2s.c...
compiling stm32f7xx_hal_i2c.c...
compiling stm32f7xx_hal_rng.c...
compiling stm32f7xx_hal_spi_ex.c...
compiling stm32f7xx_hal_spi.c...
compiling stm32f7xx_hal_tim.c...
compiling stm32f7xx_hal_uart_ex.c...
compiling stm32f7xx_hal_uart.c...
compiling stm32f7xx_hal_tim_ex.c...
compiling system_stm32f7xx.c...
compiling Device.c...
compiling Core.c...
compiling mpu6050.c...
compiling Display.c...
..\src\Display.c(90): warning:  #1035-D: single-precision operand implicitly converted to double-precision
  			htim5.Instance -> CCR4 = (1000 - 1) * ((displayParamsPtr -> brightness) + (increment*i))/100.0;
..\src\Display.c(97): warning:  #1035-D: single-precision operand implicitly converted to double-precision
  			htim5.Instance -> CCR4 = (uint32_t)((1000 - 1) * ((displayParamsPtr -> brightness) - (increment*i))/100.0);
..\src\Display.c(102): warning:  #1035-D: single-precision operand implicitly converted to double-precision
  	htim5.Instance -> CCR4 = (uint32_t)((1000 - 1) * (float)(displayParamsPtr -> brightness)/100.0);
..\src\Display.c: 3 warnings, 0 errors
compiling diskio.c...
compiling user_diskio.c...
compiling fatfs.c...
compiling ff.c...
compiling syscall.c...
compiling ff_gen_drv.c...
compiling ccsbcs.c...
compiling fatfs_sd.c...
linking...
Program Size: Code=30452 RO-data=1380 RW-data=552 ZI-data=2888  
FromELF: creating hex file...
"Assignment_2\Assignment_2.axf" - 0 Error(s), 4 Warning(s).

<h2>Software Packages used:</h2>

Package Vendor: ARM
                http://www.keil.com/pack/ARM.CMSIS.5.7.0.pack
                ARM.CMSIS.5.7.0
                CMSIS (Cortex Microcontroller Software Interface Standard)
   * Component: CORE Version: 5.4.0

Package Vendor: Keil
                https://www.keil.com/pack/Keil.STM32F7xx_DFP.2.12.0.pack
                Keil.STM32F7xx_DFP.2.12.0
                STMicroelectronics STM32F7 Series Device Support, Drivers and Examples

<h2>Collection of Component include folders:</h2>
  .\RTE\_Assignment_2
  C:\Users\Poramee\AppData\Local\Arm\Packs\ARM\CMSIS\5.7.0\CMSIS\Core\Include
  C:\Users\Poramee\AppData\Local\Arm\Packs\Keil\STM32F7xx_DFP\2.12.0\Drivers\CMSIS\Device\ST\STM32F7xx\Include

<h2>Collection of Component Files used:</h2>

   * Component: ARM::CMSIS:CORE:5.4.0
Build Time Elapsed:  00:01:39
</pre>
</body>
</html>
