Component: ARM Compiler 5.06 update 7 (build 960) Tool: armlink [4d3601]

==============================================================================

Section Cross References

    startup_stm32f767xx.o(RESET) refers to startup_stm32f767xx.o(STACK) for __initial_sp
    startup_stm32f767xx.o(RESET) refers to startup_stm32f767xx.o(.text) for Reset_Handler
    startup_stm32f767xx.o(RESET) refers to stm32f7xx_it.o(i.NMI_Handler) for NMI_Handler
    startup_stm32f767xx.o(RESET) refers to stm32f7xx_it.o(i.HardFault_Handler) for HardFault_Handler
    startup_stm32f767xx.o(RESET) refers to stm32f7xx_it.o(i.MemManage_Handler) for MemManage_Handler
    startup_stm32f767xx.o(RESET) refers to stm32f7xx_it.o(i.BusFault_Handler) for BusFault_Handler
    startup_stm32f767xx.o(RESET) refers to stm32f7xx_it.o(i.UsageFault_Handler) for UsageFault_Handler
    startup_stm32f767xx.o(RESET) refers to stm32f7xx_it.o(i.SVC_Handler) for SVC_Handler
    startup_stm32f767xx.o(RESET) refers to stm32f7xx_it.o(i.DebugMon_Handler) for DebugMon_Handler
    startup_stm32f767xx.o(RESET) refers to stm32f7xx_it.o(i.PendSV_Handler) for PendSV_Handler
    startup_stm32f767xx.o(RESET) refers to stm32f7xx_it.o(i.SysTick_Handler) for SysTick_Handler
    startup_stm32f767xx.o(RESET) refers to stm32f7xx_it.o(i.TIM2_IRQHandler) for TIM2_IRQHandler
    startup_stm32f767xx.o(RESET) refers to stm32f7xx_it.o(i.TIM3_IRQHandler) for TIM3_IRQHandler
    startup_stm32f767xx.o(RESET) refers to stm32f7xx_it.o(i.TIM4_IRQHandler) for TIM4_IRQHandler
    startup_stm32f767xx.o(.text) refers to system_stm32f7xx.o(i.SystemInit) for SystemInit
    startup_stm32f767xx.o(.text) refers to entry.o(.ARM.Collect$$$$00000000) for __main
    ili9341_gfx.o(i.ILI9341_Draw_Char) refers to ili9341_stm32_driver.o(i.ILI9341_Draw_Rectangle) for ILI9341_Draw_Rectangle
    ili9341_gfx.o(i.ILI9341_Draw_Char) refers to ili9341_stm32_driver.o(i.ILI9341_Draw_Pixel) for ILI9341_Draw_Pixel
    ili9341_gfx.o(i.ILI9341_Draw_Char) refers to ili9341_gfx.o(.constdata) for .constdata
    ili9341_gfx.o(i.ILI9341_Draw_Filled_Circle) refers to ili9341_stm32_driver.o(i.ILI9341_Draw_Pixel) for ILI9341_Draw_Pixel
    ili9341_gfx.o(i.ILI9341_Draw_Filled_Rectangle_Coord) refers to ili9341_stm32_driver.o(i.ILI9341_Draw_Rectangle) for ILI9341_Draw_Rectangle
    ili9341_gfx.o(i.ILI9341_Draw_Hollow_Circle) refers to ili9341_stm32_driver.o(i.ILI9341_Draw_Pixel) for ILI9341_Draw_Pixel
    ili9341_gfx.o(i.ILI9341_Draw_Hollow_Rectangle_Coord) refers to ili9341_stm32_driver.o(i.ILI9341_Draw_Horizontal_Line) for ILI9341_Draw_Horizontal_Line
    ili9341_gfx.o(i.ILI9341_Draw_Hollow_Rectangle_Coord) refers to ili9341_stm32_driver.o(i.ILI9341_Draw_Vertical_Line) for ILI9341_Draw_Vertical_Line
    ili9341_gfx.o(i.ILI9341_Draw_Hollow_Rectangle_Coord) refers to ili9341_stm32_driver.o(i.ILI9341_Draw_Pixel) for ILI9341_Draw_Pixel
    ili9341_gfx.o(i.ILI9341_Draw_Image) refers to ili9341_stm32_driver.o(i.ILI9341_Set_Rotation) for ILI9341_Set_Rotation
    ili9341_gfx.o(i.ILI9341_Draw_Image) refers to ili9341_stm32_driver.o(i.ILI9341_Set_Address) for ILI9341_Set_Address
    ili9341_gfx.o(i.ILI9341_Draw_Image) refers to stm32f7xx_hal_gpio.o(i.HAL_GPIO_WritePin) for HAL_GPIO_WritePin
    ili9341_gfx.o(i.ILI9341_Draw_Image) refers to stm32f7xx_hal_spi.o(i.HAL_SPI_Transmit) for HAL_SPI_Transmit
    ili9341_gfx.o(i.ILI9341_Draw_Image) refers to spi.o(.bss) for hspi5
    ili9341_gfx.o(i.ILI9341_Draw_Text) refers to ili9341_gfx.o(i.ILI9341_Draw_Char) for ILI9341_Draw_Char
    ili9341_stm32_driver.o(i.ILI9341_Draw_Colour) refers to stm32f7xx_hal_gpio.o(i.HAL_GPIO_WritePin) for HAL_GPIO_WritePin
    ili9341_stm32_driver.o(i.ILI9341_Draw_Colour) refers to stm32f7xx_hal_spi.o(i.HAL_SPI_Transmit) for HAL_SPI_Transmit
    ili9341_stm32_driver.o(i.ILI9341_Draw_Colour) refers to spi.o(.bss) for hspi5
    ili9341_stm32_driver.o(i.ILI9341_Draw_Colour_Burst) refers to stm32f7xx_hal_gpio.o(i.HAL_GPIO_WritePin) for HAL_GPIO_WritePin
    ili9341_stm32_driver.o(i.ILI9341_Draw_Colour_Burst) refers to malloc.o(i.malloc) for malloc
    ili9341_stm32_driver.o(i.ILI9341_Draw_Colour_Burst) refers to stm32f7xx_hal_spi.o(i.HAL_SPI_Transmit) for HAL_SPI_Transmit
    ili9341_stm32_driver.o(i.ILI9341_Draw_Colour_Burst) refers to malloc.o(i.free) for free
    ili9341_stm32_driver.o(i.ILI9341_Draw_Colour_Burst) refers to spi.o(.bss) for hspi5
    ili9341_stm32_driver.o(i.ILI9341_Draw_Horizontal_Line) refers to ili9341_stm32_driver.o(i.ILI9341_Set_Address) for ILI9341_Set_Address
    ili9341_stm32_driver.o(i.ILI9341_Draw_Horizontal_Line) refers to ili9341_stm32_driver.o(i.ILI9341_Draw_Colour_Burst) for ILI9341_Draw_Colour_Burst
    ili9341_stm32_driver.o(i.ILI9341_Draw_Horizontal_Line) refers to ili9341_stm32_driver.o(.data) for .data
    ili9341_stm32_driver.o(i.ILI9341_Draw_Pixel) refers to stm32f7xx_hal_gpio.o(i.HAL_GPIO_WritePin) for HAL_GPIO_WritePin
[...]
    i.fabs                                   0x0800742c   Section        0  fabs.o(i.fabs)
    i.free                                   0x08007444   Section        0  malloc.o(i.free)
    i.isClockUpdated                         0x08007494   Section        0  display.o(i.isClockUpdated)
    i.isSleeping                             0x080074d0   Section        0  display.o(i.isSleeping)
    i.isWaking                               0x080074f4   Section        0  display.o(i.isWaking)
    i.main                                   0x08007518   Section        0  main.o(i.main)
    i.malloc                                 0x08007620   Section        0  malloc.o(i.malloc)
    i.setBrightness                          0x0800768c   Section        0  display.o(i.setBrightness)
    i.textWraping                            0x080077a4   Section        0  display.o(i.textWraping)
    i.updateScreen                           0x080077f4   Section        0  display.o(i.updateScreen)
    i.updateScreenComplete                   0x08007818   Section        0  display.o(i.updateScreenComplete)
    i.updateStopwatch                        0x08007828   Section        0  device.o(i.updateStopwatch)
    i.updateTimer                            0x0800787c   Section        0  device.o(i.updateTimer)
    .constdata                               0x080078ec   Section      576  ili9341_gfx.o(.constdata)
    font                                     0x080078ec   Data         576  ili9341_gfx.o(.constdata)
    .constdata                               0x08007b2c   Section       16  system_stm32f7xx.o(.constdata)
    .constdata                               0x08007b3c   Section        8  system_stm32f7xx.o(.constdata)
    .constdata                               0x08007b44   Section       80  display.o(.constdata)
    .constdata                               0x08007b98   Section      152  atan.o(.constdata)
    atanhi                                   0x08007b98   Data          32  atan.o(.constdata)
    atanlo                                   0x08007bb8   Data          32  atan.o(.constdata)
    aTodd                                    0x08007bd8   Data          40  atan.o(.constdata)
    aTeven                                   0x08007c00   Data          48  atan.o(.constdata)
    .constdata                               0x08007c30   Section        8  qnan.o(.constdata)
    .data                                    0x20000000   Section        4  ili9341_stm32_driver.o(.data)
    .data                                    0x20000004   Section        4  main.o(.data)
    .data                                    0x20000008   Section        4  main.o(.data)
    .data                                    0x2000000c   Section        4  main.o(.data)
    .data                                    0x20000010   Section        4  main.o(.data)
    .data                                    0x20000014   Section       12  stm32f7xx_hal.o(.data)
    .data                                    0x20000020   Section        4  system_stm32f7xx.o(.data)
    .data                                    0x20000024   Section       28  display.o(.data)
    .data                                    0x20000040   Section      288  core.o(.data)
    .data                                    0x20000160   Section      152  mpu6050.o(.data)
    .data                                    0x200001f8   Section       20  user_diskio.o(.data)
    .data                                    0x2000020c   Section        5  fatfs.o(.data)
    .data                                    0x20000212   Section        8  fatfs_sd.o(.data)
    Stat                                     0x20000212   Data           1  fatfs_sd.o(.data)
    PowerFlag                                0x20000213   Data           1  fatfs_sd.o(.data)
    CardType                                 0x20000214   Data           1  fatfs_sd.o(.data)
    .data                                    0x2000021c   Section        4  mvars.o(.data)
    .data                                    0x20000220   Section        4  mvars.o(.data)
    .data                                    0x20000224   Section        4  errno.o(.data)
    _errno                                   0x20000224   Data           4  errno.o(.data)
    .bss                                     0x20000228   Section      272  main.o(.bss)
    .bss                                     0x20000338   Section       76  i2c.o(.bss)
    .bss                                     0x20000384   Section       64  i2s.o(.bss)
    .bss                                     0x200003c4   Section       16  rng.o(.bss)
    .bss                                     0x200003d4   Section      200  spi.o(.bss)
    .bss                                     0x2000049c   Section      380  tim.o(.bss)
    .bss                                     0x20000618   Section      132  usart.o(.bss)
    .bss                                     0x2000069c   Section       12  device.o(.bss)
    .bss                                     0x200006a8   Section      184  display.o(.bss)
    .bss                                     0x20000760   Section       12  ff_gen_drv.o(.bss)
    HEAP                                     0x20000770   Section      512  startup_stm32f767xx.o(HEAP)
    STACK                                    0x20000970   Section     1024  startup_stm32f767xx.o(STACK)

    Global Symbols

    Symbol Name                              Value     Ov Type        Size  Object(Section)

    BuildAttributes$$THM_ISAv4$E$P$D$K$B$S$7EM$VFPv5_D16$PE$PLD8$A:L22UL41UL21$X:L11$S22US41US21$IEEE1$IW$USESV6$~STKCKD$USESV7$~SHL$OTIME$ROPI$IEEEX$EBA8$MICROLIB$REQ8$PRES8$EABIv2 0x00000000   Number         0  anon$$obj.o ABSOLUTE
    __ARM_use_no_argv                        0x00000000   Number         0  main.o ABSOLUTE
    _printf_a                                0x00000000   Number         0  stubs.o ABSOLUTE
    _printf_c                                0x00000000   Number         0  stubs.o ABSOLUTE
    _printf_charcount                        0x00000000   Number         0  stubs.o ABSOLUTE
    _printf_d                                0x00000000   Number         0  stubs.o ABSOLUTE
    _printf_e                                0x00000000   Number         0  stubs.o ABSOLUTE
    _printf_f                                0x00000000   Number         0  stubs.o ABSOLUTE
    _printf_flags                            0x00000000   Number         0  stubs.o ABSOLUTE
    _printf_fp_dec                           0x00000000   Number         0  stubs.o ABSOLUTE
    _printf_fp_hex                           0x00000000   Number         0  stubs.o ABSOLUTE
    _printf_g                                0x00000000   Number         0  stubs.o ABSOLUTE
    _printf_i                                0x00000000   Number         0  stubs.o ABSOLUTE
    _printf_int_dec                          0x00000000   Number         0  stubs.o ABSOLUTE
    _printf_l                                0x00000000   Number         0  stubs.o ABSOLUTE
    _printf_lc                               0x00000000   Number         0  stubs.o ABSOLUTE
    _printf_ll                               0x00000000   Number         0  stubs.o ABSOLUTE
    _printf_lld                              0x00000000   Number         0  stubs.o ABSOLUTE
    _printf_lli                              0x00000000   Number         0  stubs.o ABSOLUTE
    _printf_llo                              0x00000000   Number         0  stubs.o ABSOLUTE
    _printf_llu                              0x00000000   Number         0  stubs.o ABSOLUTE
    _printf_llx                              0x00000000   Number         0  stubs.o ABSOLUTE
    _printf_longlong_dec                     0x00000000   Number         0  stubs.o ABSOLUTE
    _printf_longlong_hex                     0x00000000   Number         0  stubs.o ABSOLUTE
    _printf_longlong_oct                     0x00000000   Number         0  stubs.o ABSOLUTE
    _printf_ls                               0x00000000   Number         0  stubs.o ABSOLUTE
    _printf_mbtowc                           0x00000000   Number         0  stubs.o ABSOLUTE
    _printf_n                                0x00000000   Number         0  stubs.o ABSOLUTE
    _printf_o                                0x00000000   Number         0  stubs.o ABSOLUTE
    _printf_p                                0x00000000   Number         0  stubs.o ABSOLUTE
    _printf_percent                          0x00000000   Number         0  stubs.o ABSOLUTE
    _printf_pre_padding                      0x00000000   Number         0  stubs.o ABSOLUTE
    _printf_return_value                     0x00000000   Number         0  stubs.o ABSOLUTE
    _printf_s                                0x00000000   Number         0  stubs.o ABSOLUTE
    _printf_sizespec                         0x00000000   Number         0  stubs.o ABSOLUTE
    _printf_str                              0x00000000   Number         0  stubs.o ABSOLUTE
    _printf_truncate_signed                  0x00000000   Number         0  stubs.o ABSOLUTE
    _printf_truncate_unsigned                0x00000000   Number         0  stubs.o ABSOLUTE
    _printf_u                                0x00000000   Number         0  stubs.o ABSOLUTE
    _printf_wc                               0x00000000   Number         0  stubs.o ABSOLUTE
    _printf_wctomb                           0x00000000   Number         0  stubs.o ABSOLUTE
    _printf_widthprec                        0x00000000   Number         0  stubs.o ABSOLUTE
    _printf_x                                0x00000000   Number         0  stubs.o ABSOLUTE
    __arm_fini_                               - Undefined Weak Reference
    __cpp_initialize__aeabi_                  - Undefined Weak Reference
    __cxa_finalize                            - Undefined Weak Reference
    _clock_init                               - Undefined Weak Reference
    _microlib_exit                            - Undefined Weak Reference
    __Vectors_Size                           0x000001f8   Number         0  startup_stm32f767xx.o ABSOLUTE
    __Vectors                                0x08000000   Data           4  startup_stm32f767xx.o(RESET)
    __Vectors_End                            0x080001f8   Data           0  startup_stm32f767xx.o(RESET)
    __main                                   0x080001f9   Thumb Code     0  entry.o(.ARM.Collect$$$$00000000)
    _main_stk                                0x080001f9   Thumb Code     0  entry2.o(.ARM.Collect$$$$00000001)
    _main_scatterload                        0x080001fd   Thumb Code     0  entry5.o(.ARM.Collect$$$$00000004)
    __main_after_scatterload                 0x08000201   Thumb Code     0  entry5.o(.ARM.Collect$$$$00000004)
    _main_clock                              0x08000201   Thumb Code     0  entry7b.o(.ARM.Collect$$$$00000008)
    _main_cpp_init                           0x08000201   Thumb Code     0  entry8b.o(.ARM.Collect$$$$0000000A)
    _main_init                               0x08000201   Thumb Code     0  entry9a.o(.ARM.Collect$$$$0000000B)
    __rt_lib_shutdown_fini                   0x08000209   Thumb Code     0  entry12b.o(.ARM.Collect$$$$0000000E)
    __rt_final_cpp                           0x0800020d   Thumb Code     0  entry10a.o(.ARM.Collect$$$$0000000F)
    __rt_final_exit                          0x0800020d   Thumb Code     0  entry11a.o(.ARM.Collect$$$$00000011)
    Reset_Handler                            0x08000211   Thumb Code     8  startup_stm32f767xx.o(.text)
    ADC_IRQHandler                           0x0800022b   Thumb Code     0  startup_stm32f767xx.o(.text)
    CAN1_RX0_IRQHandler                      0x0800022b   Thumb Code     0  startup_stm32f767xx.o(.text)
    CAN1_RX1_IRQHandler                      0x0800022b   Thumb Code     0  startup_stm32f767xx.o(.text)
    CAN1_SCE_IRQHandler                      0x0800022b   Thumb Code     0  startup_stm32f767xx.o(.text)
    CAN1_TX_IRQHandler                       0x0800022b   Thumb Code     0  startup_stm32f767xx.o(.text)
    CAN2_RX0_IRQHandler                      0x0800022b   Thumb Code     0  startup_stm32f767xx.o(.text)
    CAN2_RX1_IRQHandler                      0x0800022b   Thumb Code     0  startup_stm32f767xx.o(.text)
    CAN2_SCE_IRQHandler                      0x0800022b   Thumb Code     0  startup_stm32f767xx.o(.text)
    CAN2_TX_IRQHandler                       0x0800022b   Thumb Code     0  startup_stm32f767xx.o(.text)
    CAN3_RX0_IRQHandler                      0x0800022b   Thumb Code     0  startup_stm32f767xx.o(.text)
    CAN3_RX1_IRQHandler                      0x0800022b   Thumb Code     0  startup_stm32f767xx.o(.text)
    CAN3_SCE_IRQHandler                      0x0800022b   Thumb Code     0  startup_stm32f767xx.o(.text)
    CAN3_TX_IRQHandler                       0x0800022b   Thumb Code     0  startup_stm32f767xx.o(.text)
    CEC_IRQHandler                           0x0800022b   Thumb Code     0  startup_stm32f767xx.o(.text)
    DCMI_IRQHandler                          0x0800022b   Thumb Code     0  startup_stm32f767xx.o(.text)
    DFSDM1_FLT0_IRQHandler                   0x0800022b   Thumb Code     0  startup_stm32f767xx.o(.text)
    DFSDM1_FLT1_IRQHandler                   0x0800022b   Thumb Code     0  startup_stm32f767xx.o(.text)
    DFSDM1_FLT2_IRQHandler                   0x0800022b   Thumb Code     0  startup_stm32f767xx.o(.text)
    DFSDM1_FLT3_IRQHandler                   0x0800022b   Thumb Code     0  startup_stm32f767xx.o(.text)
    DMA1_Stream0_IRQHandler                  0x0800022b   Thumb Code     0  startup_stm32f767xx.o(.text)
    DMA1_Stream1_IRQHandler                  0x0800022b   Thumb Code     0  startup_stm32f767xx.o(.text)
    DMA1_Stream2_IRQHandler                  0x0800022b   Thumb Code     0  startup_stm32f767xx.o(.text)
    DMA1_Stream3_IRQHandler                  0x0800022b   Thumb Code     0  startup_stm32f767xx.o(.text)
    DMA1_Stream4_IRQHandler                  0x0800022b   Thumb Code     0  startup_stm32f767xx.o(.text)
    DMA1_Stream5_IRQHandler                  0x0800022b   Thumb Code     0  startup_stm32f767xx.o(.text)
    DMA1_Stream6_IRQHandler                  0x0800022b   Thumb Code     0  startup_stm32f767xx.o(.text)
    DMA1_Stream7_IRQHandler                  0x0800022b   Thumb Code     0  startup_stm32f767xx.o(.text)
    DMA2D_IRQHandler                         0x0800022b   Thumb Code     0  startup_stm32f767xx.o(.text)
    DMA2_Stream0_IRQHandler                  0x0800022b   Thumb Code     0  startup_stm32f767xx.o(.text)
    DMA2_Stream1_IRQHandler                  0x0800022b   Thumb Code     0  startup_stm32f767xx.o(.text)
    DMA2_Stream2_IRQHandler                  0x0800022b   Thumb Code     0  startup_stm32f767xx.o(.text)
    DMA2_Stream3_IRQHandler                  0x0800022b   Thumb Code     0  startup_stm32f767xx.o(.text)
    DMA2_Stream4_IRQHandler                  0x0800022b   Thumb Code     0  startup_stm32f767xx.o(.text)
    DMA2_Stream5_IRQHandler                  0x0800022b   Thumb Code     0  startup_stm32f767xx.o(.text)
    DMA2_Stream6_IRQHandler                  0x0800022b   Thumb Code     0  startup_stm32f767xx.o(.text)
    DMA2_Stream7_IRQHandler                  0x0800022b   Thumb Code     0  startup_stm32f767xx.o(.text)
    ETH_IRQHandler                           0x0800022b   Thumb Code     0  startup_stm32f767xx.o(.text)
    ETH_WKUP_IRQHandler                      0x0800022b   Thumb Code     0  startup_stm32f767xx.o(.text)
    EXTI0_IRQHandler                         0x0800022b   Thumb Code     0  startup_stm32f767xx.o(.text)
    EXTI15_10_IRQHandler                     0x0800022b   Thumb Code     0  startup_stm32f767xx.o(.text)
    EXTI1_IRQHandler                         0x0800022b   Thumb Code     0  startup_stm32f767xx.o(.text)
    EXTI2_IRQHandler                         0x0800022b   Thumb Code     0  startup_stm32f767xx.o(.text)
    EXTI3_IRQHandler                         0x0800022b   Thumb Code     0  startup_stm32f767xx.o(.text)
    EXTI4_IRQHandler                         0x0800022b   Thumb Code     0  startup_stm32f767xx.o(.text)
    EXTI9_5_IRQHandler                       0x0800022b   Thumb Code     0  startup_stm32f767xx.o(.text)
    FLASH_IRQHandler                         0x0800022b   Thumb Code     0  startup_stm32f767xx.o(.text)
    FMC_IRQHandler                           0x0800022b   Thumb Code     0  startup_stm32f767xx.o(.text)
    FPU_IRQHandler                           0x0800022b   Thumb Code     0  startup_stm32f767xx.o(.text)
    I2C1_ER_IRQHandler                       0x0800022b   Thumb Code     0  startup_stm32f767xx.o(.text)
    I2C1_EV_IRQHandler                       0x0800022b   Thumb Code     0  startup_stm32f767xx.o(.text)
    I2C2_ER_IRQHandler                       0x0800022b   Thumb Code     0  startup_stm32f767xx.o(.text)
    I2C2_EV_IRQHandler                       0x0800022b   Thumb Code     0  startup_stm32f767xx.o(.text)
    I2C3_ER_IRQHandler                       0x0800022b   Thumb Code     0  startup_stm32f767xx.o(.text)
    I2C3_EV_IRQHandler                       0x0800022b   Thumb Code     0  startup_stm32f767xx.o(.text)
    I2C4_ER_IRQHandler                       0x0800022b   Thumb Code     0  startup_stm32f767xx.o(.text)
    I2C4_EV_IRQHandler                       0x0800022b   Thumb Code     0  startup_stm32f767xx.o(.text)
    JPEG_IRQHandler                          0x0800022b   Thumb Code     0  startup_stm32f767xx.o(.text)
    LPTIM1_IRQHandler                        0x0800022b   Thumb Code     0  startup_stm32f767xx.o(.text)
    LTDC_ER_IRQHandler                       0x0800022b   Thumb Code     0  startup_stm32f767xx.o(.text)
    LTDC_IRQHandler                          0x0800022b   Thumb Code     0  startup_stm32f767xx.o(.text)
    MDIOS_IRQHandler                         0x0800022b   Thumb Code     0  startup_stm32f767xx.o(.text)
    OTG_FS_IRQHandler                        0x0800022b   Thumb Code     0  startup_stm32f767xx.o(.text)
    OTG_FS_WKUP_IRQHandler                   0x0800022b   Thumb Code     0  startup_stm32f767xx.o(.text)
    OTG_HS_EP1_IN_IRQHandler                 0x0800022b   Thumb Code     0  startup_stm32f767xx.o(.text)
    OTG_HS_EP1_OUT_IRQHandler                0x0800022b   Thumb Code     0  startup_stm32f767xx.o(.text)
    OTG_HS_IRQHandler                        0x0800022b   Thumb Code     0  startup_stm32f767xx.o(.text)
    OTG_HS_WKUP_IRQHandler                   0x0800022b   Thumb Code     0  startup_stm32f767xx.o(.text)
    PVD_IRQHandler                           0x0800022b   Thumb Code     0  startup_stm32f767xx.o(.text)
    QUADSPI_IRQHandler                       0x0800022b   Thumb Code     0  startup_stm32f767xx.o(.text)
    RCC_IRQHandler                           0x0800022b   Thumb Code     0  startup_stm32f767xx.o(.text)
    RNG_IRQHandler                           0x0800022b   Thumb Code     0  startup_stm32f767xx.o(.text)
    RTC_Alarm_IRQHandler                     0x0800022b   Thumb Code     0  startup_stm32f767xx.o(.text)
    RTC_WKUP_IRQHandler                      0x0800022b   Thumb Code     0  startup_stm32f767xx.o(.text)
    SAI1_IRQHandler                          0x0800022b   Thumb Code     0  startup_stm32f767xx.o(.text)
    SAI2_IRQHandler                          0x0800022b   Thumb Code     0  startup_stm32f767xx.o(.text)
    SDMMC1_IRQHandler                        0x0800022b   Thumb Code     0  startup_stm32f767xx.o(.text)
    SDMMC2_IRQHandler                        0x0800022b   Thumb Code     0  startup_stm32f767xx.o(.text)
    SPDIF_RX_IRQHandler                      0x0800022b   Thumb Code     0  startup_stm32f767xx.o(.text)
    SPI1_IRQHandler                          0x0800022b   Thumb Code     0  startup_stm32f767xx.o(.text)
    SPI2_IRQHandler                          0x0800022b   Thumb Code     0  startup_stm32f767xx.o(.text)
    SPI3_IRQHandler                          0x0800022b   Thumb Code     0  startup_stm32f767xx.o(.text)
    SPI4_IRQHandler                          0x0800022b   Thumb Code     0  startup_stm32f767xx.o(.text)
    SPI5_IRQHandler                          0x0800022b   Thumb Code     0  startup_stm32f767xx.o(.text)
    SPI6_IRQHandler                          0x0800022b   Thumb Code     0  startup_stm32f767xx.o(.text)
    TAMP_STAMP_IRQHandler                    0x0800022b   Thumb Code     0  startup_stm32f767xx.o(.text)
    TIM1_BRK_TIM9_IRQHandler                 0x0800022b   Thumb Code     0  startup_stm32f767xx.o(.text)
    TIM1_CC_IRQHandler                       0x0800022b   Thumb Code     0  startup_stm32f767xx.o(.text)
    TIM1_TRG_COM_TIM11_IRQHandler            0x0800022b   Thumb Code     0  startup_stm32f767xx.o(.text)
    TIM1_UP_TIM10_IRQHandler                 0x0800022b   Thumb Code     0  startup_stm32f767xx.o(.text)
    TIM5_IRQHandler                          0x0800022b   Thumb Code     0  startup_stm32f767xx.o(.text)
    TIM6_DAC_IRQHandler                      0x0800022b   Thumb Code     0  startup_stm32f767xx.o(.text)
    TIM7_IRQHandler                          0x0800022b   Thumb Code     0  startup_stm32f767xx.o(.text)
    TIM8_BRK_TIM12_IRQHandler                0x0800022b   Thumb Code     0  startup_stm32f767xx.o(.text)
    TIM8_CC_IRQHandler                       0x0800022b   Thumb Code     0  startup_stm32f767xx.o(.text)
    TIM8_TRG_COM_TIM14_IRQHandler            0x0800022b   Thumb Code     0  startup_stm32f767xx.o(.text)
    TIM8_UP_TIM13_IRQHandler                 0x0800022b   Thumb Code     0  startup_stm32f767xx.o(.text)
    UART4_IRQHandler                         0x0800022b   Thumb Code     0  startup_stm32f767xx.o(.text)
    UART5_IRQHandler                         0x0800022b   Thumb Code     0  startup_stm32f767xx.o(.text)
    UART7_IRQHandler                         0x0800022b   Thumb Code     0  startup_stm32f767xx.o(.text)
    UART8_IRQHandler                         0x0800022b   Thumb Code     0  startup_stm32f767xx.o(.text)
    USART1_IRQHandler                        0x0800022b   Thumb Code     0  startup_stm32f767xx.o(.text)
    USART2_IRQHandler                        0x0800022b   Thumb Code     0  startup_stm32f767xx.o(.text)
    USART3_IRQHandler                        0x0800022b   Thumb Code     0  startup_stm32f767xx.o(.text)
    USART6_IRQHandler                        0x0800022b   Thumb Code     0  startup_stm32f767xx.o(.text)
    WWDG_IRQHandler                          0x0800022b   Thumb Code     0  startup_stm32f767xx.o(.text)
    __aeabi_uldivmod                         0x08000235   Thumb Code    98  uldiv.o(.text)
    __aeabi_memcpy                           0x08000297   Thumb Code    36  memcpya.o(.text)
    __aeabi_memcpy4                          0x08000297   Thumb Code     0  memcpya.o(.text)
    __aeabi_memcpy8                          0x08000297   Thumb Code     0  memcpya.o(.text)
    __aeabi_memset                           0x080002bb   Thumb Code    14  memseta.o(.text)
    __aeabi_memset4                          0x080002bb   Thumb Code     0  memseta.o(.text)
    __aeabi_memset8                          0x080002bb   Thumb Code     0  memseta.o(.text)
    __aeabi_memclr                           0x080002c9   Thumb Code     4  memseta.o(.text)
    __aeabi_memclr4                          0x080002c9   Thumb Code     0  memseta.o(.text)
    __aeabi_memclr8                          0x080002c9   Thumb Code     0  memseta.o(.text)
    _memset$wrapper                          0x080002cd   Thumb Code    18  memseta.o(.text)
    strlen                                   0x080002df   Thumb Code    14  strlen.o(.text)
    __aeabi_uidiv                            0x080002ed   Thumb Code     0  uidiv.o(.text)
    __aeabi_uidivmod                         0x080002ed   Thumb Code    44  uidiv.o(.text)
    __aeabi_llsl                             0x08000319   Thumb Code    30  llshl.o(.text)
    _ll_shift_l                              0x08000319   Thumb Code     0  llshl.o(.text)
    __aeabi_llsr                             0x08000337   Thumb Code    32  llushr.o(.text)
    _ll_ushift_r                             0x08000337   Thumb Code     0  llushr.o(.text)
    __I$use$fp                               0x08000357   Thumb Code     0  iusefp.o(.text)
    __aeabi_dadd                             0x08000357   Thumb Code   322  dadd.o(.text)
    __aeabi_dsub                             0x08000499   Thumb Code     6  dadd.o(.text)
    __aeabi_drsub                            0x0800049f   Thumb Code     6  dadd.o(.text)
    __aeabi_dmul                             0x080004a5   Thumb Code   228  dmul.o(.text)
    __aeabi_ddiv                             0x08000589   Thumb Code   222  ddiv.o(.text)
    __aeabi_d2ulz                            0x08000667   Thumb Code    48  dfixul.o(.text)
    __aeabi_cdrcmple                         0x08000699   Thumb Code    48  cdrcmple.o(.text)
    __scatterload                            0x080006c9   Thumb Code    28  init.o(.text)
    __scatterload_rt2                        0x080006c9   Thumb Code     0  init.o(.text)
    __aeabi_lasr                             0x080006ed   Thumb Code    36  llsshr.o(.text)
    _ll_sshift_r                             0x080006ed   Thumb Code     0  llsshr.o(.text)
    _double_round                            0x08000711   Thumb Code    30  depilogue.o(.text)
    _double_epilogue                         0x0800072f   Thumb Code   156  depilogue.o(.text)
    __decompress                             0x080007cb   Thumb Code     0  __dczerorl2.o(.text)
    __decompress1                            0x080007cb   Thumb Code    86  __dczerorl2.o(.text)
    Accelerometer_Read                       0x08000821   Thumb Code    38  device.o(i.Accelerometer_Read)
    AlarmPopup_Page                          0x08000855   Thumb Code   126  display.o(i.AlarmPopup_Page)
    Alarm_Page                               0x080008f5   Thumb Code   248  display.o(i.Alarm_Page)
    BusFault_Handler                         0x08000a19   Thumb Code     2  stm32f7xx_it.o(i.BusFault_Handler)
    Clock_Page                               0x08000a1d   Thumb Code   116  display.o(i.Clock_Page)
    Core_Init                                0x08000aa5   Thumb Code    40  core.o(i.Core_Init)
    DebugMon_Handler                         0x08000aed   Thumb Code     2  stm32f7xx_it.o(i.DebugMon_Handler)
    Device_Init                              0x08000af1   Thumb Code    14  device.o(i.Device_Init)
    Display_Init                             0x08000b05   Thumb Code    36  display.o(i.Display_Init)
    Draw_BottomNavBar                        0x08000b31   Thumb Code   256  display.o(i.Draw_BottomNavBar)
    Draw_Button                              0x08000c55   Thumb Code   154  display.o(i.Draw_Button)
    Draw_Clock                               0x08000cf1   Thumb Code    42  display.o(i.Draw_Clock)
    Draw_Clock_Sec                           0x08000d25   Thumb Code    42  display.o(i.Draw_Clock_Sec)
    Draw_Custom_Clock                        0x08000d59   Thumb Code    46  display.o(i.Draw_Custom_Clock)
    Draw_Custom_Clock_Sec                    0x08000d95   Thumb Code    50  display.o(i.Draw_Custom_Clock_Sec)
    Draw_ToggleSW                            0x08000dd9   Thumb Code   386  display.o(i.Draw_ToggleSW)
    Draw_TopBar                              0x08000f71   Thumb Code    52  display.o(i.Draw_TopBar)
    Draw_TopButton                           0x08000fb9   Thumb Code    92  display.o(i.Draw_TopButton)
    Error_Handler                            0x0800101d   Thumb Code     4  main.o(i.Error_Handler)
    FATFS_LinkDriver                         0x08001021   Thumb Code     6  ff_gen_drv.o(i.FATFS_LinkDriver)
    FATFS_LinkDriverEx                       0x08001029   Thumb Code    68  ff_gen_drv.o(i.FATFS_LinkDriverEx)
    HAL_Delay                                0x08001071   Thumb Code    32  stm32f7xx_hal.o(i.HAL_Delay)
    HAL_GPIO_Init                            0x08001095   Thumb Code   420  stm32f7xx_hal_gpio.o(i.HAL_GPIO_Init)
    HAL_GPIO_ReadPin                         0x0800126d   Thumb Code    10  stm32f7xx_hal_gpio.o(i.HAL_GPIO_ReadPin)
    HAL_GPIO_WritePin                        0x08001277   Thumb Code    10  stm32f7xx_hal_gpio.o(i.HAL_GPIO_WritePin)
    HAL_GetTick                              0x08001281   Thumb Code     6  stm32f7xx_hal.o(i.HAL_GetTick)
    HAL_I2CEx_ConfigAnalogFilter             0x0800128d   Thumb Code    88  stm32f7xx_hal_i2c_ex.o(i.HAL_I2CEx_ConfigAnalogFilter)
    HAL_I2CEx_ConfigDigitalFilter            0x080012e5   Thumb Code    84  stm32f7xx_hal_i2c_ex.o(i.HAL_I2CEx_ConfigDigitalFilter)
    HAL_I2C_Init                             0x08001339   Thumb Code   180  stm32f7xx_hal_i2c.o(i.HAL_I2C_Init)
    HAL_I2C_Mem_Read                         0x080013f1   Thumb Code   346  stm32f7xx_hal_i2c.o(i.HAL_I2C_Mem_Read)
    HAL_I2C_Mem_Write                        0x08001555   Thumb Code   340  stm32f7xx_hal_i2c.o(i.HAL_I2C_Mem_Write)
    HAL_I2C_MspInit                          0x080016ad   Thumb Code    88  i2c.o(i.HAL_I2C_MspInit)
    HAL_I2S_Init                             0x08001711   Thumb Code   288  stm32f7xx_hal_i2s.o(i.HAL_I2S_Init)
    HAL_I2S_MspInit                          0x08001841   Thumb Code   126  i2s.o(i.HAL_I2S_MspInit)
    HAL_IncTick                              0x080018d1   Thumb Code    12  stm32f7xx_hal.o(i.HAL_IncTick)
    HAL_Init                                 0x080018e1   Thumb Code    22  stm32f7xx_hal.o(i.HAL_Init)
    HAL_InitTick                             0x080018f9   Thumb Code    54  stm32f7xx_hal.o(i.HAL_InitTick)
    HAL_MspInit                              0x08001939   Thumb Code    42  stm32f7xx_hal_msp.o(i.HAL_MspInit)
    HAL_NVIC_EnableIRQ                       0x08001969   Thumb Code    26  stm32f7xx_hal_cortex.o(i.HAL_NVIC_EnableIRQ)
    HAL_NVIC_SetPriority                     0x08001985   Thumb Code    60  stm32f7xx_hal_cortex.o(i.HAL_NVIC_SetPriority)
    HAL_NVIC_SetPriorityGrouping             0x080019c5   Thumb Code    28  stm32f7xx_hal_cortex.o(i.HAL_NVIC_SetPriorityGrouping)
    HAL_PWREx_EnableOverDrive                0x080019e9   Thumb Code   100  stm32f7xx_hal_pwr_ex.o(i.HAL_PWREx_EnableOverDrive)
    HAL_PWR_EnableBkUpAccess                 0x08001a55   Thumb Code    12  stm32f7xx_hal_pwr.o(i.HAL_PWR_EnableBkUpAccess)
    HAL_RCCEx_PeriphCLKConfig                0x08001a65   Thumb Code  1336  stm32f7xx_hal_rcc_ex.o(i.HAL_RCCEx_PeriphCLKConfig)
    HAL_RCC_ClockConfig                      0x08001fa1   Thumb Code   284  stm32f7xx_hal_rcc.o(i.HAL_RCC_ClockConfig)
    HAL_RCC_GetPCLK1Freq                     0x080020d1   Thumb Code    20  stm32f7xx_hal_rcc.o(i.HAL_RCC_GetPCLK1Freq)
    HAL_RCC_GetPCLK2Freq                     0x080020f1   Thumb Code    20  stm32f7xx_hal_rcc.o(i.HAL_RCC_GetPCLK2Freq)
    HAL_RCC_GetSysClockFreq                  0x08002111   Thumb Code    88  stm32f7xx_hal_rcc.o(i.HAL_RCC_GetSysClockFreq)
    HAL_RCC_OscConfig                        0x08002171   Thumb Code   906  stm32f7xx_hal_rcc.o(i.HAL_RCC_OscConfig)
    HAL_RNG_Init                             0x08002509   Thumb Code    50  stm32f7xx_hal_rng.o(i.HAL_RNG_Init)
    HAL_RNG_MspInit                          0x0800253d   Thumb Code    30  rng.o(i.HAL_RNG_MspInit)
    HAL_SPI_Init                             0x08002565   Thumb Code   242  stm32f7xx_hal_spi.o(i.HAL_SPI_Init)
    HAL_SPI_MspInit                          0x08002659   Thumb Code   168  spi.o(i.HAL_SPI_MspInit)
    HAL_SPI_Transmit                         0x08002719   Thumb Code   390  stm32f7xx_hal_spi.o(i.HAL_SPI_Transmit)
    HAL_SPI_TransmitReceive                  0x0800289f   Thumb Code   608  stm32f7xx_hal_spi.o(i.HAL_SPI_TransmitReceive)
    HAL_SYSTICK_Config                       0x08002aff   Thumb Code    38  stm32f7xx_hal_cortex.o(i.HAL_SYSTICK_Config)
    HAL_TIMEx_Break2Callback                 0x08002b25   Thumb Code     2  stm32f7xx_hal_tim_ex.o(i.HAL_TIMEx_Break2Callback)
    HAL_TIMEx_BreakCallback                  0x08002b27   Thumb Code     2  stm32f7xx_hal_tim_ex.o(i.HAL_TIMEx_BreakCallback)
    HAL_TIMEx_CommutCallback                 0x08002b29   Thumb Code     2  stm32f7xx_hal_tim_ex.o(i.HAL_TIMEx_CommutCallback)
    HAL_TIMEx_MasterConfigSynchronization    0x08002b2d   Thumb Code   134  stm32f7xx_hal_tim_ex.o(i.HAL_TIMEx_MasterConfigSynchronization)
    HAL_TIM_Base_Init                        0x08002bd1   Thumb Code    98  stm32f7xx_hal_tim.o(i.HAL_TIM_Base_Init)
    HAL_TIM_Base_MspInit                     0x08002c35   Thumb Code   146  tim.o(i.HAL_TIM_Base_MspInit)
    HAL_TIM_Base_Start_IT                    0x08002cdd   Thumb Code   106  stm32f7xx_hal_tim.o(i.HAL_TIM_Base_Start_IT)
    HAL_TIM_ConfigClockSource                0x08002d69   Thumb Code   214  stm32f7xx_hal_tim.o(i.HAL_TIM_ConfigClockSource)
    HAL_TIM_IC_CaptureCallback               0x08002e45   Thumb Code     2  stm32f7xx_hal_tim.o(i.HAL_TIM_IC_CaptureCallback)
    HAL_TIM_IRQHandler                       0x08002e47   Thumb Code   386  stm32f7xx_hal_tim.o(i.HAL_TIM_IRQHandler)
    HAL_TIM_MspPostInit                      0x08002fc9   Thumb Code    68  tim.o(i.HAL_TIM_MspPostInit)
    HAL_TIM_OC_DelayElapsedCallback          0x08003019   Thumb Code     2  stm32f7xx_hal_tim.o(i.HAL_TIM_OC_DelayElapsedCallback)
    HAL_TIM_PWM_ConfigChannel                0x0800301b   Thumb Code   286  stm32f7xx_hal_tim.o(i.HAL_TIM_PWM_ConfigChannel)
    HAL_TIM_PWM_Init                         0x08003139   Thumb Code    98  stm32f7xx_hal_tim.o(i.HAL_TIM_PWM_Init)
    HAL_TIM_PWM_MspInit                      0x0800319d   Thumb Code    30  tim.o(i.HAL_TIM_PWM_MspInit)
    HAL_TIM_PWM_PulseFinishedCallback        0x080031c5   Thumb Code     2  stm32f7xx_hal_tim.o(i.HAL_TIM_PWM_PulseFinishedCallback)
    HAL_TIM_PWM_Start                        0x080031c9   Thumb Code   216  stm32f7xx_hal_tim.o(i.HAL_TIM_PWM_Start)
    HAL_TIM_PeriodElapsedCallback            0x080032c1   Thumb Code     2  stm32f7xx_hal_tim.o(i.HAL_TIM_PeriodElapsedCallback)
    HAL_TIM_TriggerCallback                  0x080032c3   Thumb Code     2  stm32f7xx_hal_tim.o(i.HAL_TIM_TriggerCallback)
    HAL_UART_Init                            0x080032c5   Thumb Code   102  stm32f7xx_hal_uart.o(i.HAL_UART_Init)
    HAL_UART_MspInit                         0x0800332d   Thumb Code    88  usart.o(i.HAL_UART_MspInit)
    HAL_UART_Transmit                        0x08003391   Thumb Code   184  stm32f7xx_hal_uart.o(i.HAL_UART_Transmit)
    HardFault_Handler                        0x08003449   Thumb Code     2  stm32f7xx_it.o(i.HardFault_Handler)
    Home_Page                                0x0800344d   Thumb Code   170  display.o(i.Home_Page)
    ILI9341_Draw_Char                        0x080037c1   Thumb Code   164  ili9341_gfx.o(i.ILI9341_Draw_Char)
    ILI9341_Draw_Colour_Burst                0x08003869   Thumb Code   154  ili9341_stm32_driver.o(i.ILI9341_Draw_Colour_Burst)
    ILI9341_Draw_Filled_Rectangle_Coord      0x0800390d   Thumb Code    52  ili9341_gfx.o(i.ILI9341_Draw_Filled_Rectangle_Coord)
    ILI9341_Draw_Pixel                       0x08003941   Thumb Code   332  ili9341_stm32_driver.o(i.ILI9341_Draw_Pixel)
    ILI9341_Draw_Rectangle                   0x08003a99   Thumb Code    90  ili9341_stm32_driver.o(i.ILI9341_Draw_Rectangle)
    ILI9341_Draw_Text                        0x08003af9   Thumb Code    54  ili9341_gfx.o(i.ILI9341_Draw_Text)
    ILI9341_Enable                           0x08003b31   Thumb Code    10  ili9341_stm32_driver.o(i.ILI9341_Enable)
    ILI9341_Fill_Screen                      0x08003b41   Thumb Code    34  ili9341_stm32_driver.o(i.ILI9341_Fill_Screen)
    ILI9341_Init                             0x08003b69   Thumb Code   536  ili9341_stm32_driver.o(i.ILI9341_Init)
    ILI9341_Reset                            0x08003d81   Thumb Code    54  ili9341_stm32_driver.o(i.ILI9341_Reset)
    ILI9341_SPI_Init                         0x08003dbd   Thumb Code    26  ili9341_stm32_driver.o(i.ILI9341_SPI_Init)
    ILI9341_SPI_Send                         0x08003ddd   Thumb Code    16  ili9341_stm32_driver.o(i.ILI9341_SPI_Send)
    ILI9341_Set_Address                      0x08003df1   Thumb Code    82  ili9341_stm32_driver.o(i.ILI9341_Set_Address)
    ILI9341_Set_Rotation                     0x08003e45   Thumb Code    76  ili9341_stm32_driver.o(i.ILI9341_Set_Rotation)
    ILI9341_Write_Command                    0x08003e95   Thumb Code    50  ili9341_stm32_driver.o(i.ILI9341_Write_Command)
    ILI9341_Write_Data                       0x08003ecd   Thumb Code    48  ili9341_stm32_driver.o(i.ILI9341_Write_Data)
    Idle_Page                                0x08003f01   Thumb Code    50  display.o(i.Idle_Page)
    Kalman_getAngle                          0x08003f3d   Thumb Code   162  mpu6050.o(i.Kalman_getAngle)
    MPU6050_Init                             0x08003fdf   Thumb Code   146  mpu6050.o(i.MPU6050_Init)
    MPU6050_Read_All                         0x08004071   Thumb Code   516  mpu6050.o(i.MPU6050_Read_All)
    MX_FATFS_Init                            0x080042c1   Thumb Code    16  fatfs.o(i.MX_FATFS_Init)
    MX_GPIO_Init                             0x080042dd   Thumb Code   486  gpio.o(i.MX_GPIO_Init)
    MX_I2C1_Init                             0x080044e1   Thumb Code    76  i2c.o(i.MX_I2C1_Init)
    MX_I2S2_Init                             0x08004539   Thumb Code    50  i2s.o(i.MX_I2S2_Init)
    MX_RNG_Init                              0x08004575   Thumb Code    28  rng.o(i.MX_RNG_Init)
    MX_SPI1_Init                             0x08004599   Thumb Code    70  spi.o(i.MX_SPI1_Init)
    MX_SPI5_Init                             0x080045e9   Thumb Code    66  spi.o(i.MX_SPI5_Init)
    MX_TIM1_Init                             0x08004635   Thumb Code    98  tim.o(i.MX_TIM1_Init)
    MX_TIM2_Init                             0x080046a1   Thumb Code    96  tim.o(i.MX_TIM2_Init)
    MX_TIM3_Init                             0x08004705   Thumb Code    94  tim.o(i.MX_TIM3_Init)
    MX_TIM4_Init                             0x0800476d   Thumb Code    94  tim.o(i.MX_TIM4_Init)
    MX_TIM5_Init                             0x080047d5   Thumb Code   106  tim.o(i.MX_TIM5_Init)
    MX_USART3_UART_Init                      0x08004849   Thumb Code    52  usart.o(i.MX_USART3_UART_Init)
    MemManage_Handler                        0x08004885   Thumb Code     2  stm32f7xx_it.o(i.MemManage_Handler)
    Music_Load                               0x08004889   Thumb Code    12  device.o(i.Music_Load)
    Music_Next                               0x080048a9   Thumb Code     2  device.o(i.Music_Next)
    Music_Page                               0x080048ad   Thumb Code   254  display.o(i.Music_Page)
    Music_Pause                              0x080049dd   Thumb Code    12  device.o(i.Music_Pause)
    Music_Play                               0x080049ed   Thumb Code    26  device.o(i.Music_Play)
    Music_Prev                               0x08004a0d   Thumb Code     2  device.o(i.Music_Prev)
    NMI_Handler                              0x08004a0f   Thumb Code     2  stm32f7xx_it.o(i.NMI_Handler)
    PendSV_Handler                           0x08004a11   Thumb Code     2  stm32f7xx_it.o(i.PendSV_Handler)
    SD_disk_initialize                       0x08004bb1   Thumb Code   298  fatfs_sd.o(i.SD_disk_initialize)
    SD_disk_ioctl                            0x08004ce1   Thumb Code   322  fatfs_sd.o(i.SD_disk_ioctl)
    SD_disk_read                             0x08004e29   Thumb Code   146  fatfs_sd.o(i.SD_disk_read)
    SD_disk_status                           0x08004ec1   Thumb Code    12  fatfs_sd.o(i.SD_disk_status)
    SD_disk_write                            0x08004ed1   Thumb Code   178  fatfs_sd.o(i.SD_disk_write)
    SVC_Handler                              0x080051d5   Thumb Code     2  stm32f7xx_it.o(i.SVC_Handler)
    Settings_Page                            0x080051d9   Thumb Code   290  display.o(i.Settings_Page)
    Stopwatch_Page                           0x08005339   Thumb Code   334  display.o(i.Stopwatch_Page)
    Stopwatch_Pause                          0x080054c9   Thumb Code    12  device.o(i.Stopwatch_Pause)
    Stopwatch_Reset                          0x080054d9   Thumb Code    28  device.o(i.Stopwatch_Reset)
    Stopwatch_Start                          0x080054fd   Thumb Code    50  device.o(i.Stopwatch_Start)
    SysTick_Handler                          0x0800553d   Thumb Code     4  stm32f7xx_it.o(i.SysTick_Handler)
    SystemClock_Config                       0x08005541   Thumb Code   202  main.o(i.SystemClock_Config)
    SystemInit                               0x08005619   Thumb Code    12  system_stm32f7xx.o(i.SystemInit)
    TIM2_IRQHandler                          0x08005629   Thumb Code    18  stm32f7xx_it.o(i.TIM2_IRQHandler)
    TIM3_IRQHandler                          0x08005645   Thumb Code    18  stm32f7xx_it.o(i.TIM3_IRQHandler)
    TIM4_IRQHandler                          0x08005661   Thumb Code    18  stm32f7xx_it.o(i.TIM4_IRQHandler)
    TIM_Base_SetConfig                       0x0800567d   Thumb Code   158  stm32f7xx_hal_tim.o(i.TIM_Base_SetConfig)
    TIM_CCxChannelCmd                        0x08005749   Thumb Code    26  stm32f7xx_hal_tim.o(i.TIM_CCxChannelCmd)
    TIM_ETR_SetConfig                        0x08005763   Thumb Code    18  stm32f7xx_hal_tim.o(i.TIM_ETR_SetConfig)
    TIM_OC2_SetConfig                        0x080057f9   Thumb Code   108  stm32f7xx_hal_tim.o(i.TIM_OC2_SetConfig)
    TP_Read                                  0x08005a39   Thumb Code    68  ili9341_touchscreen.o(i.TP_Read)
    TP_Read_Coordinates                      0x08005a81   Thumb Code   228  ili9341_touchscreen.o(i.TP_Read_Coordinates)
    TP_Touchpad_Pressed                      0x08005b71   Thumb Code    20  ili9341_touchscreen.o(i.TP_Touchpad_Pressed)
    TP_Write                                 0x08005b89   Thumb Code    70  ili9341_touchscreen.o(i.TP_Write)
    TimerPopup_Page                          0x08005bd5   Thumb Code   102  display.o(i.TimerPopup_Page)
    Timer_Page                               0x08005c5d   Thumb Code   580  display.o(i.Timer_Page)
    Timer_Pause                              0x08005ef9   Thumb Code    12  device.o(i.Timer_Pause)
    Timer_Reset                              0x08005f09   Thumb Code    28  device.o(i.Timer_Reset)
    Timer_Start                              0x08005f2d   Thumb Code    78  device.o(i.Timer_Start)
    UART_AdvFeatureConfig                    0x08005f95   Thumb Code   200  stm32f7xx_hal_uart.o(i.UART_AdvFeatureConfig)
    UART_CheckIdleState                      0x0800605d   Thumb Code    92  stm32f7xx_hal_uart.o(i.UART_CheckIdleState)
    UART_Log                                 0x080060b9   Thumb Code    40  device.o(i.UART_Log)
    UART_SetConfig                           0x080060e9   Thumb Code   518  stm32f7xx_hal_uart.o(i.UART_SetConfig)
    UART_WaitOnFlagUntilTimeout              0x0800631d   Thumb Code   164  stm32f7xx_hal_uart.o(i.UART_WaitOnFlagUntilTimeout)
    USER_initialize                          0x080063c1   Thumb Code     4  user_diskio.o(i.USER_initialize)
    USER_ioctl                               0x080063c5   Thumb Code     4  user_diskio.o(i.USER_ioctl)
    USER_read                                0x080063c9   Thumb Code     4  user_diskio.o(i.USER_read)
    USER_status                              0x080063cd   Thumb Code     4  user_diskio.o(i.USER_status)
    USER_write                               0x080063d1   Thumb Code     4  user_diskio.o(i.USER_write)
    UsageFault_Handler                       0x080063d5   Thumb Code     2  stm32f7xx_it.o(i.UsageFault_Handler)
    __0sprintf                               0x080063d9   Thumb Code    34  printfa.o(i.__0sprintf)
    __1sprintf                               0x080063d9   Thumb Code     0  printfa.o(i.__0sprintf)
    __2sprintf                               0x080063d9   Thumb Code     0  printfa.o(i.__0sprintf)
    __c89sprintf                             0x080063d9   Thumb Code     0  printfa.o(i.__0sprintf)
    sprintf                                  0x080063d9   Thumb Code     0  printfa.o(i.__0sprintf)
    __ARM_fpclassify                         0x08006401   Thumb Code    48  fpclassify.o(i.__ARM_fpclassify)
    __hardfp_atan                            0x08006459   Thumb Code   402  atan.o(i.__hardfp_atan)
    __hardfp_atan2                           0x08006659   Thumb Code   392  atan2.o(i.__hardfp_atan2)
    __hardfp_sqrt                            0x08006821   Thumb Code   102  sqrt.o(i.__hardfp_sqrt)
    __kernel_poly                            0x08006887   Thumb Code   112  poly.o(i.__kernel_poly)
    __mathlib_dbl_infnan                     0x080068f7   Thumb Code     6  dunder.o(i.__mathlib_dbl_infnan)
    __mathlib_dbl_infnan2                    0x080068fd   Thumb Code     6  dunder.o(i.__mathlib_dbl_infnan2)
    __mathlib_dbl_underflow                  0x08006909   Thumb Code    10  dunder.o(i.__mathlib_dbl_underflow)
    __scatterload_copy                       0x08006921   Thumb Code    14  handlers.o(i.__scatterload_copy)
    __scatterload_null                       0x0800692f   Thumb Code     2  handlers.o(i.__scatterload_null)
    __scatterload_zeroinit                   0x08006931   Thumb Code    14  handlers.o(i.__scatterload_zeroinit)
    __set_errno                              0x08006941   Thumb Code     6  errno.o(i.__set_errno)
    atan                                     0x080071e1   Thumb Code    16  atan.o(i.atan)
    changePage                               0x080071f1   Thumb Code    14  display.o(i.changePage)
    checkAlarmClock                          0x08007205   Thumb Code    34  device.o(i.checkAlarmClock)
    checkAutoSleepWake                       0x0800722d   Thumb Code    78  device.o(i.checkAutoSleepWake)
    checkMainClock                           0x08007299   Thumb Code    62  device.o(i.checkMainClock)
    checkTouchPadTarget                      0x080072e1   Thumb Code   120  display.o(i.checkTouchPadTarget)
    displayScreen                            0x08007361   Thumb Code   196  display.o(i.displayScreen)
    fabs                                     0x0800742d   Thumb Code    24  fabs.o(i.fabs)
    free                                     0x08007445   Thumb Code    76  malloc.o(i.free)
    isClockUpdated                           0x08007495   Thumb Code    52  display.o(i.isClockUpdated)
    isSleeping                               0x080074d1   Thumb Code    26  display.o(i.isSleeping)
    isWaking                                 0x080074f5   Thumb Code    26  display.o(i.isWaking)
    main                                     0x08007519   Thumb Code   230  main.o(i.main)
    malloc                                   0x08007621   Thumb Code    92  malloc.o(i.malloc)
    setBrightness                            0x0800768d   Thumb Code   260  display.o(i.setBrightness)
    textWraping                              0x080077a5   Thumb Code    60  display.o(i.textWraping)
    updateScreen                             0x080077f5   Thumb Code    26  display.o(i.updateScreen)
    updateScreenComplete                     0x08007819   Thumb Code    10  display.o(i.updateScreenComplete)
    updateStopwatch                          0x08007829   Thumb Code    72  device.o(i.updateStopwatch)
    updateTimer                              0x0800787d   Thumb Code    94  device.o(i.updateTimer)
    AHBPrescTable                            0x08007b2c   Data          16  system_stm32f7xx.o(.constdata)
    APBPrescTable                            0x08007b3c   Data           8  system_stm32f7xx.o(.constdata)
    __mathlib_zero                           0x08007c30   Data           8  qnan.o(.constdata)
    Region$$Table$$Base                      0x08007c38   Number         0  anon$$obj.o(Region$$Table)
    Region$$Table$$Limit                     0x08007c58   Number         0  anon$$obj.o(Region$$Table)
    LCD_HEIGHT                               0x20000000   Data           2  ili9341_stm32_driver.o(.data)
    LCD_WIDTH                                0x20000002   Data           2  ili9341_stm32_driver.o(.data)
    displayParams                            0x20000004   Data           4  main.o(.data)
    count2                                   0x20000008   Data           4  main.o(.data)
    count3                                   0x2000000c   Data           4  main.o(.data)
    count4                                   0x20000010   Data           4  main.o(.data)
    uwTickFreq                               0x20000014   Data           1  stm32f7xx_hal.o(.data)
    uwTickPrio                               0x20000018   Data           4  stm32f7xx_hal.o(.data)
    uwTick                                   0x2000001c   Data           4  stm32f7xx_hal.o(.data)
    SystemCoreClock                          0x20000020   Data           4  system_stm32f7xx.o(.data)
    alarmEdit                                0x20000024   Data           1  display.o(.data)
    editTimer                                0x20000025   Data           1  display.o(.data)
    timerSubpage                             0x20000026   Data           1  display.o(.data)
    StopwatchSubpage                         0x20000027   Data           1  display.o(.data)
    prevDrawHour                             0x20000028   Data           1  display.o(.data)
    prevDrawMin                              0x20000029   Data           1  display.o(.data)
    prevDrawSec                              0x2000002a   Data           1  display.o(.data)
    prevIsIdle                               0x2000002c   Data           4  display.o(.data)
    Color                                    0x20000030   Data          16  display.o(.data)
    DisplayParams_Default                    0x20000040   Data           4  core.o(.data)
    deviceParamsPtr                          0x20000044   Data           4  core.o(.data)
    displayParamsPtr                         0x20000048   Data           4  core.o(.data)
    DeviceParams_Default                     0x20000050   Data         272  core.o(.data)
    timer                                    0x20000160   Data           4  mpu6050.o(.data)
    KalmanX                                  0x20000168   Data          72  mpu6050.o(.data)
    KalmanY                                  0x200001b0   Data          72  mpu6050.o(.data)
    USER_Driver                              0x200001f8   Data          20  user_diskio.o(.data)
    retUSER                                  0x2000020c   Data           1  fatfs.o(.data)
    USERPath                                 0x2000020d   Data           4  fatfs.o(.data)
    Timer1                                   0x20000216   Data           2  fatfs_sd.o(.data)
    Timer2                                   0x20000218   Data           2  fatfs_sd.o(.data)
    __microlib_freelist                      0x2000021c   Data           4  mvars.o(.data)
    __microlib_freelist_initialised          0x20000220   Data           4  mvars.o(.data)
    deviceParams                             0x20000228   Data         272  main.o(.bss)
    hi2c1                                    0x20000338   Data          76  i2c.o(.bss)
    hi2s2                                    0x20000384   Data          64  i2s.o(.bss)
    hrng                                     0x200003c4   Data          16  rng.o(.bss)
    hspi1                                    0x200003d4   Data         100  spi.o(.bss)
    hspi5                                    0x20000438   Data         100  spi.o(.bss)
    htim1                                    0x2000049c   Data          76  tim.o(.bss)
    htim2                                    0x200004e8   Data          76  tim.o(.bss)
    htim3                                    0x20000534   Data          76  tim.o(.bss)
    htim4                                    0x20000580   Data          76  tim.o(.bss)
    htim5                                    0x200005cc   Data          76  tim.o(.bss)
    huart3                                   0x20000618   Data         132  usart.o(.bss)
    Clear_Time                               0x2000069c   Data          12  device.o(.bss)
    prevTimer                                0x200006a8   Data          12  display.o(.bss)
    prevStopwatch                            0x200006b4   Data          12  display.o(.bss)
    targetRect                               0x200006c0   Data         160  display.o(.bss)
    disk                                     0x20000760   Data          12  ff_gen_drv.o(.bss)
    __heap_base                              0x20000770   Data           0  startup_stm32f767xx.o(HEAP)
    __heap_limit                             0x20000970   Data           0  startup_stm32f767xx.o(HEAP)
    __initial_sp                             0x20000d70   Data           0  startup_stm32f767xx.o(STACK)



==============================================================================

Memory Map of the image

  Image Entry point : 0x080001f9

  Load Region LR_IROM1 (Base: 0x08000000, Size: 0x00007e80, Max: 0x00200000, ABSOLUTE, COMPRESSED[0x00007ca8])

    Execution Region ER_IROM1 (Exec base: 0x08000000, Load base: 0x08000000, Size: 0x00007c58, Max: 0x00200000, ABSOLUTE)

    Exec Addr    Load Addr    Size         Type   Attr      Idx    E Section Name        Object

    0x08000000   0x08000000   0x000001f8   Data   RO            3    RESET               startup_stm32f767xx.o
    0x080001f8   0x080001f8   0x00000000   Code   RO         5976  * .ARM.Collect$$$$00000000  mc_w.l(entry.o)
    0x080001f8   0x080001f8   0x00000004   Code   RO         6303    .ARM.Collect$$$$00000001  mc_w.l(entry2.o)
    0x080001fc   0x080001fc   0x00000004   Code   RO         6306    .ARM.Collect$$$$00000004  mc_w.l(entry5.o)
    0x08000200   0x08000200   0x00000000   Code   RO         6308    .ARM.Collect$$$$00000008  mc_w.l(entry7b.o)
    0x08000200   0x08000200   0x00000000   Code   RO         6310    .ARM.Collect$$$$0000000A  mc_w.l(entry8b.o)
    0x08000200   0x08000200   0x00000008   Code   RO         6311    .ARM.Collect$$$$0000000B  mc_w.l(entry9a.o)
    0x08000208   0x08000208   0x00000004   Code   RO         6318    .ARM.Collect$$$$0000000E  mc_w.l(entry12b.o)
    0x0800020c   0x0800020c   0x00000000   Code   RO         6313    .ARM.Collect$$$$0000000F  mc_w.l(entry10a.o)
    0x0800020c   0x0800020c   0x00000000   Code   RO         6315    .ARM.Collect$$$$00000011  mc_w.l(entry11a.o)
    0x0800020c   0x0800020c   0x00000004   Code   RO         6304    .ARM.Collect$$$$00002712  mc_w.l(entry2.o)
    0x08000210   0x08000210   0x00000024   Code   RO            4    .text               startup_stm32f767xx.o
    0x08000234   0x08000234   0x00000062   Code   RO         5979    .text               mc_w.l(uldiv.o)
    0x08000296   0x08000296   0x00000024   Code   RO         5981    .text               mc_w.l(memcpya.o)
    0x080002ba   0x080002ba   0x00000024   Code   RO         5983    .text               mc_w.l(memseta.o)
    0x080002de   0x080002de   0x0000000e   Code   RO         5985    .text               mc_w.l(strlen.o)
    0x080002ec   0x080002ec   0x0000002c   Code   RO         6322    .text               mc_w.l(uidiv.o)
    0x08000318   0x08000318   0x0000001e   Code   RO         6324    .text               mc_w.l(llshl.o)
    0x08000336   0x08000336   0x00000020   Code   RO         6326    .text               mc_w.l(llushr.o)
    0x08000356   0x08000356   0x00000000   Code   RO         6337    .text               mc_w.l(iusefp.o)
    0x08000356   0x08000356   0x0000014e   Code   RO         6338    .text               mf_w.l(dadd.o)
    0x080004a4   0x080004a4   0x000000e4   Code   RO         6340    .text               mf_w.l(dmul.o)
    0x08000588   0x08000588   0x000000de   Code   RO         6342    .text               mf_w.l(ddiv.o)
    0x08000666   0x08000666   0x00000030   Code   RO         6344    .text               mf_w.l(dfixul.o)
    0x08000696   0x08000696   0x00000002   PAD
    0x08000698   0x08000698   0x00000030   Code   RO         6346    .text               mf_w.l(cdrcmple.o)
    0x080006c8   0x080006c8   0x00000024   Code   RO         6348    .text               mc_w.l(init.o)
    0x080006ec   0x080006ec   0x00000024   Code   RO         6351    .text               mc_w.l(llsshr.o)
    0x08000710   0x08000710   0x000000ba   Code   RO         6354    .text               mf_w.l(depilogue.o)
    0x080007ca   0x080007ca   0x00000056   Code   RO         6364    .text               mc_w.l(__dczerorl2.o)
    0x08000820   0x08000820   0x00000034   Code   RO         4756    i.Accelerometer_Read  device.o
    0x08000854   0x08000854   0x000000a0   Code   RO         4898    i.AlarmPopup_Page   display.o
    0x080008f4   0x080008f4   0x00000124   Code   RO         4899    i.Alarm_Page        display.o
    0x08000a18   0x08000a18   0x00000002   Code   RO          802    i.BusFault_Handler  stm32f7xx_it.o
    0x08000a1a   0x08000a1a   0x00000002   PAD
    0x08000a1c   0x08000a1c   0x00000088   Code   RO         4900    i.Clock_Page        display.o
    0x08000aa4   0x08000aa4   0x0000002c   Code   RO         5109    i.Core_Init         core.o
    0x08000ad0   0x08000ad0   0x0000001c   Code   RO         5840    i.DESELECT          fatfs_sd.o
    0x08000aec   0x08000aec   0x00000002   Code   RO          803    i.DebugMon_Handler  stm32f7xx_it.o
    0x08000aee   0x08000aee   0x00000002   PAD
    0x08000af0   0x08000af0   0x00000014   Code   RO         4757    i.Device_Init       device.o
    0x08000b04   0x08000b04   0x0000002c   Code   RO         4901    i.Display_Init      display.o
    0x08000b30   0x08000b30   0x00000124   Code   RO         4902    i.Draw_BottomNavBar  display.o
    0x08000c54   0x08000c54   0x0000009a   Code   RO         4903    i.Draw_Button       display.o
    0x08000cee   0x08000cee   0x00000002   PAD
    0x08000cf0   0x08000cf0   0x00000034   Code   RO         4904    i.Draw_Clock        display.o
    0x08000d24   0x08000d24   0x00000034   Code   RO         4905    i.Draw_Clock_Sec    display.o
    0x08000d58   0x08000d58   0x0000003c   Code   RO         4906    i.Draw_Custom_Clock  display.o
    0x08000d94   0x08000d94   0x00000044   Code   RO         4907    i.Draw_Custom_Clock_Sec  display.o
    0x08000dd8   0x08000dd8   0x00000198   Code   RO         4908    i.Draw_ToggleSW     display.o
    0x08000f70   0x08000f70   0x00000048   Code   RO         4909    i.Draw_TopBar       display.o
    0x08000fb8   0x08000fb8   0x00000064   Code   RO         4910    i.Draw_TopButton    display.o
    0x0800101c   0x0800101c   0x00000004   Code   RO          367    i.Error_Handler     main.o
    0x08001020   0x08001020   0x00000006   Code   RO         5734    i.FATFS_LinkDriver  ff_gen_drv.o
    0x08001026   0x08001026   0x00000002   PAD
    0x08001028   0x08001028   0x00000048   Code   RO         5735    i.FATFS_LinkDriverEx  ff_gen_drv.o
    0x08001070   0x08001070   0x00000024   Code   RO         1835    i.HAL_Delay         stm32f7xx_hal.o
    0x08001094   0x08001094   0x000001d8   Code   RO         1402    i.HAL_GPIO_Init     stm32f7xx_hal_gpio.o
    0x0800126c   0x0800126c   0x0000000a   Code   RO         1404    i.HAL_GPIO_ReadPin  stm32f7xx_hal_gpio.o
    0x08001276   0x08001276   0x0000000a   Code   RO         1406    i.HAL_GPIO_WritePin  stm32f7xx_hal_gpio.o
    0x08001280   0x08001280   0x0000000c   Code   RO         1845    i.HAL_GetTick       stm32f7xx_hal.o
    0x0800128c   0x0800128c   0x00000058   Code   RO         2500    i.HAL_I2CEx_ConfigAnalogFilter  stm32f7xx_hal_i2c_ex.o
    0x080012e4   0x080012e4   0x00000054   Code   RO         2501    i.HAL_I2CEx_ConfigDigitalFilter  stm32f7xx_hal_i2c_ex.o
    0x08001338   0x08001338   0x000000b8   Code   RO         2049    i.HAL_I2C_Init      stm32f7xx_hal_i2c.o
    0x080013f0   0x080013f0   0x00000164   Code   RO         2067    i.HAL_I2C_Mem_Read  stm32f7xx_hal_i2c.o
    0x08001554   0x08001554   0x00000158   Code   RO         2070    i.HAL_I2C_Mem_Write  stm32f7xx_hal_i2c.o
    0x080016ac   0x080016ac   0x00000064   Code   RO          503    i.HAL_I2C_MspInit   i2c.o
    0x08001710   0x08001710   0x00000130   Code   RO         2622    i.HAL_I2S_Init      stm32f7xx_hal_i2s.o
    0x08001840   0x08001840   0x00000090   Code   RO          545    i.HAL_I2S_MspInit   i2s.o
    0x080018d0   0x080018d0   0x00000010   Code   RO         1851    i.HAL_IncTick       stm32f7xx_hal.o
    0x080018e0   0x080018e0   0x00000016   Code   RO         1852    i.HAL_Init          stm32f7xx_hal.o
    0x080018f6   0x080018f6   0x00000002   PAD
    0x080018f8   0x080018f8   0x00000040   Code   RO         1853    i.HAL_InitTick      stm32f7xx_hal.o
    0x08001938   0x08001938   0x00000030   Code   RO          896    i.HAL_MspInit       stm32f7xx_hal_msp.o
    0x08001968   0x08001968   0x0000001a   Code   RO          925    i.HAL_NVIC_EnableIRQ  stm32f7xx_hal_cortex.o
    0x08001982   0x08001982   0x00000002   PAD
    0x08001984   0x08001984   0x00000040   Code   RO          931    i.HAL_NVIC_SetPriority  stm32f7xx_hal_cortex.o
    0x080019c4   0x080019c4   0x00000024   Code   RO          932    i.HAL_NVIC_SetPriorityGrouping  stm32f7xx_hal_cortex.o
    0x080019e8   0x080019e8   0x0000006c   Code   RO         1742    i.HAL_PWREx_EnableOverDrive  stm32f7xx_hal_pwr_ex.o
    0x08001a54   0x08001a54   0x00000010   Code   RO         1619    i.HAL_PWR_EnableBkUpAccess  stm32f7xx_hal_pwr.o
    0x08001a64   0x08001a64   0x0000053c   Code   RO         1163    i.HAL_RCCEx_PeriphCLKConfig  stm32f7xx_hal_rcc_ex.o
    0x08001fa0   0x08001fa0   0x00000130   Code   RO         1056    i.HAL_RCC_ClockConfig  stm32f7xx_hal_rcc.o
    0x080020d0   0x080020d0   0x00000020   Code   RO         1063    i.HAL_RCC_GetPCLK1Freq  stm32f7xx_hal_rcc.o
    0x080020f0   0x080020f0   0x00000020   Code   RO         1064    i.HAL_RCC_GetPCLK2Freq  stm32f7xx_hal_rcc.o
    0x08002110   0x08002110   0x00000060   Code   RO         1065    i.HAL_RCC_GetSysClockFreq  stm32f7xx_hal_rcc.o
    0x08002170   0x08002170   0x00000398   Code   RO         1068    i.HAL_RCC_OscConfig  stm32f7xx_hal_rcc.o
    0x08002508   0x08002508   0x00000032   Code   RO         2797    i.HAL_RNG_Init      stm32f7xx_hal_rng.o
    0x0800253a   0x0800253a   0x00000002   PAD
    0x0800253c   0x0800253c   0x00000028   Code   RO          587    i.HAL_RNG_MspInit   rng.o
    0x08002564   0x08002564   0x000000f2   Code   RO         2901    i.HAL_SPI_Init      stm32f7xx_hal_spi.o
    0x08002656   0x08002656   0x00000002   PAD
    0x08002658   0x08002658   0x000000c0   Code   RO          629    i.HAL_SPI_MspInit   spi.o
    0x08002718   0x08002718   0x00000186   Code   RO         2909    i.HAL_SPI_Transmit  stm32f7xx_hal_spi.o
    0x0800289e   0x0800289e   0x00000260   Code   RO         2910    i.HAL_SPI_TransmitReceive  stm32f7xx_hal_spi.o
    0x08002afe   0x08002afe   0x00000026   Code   RO          936    i.HAL_SYSTICK_Config  stm32f7xx_hal_cortex.o
    0x08002b24   0x08002b24   0x00000002   Code   RO         3957    i.HAL_TIMEx_Break2Callback  stm32f7xx_hal_tim_ex.o
    0x08002b26   0x08002b26   0x00000002   Code   RO         3958    i.HAL_TIMEx_BreakCallback  stm32f7xx_hal_tim_ex.o
    0x08002b28   0x08002b28   0x00000002   Code   RO         3959    i.HAL_TIMEx_CommutCallback  stm32f7xx_hal_tim_ex.o
    0x08002b2a   0x08002b2a   0x00000002   PAD
    0x08002b2c   0x08002b2c   0x000000a4   Code   RO         3979    i.HAL_TIMEx_MasterConfigSynchronization  stm32f7xx_hal_tim_ex.o
    0x08002bd0   0x08002bd0   0x00000062   Code   RO         3243    i.HAL_TIM_Base_Init  stm32f7xx_hal_tim.o
    0x08002c32   0x08002c32   0x00000002   PAD
    0x08002c34   0x08002c34   0x000000a8   Code   RO          677    i.HAL_TIM_Base_MspInit  tim.o
    0x08002cdc   0x08002cdc   0x0000008c   Code   RO         3248    i.HAL_TIM_Base_Start_IT  stm32f7xx_hal_tim.o
    0x08002d68   0x08002d68   0x000000dc   Code   RO         3252    i.HAL_TIM_ConfigClockSource  stm32f7xx_hal_tim.o
    0x08002e44   0x08002e44   0x00000002   Code   RO         3277    i.HAL_TIM_IC_CaptureCallback  stm32f7xx_hal_tim.o
    0x08002e46   0x08002e46   0x00000182   Code   RO         3291    i.HAL_TIM_IRQHandler  stm32f7xx_hal_tim.o
    0x08002fc8   0x08002fc8   0x00000050   Code   RO          678    i.HAL_TIM_MspPostInit  tim.o
    0x08003018   0x08003018   0x00000002   Code   RO         3294    i.HAL_TIM_OC_DelayElapsedCallback  stm32f7xx_hal_tim.o
    0x0800301a   0x0800301a   0x0000011e   Code   RO         3315    i.HAL_TIM_PWM_ConfigChannel  stm32f7xx_hal_tim.o
    0x08003138   0x08003138   0x00000062   Code   RO         3318    i.HAL_TIM_PWM_Init  stm32f7xx_hal_tim.o
    0x0800319a   0x0800319a   0x00000002   PAD
    0x0800319c   0x0800319c   0x00000028   Code   RO          680    i.HAL_TIM_PWM_MspInit  tim.o
    0x080031c4   0x080031c4   0x00000002   Code   RO         3321    i.HAL_TIM_PWM_PulseFinishedCallback  stm32f7xx_hal_tim.o
    0x080031c6   0x080031c6   0x00000002   PAD
    0x080031c8   0x080031c8   0x000000f8   Code   RO         3323    i.HAL_TIM_PWM_Start  stm32f7xx_hal_tim.o
    0x080032c0   0x080032c0   0x00000002   Code   RO         3329    i.HAL_TIM_PeriodElapsedCallback  stm32f7xx_hal_tim.o
    0x080032c2   0x080032c2   0x00000002   Code   RO         3334    i.HAL_TIM_TriggerCallback  stm32f7xx_hal_tim.o
    0x080032c4   0x080032c4   0x00000066   Code   RO         4272    i.HAL_UART_Init     stm32f7xx_hal_uart.o
    0x0800332a   0x0800332a   0x00000002   PAD
    0x0800332c   0x0800332c   0x00000064   Code   RO          761    i.HAL_UART_MspInit  usart.o
    0x08003390   0x08003390   0x000000b8   Code   RO         4281    i.HAL_UART_Transmit  stm32f7xx_hal_uart.o
    0x08003448   0x08003448   0x00000002   Code   RO          804    i.HardFault_Handler  stm32f7xx_it.o
    0x0800344a   0x0800344a   0x00000002   PAD
    0x0800344c   0x0800344c   0x000000d8   Code   RO         4911    i.Home_Page         display.o
    0x08003524   0x08003524   0x00000022   Code   RO         2096    i.I2C_Flush_TXDR    stm32f7xx_hal_i2c.o
    0x08003546   0x08003546   0x00000002   PAD
    0x08003548   0x08003548   0x00000088   Code   RO         2104    i.I2C_IsAcknowledgeFailed  stm32f7xx_hal_i2c.o
    0x080035d0   0x080035d0   0x00000064   Code   RO         2107    i.I2C_RequestMemoryRead  stm32f7xx_hal_i2c.o
    0x08003634   0x08003634   0x00000064   Code   RO         2108    i.I2C_RequestMemoryWrite  stm32f7xx_hal_i2c.o
    0x08003698   0x08003698   0x0000002c   Code   RO         2111    i.I2C_TransferConfig  stm32f7xx_hal_i2c.o
    0x080036c4   0x080036c4   0x0000005a   Code   RO         2113    i.I2C_WaitOnFlagUntilTimeout  stm32f7xx_hal_i2c.o
    0x0800371e   0x0800371e   0x0000004e   Code   RO         2115    i.I2C_WaitOnSTOPFlagUntilTimeout  stm32f7xx_hal_i2c.o
    0x0800376c   0x0800376c   0x00000052   Code   RO         2116    i.I2C_WaitOnTXISFlagUntilTimeout  stm32f7xx_hal_i2c.o
    0x080037be   0x080037be   0x00000002   PAD
    0x080037c0   0x080037c0   0x000000a8   Code   RO           13    i.ILI9341_Draw_Char  ili9341_gfx.o
    0x08003868   0x08003868   0x000000a4   Code   RO          204    i.ILI9341_Draw_Colour_Burst  ili9341_stm32_driver.o
    0x0800390c   0x0800390c   0x00000034   Code   RO           15    i.ILI9341_Draw_Filled_Rectangle_Coord  ili9341_gfx.o
    0x08003940   0x08003940   0x00000158   Code   RO          206    i.ILI9341_Draw_Pixel  ili9341_stm32_driver.o
    0x08003a98   0x08003a98   0x00000060   Code   RO          207    i.ILI9341_Draw_Rectangle  ili9341_stm32_driver.o
    0x08003af8   0x08003af8   0x00000036   Code   RO           19    i.ILI9341_Draw_Text  ili9341_gfx.o
    0x08003b2e   0x08003b2e   0x00000002   PAD
    0x08003b30   0x08003b30   0x00000010   Code   RO          209    i.ILI9341_Enable    ili9341_stm32_driver.o
    0x08003b40   0x08003b40   0x00000028   Code   RO          210    i.ILI9341_Fill_Screen  ili9341_stm32_driver.o
    0x08003b68   0x08003b68   0x00000218   Code   RO          211    i.ILI9341_Init      ili9341_stm32_driver.o
    0x08003d80   0x08003d80   0x0000003c   Code   RO          212    i.ILI9341_Reset     ili9341_stm32_driver.o
    0x08003dbc   0x08003dbc   0x00000020   Code   RO          213    i.ILI9341_SPI_Init  ili9341_stm32_driver.o
    0x08003ddc   0x08003ddc   0x00000014   Code   RO          214    i.ILI9341_SPI_Send  ili9341_stm32_driver.o
    0x08003df0   0x08003df0   0x00000052   Code   RO          215    i.ILI9341_Set_Address  ili9341_stm32_driver.o
    0x08003e42   0x08003e42   0x00000002   PAD
    0x08003e44   0x08003e44   0x00000050   Code   RO          216    i.ILI9341_Set_Rotation  ili9341_stm32_driver.o
    0x08003e94   0x08003e94   0x00000038   Code   RO          217    i.ILI9341_Write_Command  ili9341_stm32_driver.o
    0x08003ecc   0x08003ecc   0x00000034   Code   RO          218    i.ILI9341_Write_Data  ili9341_stm32_driver.o
    0x08003f00   0x08003f00   0x0000003c   Code   RO         4912    i.Idle_Page         display.o
    0x08003f3c   0x08003f3c   0x000000a2   Code   RO         5136    i.Kalman_getAngle   mpu6050.o
    0x08003fde   0x08003fde   0x00000092   Code   RO         5137    i.MPU6050_Init      mpu6050.o
    0x08004070   0x08004070   0x00000250   Code   RO         5139    i.MPU6050_Read_All  mpu6050.o
    0x080042c0   0x080042c0   0x0000001c   Code   RO         5259    i.MX_FATFS_Init     fatfs.o
    0x080042dc   0x080042dc   0x00000204   Code   RO          478    i.MX_GPIO_Init      gpio.o
    0x080044e0   0x080044e0   0x00000058   Code   RO          504    i.MX_I2C1_Init      i2c.o
    0x08004538   0x08004538   0x0000003c   Code   RO          546    i.MX_I2S2_Init      i2s.o
    0x08004574   0x08004574   0x00000024   Code   RO          588    i.MX_RNG_Init       rng.o
    0x08004598   0x08004598   0x00000050   Code   RO          630    i.MX_SPI1_Init      spi.o
    0x080045e8   0x080045e8   0x0000004c   Code   RO          631    i.MX_SPI5_Init      spi.o
    0x08004634   0x08004634   0x0000006c   Code   RO          681    i.MX_TIM1_Init      tim.o
    0x080046a0   0x080046a0   0x00000064   Code   RO          682    i.MX_TIM2_Init      tim.o
    0x08004704   0x08004704   0x00000068   Code   RO          683    i.MX_TIM3_Init      tim.o
    0x0800476c   0x0800476c   0x00000068   Code   RO          684    i.MX_TIM4_Init      tim.o
    0x080047d4   0x080047d4   0x00000074   Code   RO          685    i.MX_TIM5_Init      tim.o
    0x08004848   0x08004848   0x0000003c   Code   RO          762    i.MX_USART3_UART_Init  usart.o
    0x08004884   0x08004884   0x00000002   Code   RO          805    i.MemManage_Handler  stm32f7xx_it.o
    0x08004886   0x08004886   0x00000002   PAD
    0x08004888   0x08004888   0x00000020   Code   RO         4758    i.Music_Load        device.o
    0x080048a8   0x080048a8   0x00000002   Code   RO         4759    i.Music_Next        device.o
    0x080048aa   0x080048aa   0x00000002   PAD
    0x080048ac   0x080048ac   0x00000130   Code   RO         4913    i.Music_Page        display.o
    0x080049dc   0x080049dc   0x00000010   Code   RO         4760    i.Music_Pause       device.o
    0x080049ec   0x080049ec   0x00000020   Code   RO         4761    i.Music_Play        device.o
    0x08004a0c   0x08004a0c   0x00000002   Code   RO         4762    i.Music_Prev        device.o
    0x08004a0e   0x08004a0e   0x00000002   Code   RO          806    i.NMI_Handler       stm32f7xx_it.o
    0x08004a10   0x08004a10   0x00000002   Code   RO          807    i.PendSV_Handler    stm32f7xx_it.o
    0x08004a12   0x08004a12   0x00000002   PAD
    0x08004a14   0x08004a14   0x00000070   Code   RO         5841    i.SD_PowerOn        fatfs_sd.o
    0x08004a84   0x08004a84   0x00000020   Code   RO         5842    i.SD_ReadyWait      fatfs_sd.o
    0x08004aa4   0x08004aa4   0x00000044   Code   RO         5843    i.SD_RxDataBlock    fatfs_sd.o
    0x08004ae8   0x08004ae8   0x0000006e   Code   RO         5844    i.SD_SendCmd        fatfs_sd.o
    0x08004b56   0x08004b56   0x0000005a   Code   RO         5845    i.SD_TxDataBlock    fatfs_sd.o
    0x08004bb0   0x08004bb0   0x00000130   Code   RO         5846    i.SD_disk_initialize  fatfs_sd.o
    0x08004ce0   0x08004ce0   0x00000148   Code   RO         5847    i.SD_disk_ioctl     fatfs_sd.o
    0x08004e28   0x08004e28   0x00000098   Code   RO         5848    i.SD_disk_read      fatfs_sd.o
    0x08004ec0   0x08004ec0   0x00000010   Code   RO         5849    i.SD_disk_status    fatfs_sd.o
    0x08004ed0   0x08004ed0   0x000000b8   Code   RO         5850    i.SD_disk_write     fatfs_sd.o
    0x08004f88   0x08004f88   0x0000001c   Code   RO         5851    i.SELECT            fatfs_sd.o
    0x08004fa4   0x08004fa4   0x00000048   Code   RO         2939    i.SPI_EndRxTxTransaction  stm32f7xx_hal_spi.o
    0x08004fec   0x08004fec   0x0000002c   Code   RO         5852    i.SPI_RxByte        fatfs_sd.o
    0x08005018   0x08005018   0x0000001c   Code   RO         5853    i.SPI_TxBuffer      fatfs_sd.o
    0x08005034   0x08005034   0x00000020   Code   RO         5854    i.SPI_TxByte        fatfs_sd.o
    0x08005054   0x08005054   0x000000c8   Code   RO         2944    i.SPI_WaitFifoStateUntilTimeout  stm32f7xx_hal_spi.o
    0x0800511c   0x0800511c   0x000000b8   Code   RO         2945    i.SPI_WaitFlagStateUntilTimeout  stm32f7xx_hal_spi.o
    0x080051d4   0x080051d4   0x00000002   Code   RO          808    i.SVC_Handler       stm32f7xx_it.o
    0x080051d6   0x080051d6   0x00000002   PAD
    0x080051d8   0x080051d8   0x00000160   Code   RO         4914    i.Settings_Page     display.o
    0x08005338   0x08005338   0x00000190   Code   RO         4915    i.Stopwatch_Page    display.o
    0x080054c8   0x080054c8   0x00000010   Code   RO         4764    i.Stopwatch_Pause   device.o
    0x080054d8   0x080054d8   0x00000024   Code   RO         4765    i.Stopwatch_Reset   device.o
    0x080054fc   0x080054fc   0x00000040   Code   RO         4766    i.Stopwatch_Start   device.o
    0x0800553c   0x0800553c   0x00000004   Code   RO          809    i.SysTick_Handler   stm32f7xx_it.o
    0x08005540   0x08005540   0x000000d8   Code   RO          368    i.SystemClock_Config  main.o
    0x08005618   0x08005618   0x00000010   Code   RO         4719    i.SystemInit        system_stm32f7xx.o
    0x08005628   0x08005628   0x0000001c   Code   RO          810    i.TIM2_IRQHandler   stm32f7xx_it.o
    0x08005644   0x08005644   0x0000001c   Code   RO          811    i.TIM3_IRQHandler   stm32f7xx_it.o
    0x08005660   0x08005660   0x0000001c   Code   RO          812    i.TIM4_IRQHandler   stm32f7xx_it.o
    0x0800567c   0x0800567c   0x000000cc   Code   RO         3336    i.TIM_Base_SetConfig  stm32f7xx_hal_tim.o
    0x08005748   0x08005748   0x0000001a   Code   RO         3337    i.TIM_CCxChannelCmd  stm32f7xx_hal_tim.o
    0x08005762   0x08005762   0x00000012   Code   RO         3347    i.TIM_ETR_SetConfig  stm32f7xx_hal_tim.o
    0x08005774   0x08005774   0x00000010   Code   RO         3348    i.TIM_ITRx_SetConfig  stm32f7xx_hal_tim.o
    0x08005784   0x08005784   0x00000074   Code   RO         3349    i.TIM_OC1_SetConfig  stm32f7xx_hal_tim.o
    0x080057f8   0x080057f8   0x00000078   Code   RO         3350    i.TIM_OC2_SetConfig  stm32f7xx_hal_tim.o
    0x08005870   0x08005870   0x00000078   Code   RO         3351    i.TIM_OC3_SetConfig  stm32f7xx_hal_tim.o
    0x080058e8   0x080058e8   0x00000058   Code   RO         3352    i.TIM_OC4_SetConfig  stm32f7xx_hal_tim.o
    0x08005940   0x08005940   0x00000058   Code   RO         3353    i.TIM_OC5_SetConfig  stm32f7xx_hal_tim.o
    0x08005998   0x08005998   0x00000058   Code   RO         3354    i.TIM_OC6_SetConfig  stm32f7xx_hal_tim.o
    0x080059f0   0x080059f0   0x00000022   Code   RO         3356    i.TIM_TI1_ConfigInputStage  stm32f7xx_hal_tim.o
    0x08005a12   0x08005a12   0x00000024   Code   RO         3358    i.TIM_TI2_ConfigInputStage  stm32f7xx_hal_tim.o
    0x08005a36   0x08005a36   0x00000002   PAD
    0x08005a38   0x08005a38   0x00000048   Code   RO          319    i.TP_Read           ili9341_touchscreen.o
    0x08005a80   0x08005a80   0x000000f0   Code   RO          320    i.TP_Read_Coordinates  ili9341_touchscreen.o
    0x08005b70   0x08005b70   0x00000018   Code   RO          321    i.TP_Touchpad_Pressed  ili9341_touchscreen.o
    0x08005b88   0x08005b88   0x0000004c   Code   RO          322    i.TP_Write          ili9341_touchscreen.o
    0x08005bd4   0x08005bd4   0x00000088   Code   RO         4916    i.TimerPopup_Page   display.o
    0x08005c5c   0x08005c5c   0x0000029c   Code   RO         4917    i.Timer_Page        display.o
    0x08005ef8   0x08005ef8   0x00000010   Code   RO         4767    i.Timer_Pause       device.o
    0x08005f08   0x08005f08   0x00000024   Code   RO         4768    i.Timer_Reset       device.o
    0x08005f2c   0x08005f2c   0x00000068   Code   RO         4769    i.Timer_Start       device.o
    0x08005f94   0x08005f94   0x000000c8   Code   RO         4286    i.UART_AdvFeatureConfig  stm32f7xx_hal_uart.o
    0x0800605c   0x0800605c   0x0000005c   Code   RO         4287    i.UART_CheckIdleState  stm32f7xx_hal_uart.o
    0x080060b8   0x080060b8   0x00000030   Code   RO         4770    i.UART_Log          device.o
    0x080060e8   0x080060e8   0x00000234   Code   RO         4302    i.UART_SetConfig    stm32f7xx_hal_uart.o
    0x0800631c   0x0800631c   0x000000a4   Code   RO         4307    i.UART_WaitOnFlagUntilTimeout  stm32f7xx_hal_uart.o
    0x080063c0   0x080063c0   0x00000004   Code   RO         5199    i.USER_initialize   user_diskio.o
    0x080063c4   0x080063c4   0x00000004   Code   RO         5200    i.USER_ioctl        user_diskio.o
    0x080063c8   0x080063c8   0x00000004   Code   RO         5201    i.USER_read         user_diskio.o
    0x080063cc   0x080063cc   0x00000004   Code   RO         5202    i.USER_status       user_diskio.o
    0x080063d0   0x080063d0   0x00000004   Code   RO         5203    i.USER_write        user_diskio.o
    0x080063d4   0x080063d4   0x00000002   Code   RO          813    i.UsageFault_Handler  stm32f7xx_it.o
    0x080063d6   0x080063d6   0x00000002   PAD
    0x080063d8   0x080063d8   0x00000028   Code   RO         6224    i.__0sprintf        mc_w.l(printfa.o)
    0x08006400   0x08006400   0x00000030   Code   RO         6298    i.__ARM_fpclassify  m_wv.l(fpclassify.o)
    0x08006430   0x08006430   0x00000022   Code   RO          938    i.__NVIC_SetPriority  stm32f7xx_hal_cortex.o
    0x08006452   0x08006452   0x00000006   PAD
    0x08006458   0x08006458   0x00000200   Code   RO         5938    i.__hardfp_atan     m_wv.l(atan.o)
    0x08006658   0x08006658   0x000001c8   Code   RO         5952    i.__hardfp_atan2    m_wv.l(atan2.o)
    0x08006820   0x08006820   0x00000066   Code   RO         5964    i.__hardfp_sqrt     m_wv.l(sqrt.o)
    0x08006886   0x08006886   0x00000070   Code   RO         6300    i.__kernel_poly     m_wv.l(poly.o)
    0x080068f6   0x080068f6   0x00000006   Code   RO         6279    i.__mathlib_dbl_infnan  m_wv.l(dunder.o)
    0x080068fc   0x080068fc   0x00000006   Code   RO         6280    i.__mathlib_dbl_infnan2  m_wv.l(dunder.o)
    0x08006902   0x08006902   0x00000006   PAD
    0x08006908   0x08006908   0x00000018   Code   RO         6284    i.__mathlib_dbl_underflow  m_wv.l(dunder.o)
    0x08006920   0x08006920   0x0000000e   Code   RO         6358    i.__scatterload_copy  mc_w.l(handlers.o)
    0x0800692e   0x0800692e   0x00000002   Code   RO         6359    i.__scatterload_null  mc_w.l(handlers.o)
    0x08006930   0x08006930   0x0000000e   Code   RO         6360    i.__scatterload_zeroinit  mc_w.l(handlers.o)
    0x0800693e   0x0800693e   0x00000002   PAD
    0x08006940   0x08006940   0x0000000c   Code   RO         6332    i.__set_errno       mc_w.l(errno.o)
    0x0800694c   0x0800694c   0x00000184   Code   RO         6229    i._fp_digits        mc_w.l(printfa.o)
    0x08006ad0   0x08006ad0   0x000006b4   Code   RO         6230    i._printf_core      mc_w.l(printfa.o)
    0x08007184   0x08007184   0x00000024   Code   RO         6231    i._printf_post_padding  mc_w.l(printfa.o)
    0x080071a8   0x080071a8   0x0000002e   Code   RO         6232    i._printf_pre_padding  mc_w.l(printfa.o)
    0x080071d6   0x080071d6   0x0000000a   Code   RO         6234    i._sputc            mc_w.l(printfa.o)
    0x080071e0   0x080071e0   0x00000010   Code   RO         5940    i.atan              m_wv.l(atan.o)
    0x080071f0   0x080071f0   0x00000014   Code   RO         4918    i.changePage        display.o
    0x08007204   0x08007204   0x00000028   Code   RO         4771    i.checkAlarmClock   device.o
    0x0800722c   0x0800722c   0x0000006c   Code   RO         4772    i.checkAutoSleepWake  device.o
    0x08007298   0x08007298   0x00000048   Code   RO         4773    i.checkMainClock    device.o
    0x080072e0   0x080072e0   0x00000080   Code   RO         4919    i.checkTouchPadTarget  display.o
    0x08007360   0x08007360   0x000000cc   Code   RO         4921    i.displayScreen     display.o
    0x0800742c   0x0800742c   0x00000018   Code   RO         6294    i.fabs              m_wv.l(fabs.o)
    0x08007444   0x08007444   0x00000050   Code   RO         6250    i.free              mc_w.l(malloc.o)
    0x08007494   0x08007494   0x0000003c   Code   RO         4922    i.isClockUpdated    display.o
    0x080074d0   0x080074d0   0x00000024   Code   RO         4923    i.isSleeping        display.o
    0x080074f4   0x080074f4   0x00000024   Code   RO         4924    i.isWaking          display.o
    0x08007518   0x08007518   0x00000108   Code   RO          369    i.main              main.o
    0x08007620   0x08007620   0x0000006c   Code   RO         6251    i.malloc            mc_w.l(malloc.o)
    0x0800768c   0x0800768c   0x00000118   Code   RO         4925    i.setBrightness     display.o
    0x080077a4   0x080077a4   0x00000050   Code   RO         4926    i.textWraping       display.o
    0x080077f4   0x080077f4   0x00000024   Code   RO         4927    i.updateScreen      display.o
    0x08007818   0x08007818   0x00000010   Code   RO         4928    i.updateScreenComplete  display.o
    0x08007828   0x08007828   0x00000054   Code   RO         4774    i.updateStopwatch   device.o
    0x0800787c   0x0800787c   0x00000070   Code   RO         4775    i.updateTimer       device.o
    0x080078ec   0x080078ec   0x00000240   Data   RO           20    .constdata          ili9341_gfx.o
    0x08007b2c   0x08007b2c   0x00000010   Data   RO         4720    .constdata          system_stm32f7xx.o
    0x08007b3c   0x08007b3c   0x00000008   Data   RO         4721    .constdata          system_stm32f7xx.o
    0x08007b44   0x08007b44   0x00000050   Data   RO         4932    .constdata          display.o
    0x08007b94   0x08007b94   0x00000004   PAD
    0x08007b98   0x08007b98   0x00000098   Data   RO         5941    .constdata          m_wv.l(atan.o)
    0x08007c30   0x08007c30   0x00000008   Data   RO         6302    .constdata          m_wv.l(qnan.o)
    0x08007c38   0x08007c38   0x00000020   Data   RO         6356    Region$$Table       anon$$obj.o


    Execution Region RW_IRAM1 (Exec base: 0x20000000, Load base: 0x08007c58, Size: 0x00000d70, Max: 0x00080000, ABSOLUTE, COMPRESSED[0x00000050])

    Exec Addr    Load Addr    Size         Type   Attr      Idx    E Section Name        Object

    0x20000000   COMPRESSED   0x00000004   Data   RW          219    .data               ili9341_stm32_driver.o
    0x20000004   COMPRESSED   0x00000004   Data   RW          371    .data               main.o
    0x20000008   COMPRESSED   0x00000004   Data   RW          372    .data               main.o
    0x2000000c   COMPRESSED   0x00000004   Data   RW          373    .data               main.o
    0x20000010   COMPRESSED   0x00000004   Data   RW          374    .data               main.o
    0x20000014   COMPRESSED   0x0000000c   Data   RW         1859    .data               stm32f7xx_hal.o
    0x20000020   COMPRESSED   0x00000004   Data   RW         4722    .data               system_stm32f7xx.o
    0x20000024   COMPRESSED   0x0000001c   Data   RW         4933    .data               display.o
    0x20000040   COMPRESSED   0x00000120   Data   RW         5110    .data               core.o
    0x20000160   COMPRESSED   0x00000098   Data   RW         5144    .data               mpu6050.o
    0x200001f8   COMPRESSED   0x00000014   Data   RW         5204    .data               user_diskio.o
    0x2000020c   COMPRESSED   0x00000005   Data   RW         5263    .data               fatfs.o
    0x20000211   COMPRESSED   0x00000001   PAD
    0x20000212   COMPRESSED   0x00000008   Data   RW         5855    .data               fatfs_sd.o
    0x2000021a   COMPRESSED   0x00000002   PAD
    0x2000021c   COMPRESSED   0x00000004   Data   RW         6328    .data               mc_w.l(mvars.o)
    0x20000220   COMPRESSED   0x00000004   Data   RW         6329    .data               mc_w.l(mvars.o)
    0x20000224   COMPRESSED   0x00000004   Data   RW         6333    .data               mc_w.l(errno.o)
    0x20000228        -       0x00000110   Zero   RW          370    .bss                main.o
    0x20000338        -       0x0000004c   Zero   RW          505    .bss                i2c.o
    0x20000384        -       0x00000040   Zero   RW          547    .bss                i2s.o
    0x200003c4        -       0x00000010   Zero   RW          589    .bss                rng.o
    0x200003d4        -       0x000000c8   Zero   RW          632    .bss                spi.o
    0x2000049c        -       0x0000017c   Zero   RW          686    .bss                tim.o
    0x20000618        -       0x00000084   Zero   RW          763    .bss                usart.o
    0x2000069c        -       0x0000000c   Zero   RW         4776    .bss                device.o
    0x200006a8        -       0x000000b8   Zero   RW         4929    .bss                display.o
    0x20000760        -       0x0000000c   Zero   RW         5738    .bss                ff_gen_drv.o
    0x2000076c   COMPRESSED   0x00000004   PAD
    0x20000770        -       0x00000200   Zero   RW            2    HEAP                startup_stm32f767xx.o
    0x20000970        -       0x00000400   Zero   RW            1    STACK               startup_stm32f767xx.o


==============================================================================

Image component sizes


      Code (inc. data)   RO Data    RW Data    ZI Data      Debug   Object Name

        44          4          0        288          0       1310   core.o
       892        198          0          0         12      10337   device.o
      4922        722         80         28        184      23960   display.o
        28         12          0          5          0       1114   fatfs.o
      1556         72          0          8          0      11669   fatfs_sd.o
        78          4          0          0         12       1695   ff_gen_drv.o
       516         30          0          0          0       1303   gpio.o
       188         24          0          0         76       1765   i2c.o
       204         28          0          0         64       1801   i2s.o
       274          4        576          0          0     901150   ili9341_gfx.o
      1578         70          0          4          0       9879   ili9341_stm32_driver.o
       412         26          0          0          0       3365   ili9341_touchscreen.o
       484         48          0         16        272      44805   main.o
       900         76          0        152          0       3902   mpu6050.o
        76         18          0          0         16       1591   rng.o
       348         44          0          0        200       2546   spi.o
        36          8        504          0       1536        852   startup_stm32f767xx.o
       150         24          0         12          0       9325   stm32f7xx_hal.o
       198         12          0          0          0      39083   stm32f7xx_hal_cortex.o
       492         52          0          0          0       3283   stm32f7xx_hal_gpio.o
      1548         38          0          0          0      12026   stm32f7xx_hal_i2c.o
       172          0          0          0          0       2015   stm32f7xx_hal_i2c_ex.o
       304         16          0          0          0       1775   stm32f7xx_hal_i2s.o
        48          6          0          0          0        882   stm32f7xx_hal_msp.o
        16          4          0          0          0        563   stm32f7xx_hal_pwr.o
       108          8          0          0          0       1300   stm32f7xx_hal_pwr_ex.o
      1384         66          0          0          0       5284   stm32f7xx_hal_rcc.o
      1340         22          0          0          0       2360   stm32f7xx_hal_rcc_ex.o
        50          0          0          0          0       1115   stm32f7xx_hal_rng.o
      1696          8          0          0          0       8088   stm32f7xx_hal_spi.o
      2440        196          0          0          0      18836   stm32f7xx_hal_tim.o
       170         30          0          0          0       3172   stm32f7xx_hal_tim_ex.o
      1306         66          0          0          0       6365   stm32f7xx_hal_uart.o
       104         30          0          0          0       5888   stm32f7xx_it.o
        16          4         24          4          0       1175   system_stm32f7xx.o
       820         88          0          0        380       5914   tim.o
       160         20          0          0        132       1786   usart.o
        20          0          0         20          0       3656   user_diskio.o

    ----------------------------------------------------------------------
     25132       2078       1220        540       2888    1156935   Object Totals
         0          0         32          0          0          0   (incl. Generated)
        54          0          4          3          4          0   (incl. Padding)

    ----------------------------------------------------------------------

      Code (inc. data)   RO Data    RW Data    ZI Data      Debug   Library Member Name

       528        110        152          0          0        348   atan.o
       456         64          0          0          0        188   atan2.o
        36         14          0          0          0        348   dunder.o
        24          0          0          0          0        124   fabs.o
        48          0          0          0          0        124   fpclassify.o
       112          0          0          0          0        116   poly.o
         0          0          8          0          0          0   qnan.o
       102          0          0          0          0        140   sqrt.o
        86          0          0          0          0          0   __dczerorl2.o
         0          0          0          0          0          0   entry.o
         0          0          0          0          0          0   entry10a.o
         0          0          0          0          0          0   entry11a.o
         4          0          0          0          0          0   entry12b.o
         8          4          0          0          0          0   entry2.o
         4          0          0          0          0          0   entry5.o
         0          0          0          0          0          0   entry7b.o
         0          0          0          0          0          0   entry8b.o
         8          4          0          0          0          0   entry9a.o
        12          6          0          4          0         68   errno.o
        30          0          0          0          0          0   handlers.o
        36          8          0          0          0         68   init.o
         0          0          0          0          0          0   iusefp.o
        30          0          0          0          0         68   llshl.o
        36          0          0          0          0         68   llsshr.o
        32          0          0          0          0         68   llushr.o
       188         20          0          0          0        160   malloc.o
        36          0          0          0          0         68   memcpya.o
        36          0          0          0          0        108   memseta.o
         0          0          0          8          0          0   mvars.o
      2236         86          0          0          0        532   printfa.o
        14          0          0          0          0         68   strlen.o
        44          0          0          0          0         80   uidiv.o
        98          0          0          0          0         92   uldiv.o
        48          0          0          0          0         68   cdrcmple.o
       334          0          0          0          0        148   dadd.o
       222          0          0          0          0        100   ddiv.o
       186          0          0          0          0        176   depilogue.o
        48          0          0          0          0         68   dfixul.o
       228          0          0          0          0         96   dmul.o

    ----------------------------------------------------------------------
      5320        316        160         12          0       3492   Library Totals
        10          0          0          0          0          0   (incl. Padding)

    ----------------------------------------------------------------------

      Code (inc. data)   RO Data    RW Data    ZI Data      Debug   Library Name

      1306        188        160          0          0       1388   m_wv.l
      2938        128          0         12          0       1448   mc_w.l
      1066          0          0          0          0        656   mf_w.l

    ----------------------------------------------------------------------
      5320        316        160         12          0       3492   Library Totals

    ----------------------------------------------------------------------

==============================================================================


      Code (inc. data)   RO Data    RW Data    ZI Data      Debug   

     30452       2394       1380        552       2888    1138671   Grand Totals
     30452       2394       1380         80       2888    1138671   ELF Image Totals (compressed)
     30452       2394       1380         80          0          0   ROM Totals

==============================================================================

    Total RO  Size (Code + RO Data)                31832 (  31.09kB)
    Total RW  Size (RW Data + ZI Data)              3440 (   3.36kB)
    Total ROM Size (Code + RO Data + RW Data)      31912 (  31.16kB)

==============================================================================

