Component: ARM Compiler 5.06 update 7 (build 960) Tool: armlink [4d3601]

==============================================================================

Section Cross References

    startup_stm32f767xx.o(RESET) refers to startup_stm32f767xx.o(STACK) for __initial_sp
    startup_stm32f767xx.o(RESET) refers to startup_stm32f767xx.o(.text) for Reset_Handler
    startup_stm32f767xx.o(RESET) refers to stm32f7xx_it.o(i.NMI_Handler) for NMI_Handler
    startup_stm32f767xx.o(RESET) refers to stm32f7xx_it.o(i.HardFault_Handler) for HardFault_Handler
    startup_stm32f767xx.o(RESET) refers to stm32f7xx_it.o(i.MemManage_Handler) for MemManage_Handler
    startup_stm32f767xx.o(RESET) refers to stm32f7xx_it.o(i.BusFault_Handler) for BusFault_Handler
    startup_stm32f767xx.o(RESET) refers to stm32f7xx_it.o(i.UsageFault_Handler) for UsageFault_Handler
    startup_stm32f767xx.o(RESET) refers to stm32f7xx_it.o(i.SVC_Handler) for SVC_Handler
    startup_stm32f767xx.o(RESET) refers to stm32f7xx_it.o(i.DebugMon_Handler) for DebugMon_Handler
    startup_stm32f767xx.o(RESET) refers to stm32f7xx_it.o(i.PendSV_Handler) for PendSV_Handler
    startup_stm32f767xx.o(RESET) refers to stm32f7xx_it.o(i.SysTick_Handler) for SysTick_Handler
    startup_stm32f767xx.o(RESET) refers to stm32f7xx_it.o(i.TIM2_IRQHandler) for TIM2_IRQHandler
    startup_stm32f767xx.o(RESET) refers to stm32f7xx_it.o(i.TIM3_IRQHandler) for TIM3_IRQHandler
    startup_stm32f767xx.o(RESET) refers to stm32f7xx_it.o(i.TIM4_IRQHandler) for TIM4_IRQHandler
    startup_stm32f767xx.o(.text) refers to system_stm32f7xx.o(i.SystemInit) for SystemInit
    startup_stm32f767xx.o(.text) refers to entry.o(.ARM.Collect$$$$00000000) for __main
    ili9341_gfx.o(i.ILI9341_Draw_Char) refers to ili9341_stm32_driver.o(i.ILI9341_Draw_Rectangle) for ILI9341_Draw_Rectangle
    ili9341_gfx.o(i.ILI9341_Draw_Char) refers to ili9341_stm32_driver.o(i.ILI9341_Draw_Pixel) for ILI9341_Draw_Pixel
    ili9341_gfx.o(i.ILI9341_Draw_Char) refers to ili9341_gfx.o(.constdata) for .constdata
    ili9341_gfx.o(i.ILI9341_Draw_Filled_Circle) refers to ili9341_stm32_driver.o(i.ILI9341_Draw_Pixel) for ILI9341_Draw_Pixel
    ili9341_gfx.o(i.ILI9341_Draw_Filled_Rectangle_Coord) refers to ili9341_stm32_driver.o(i.ILI9341_Draw_Rectangle) for ILI9341_Draw_Rectangle
    ili9341_gfx.o(i.ILI9341_Draw_Hollow_Circle) refers to ili9341_stm32_driver.o(i.ILI9341_Draw_Pixel) for ILI9341_Draw_Pixel
    ili9341_gfx.o(i.ILI9341_Draw_Hollow_Rectangle_Coord) refers to ili9341_stm32_driver.o(i.ILI9341_Draw_Horizontal_Line) for ILI9341_Draw_Horizontal_Line
    ili9341_gfx.o(i.ILI9341_Draw_Hollow_Rectangle_Coord) refers to ili9341_stm32_driver.o(i.ILI9341_Draw_Vertical_Line) for ILI9341_Draw_Vertical_Line
    ili9341_gfx.o(i.ILI9341_Draw_Hollow_Rectangle_Coord) refers to ili9341_stm32_driver.o(i.ILI9341_Draw_Pixel) for ILI9341_Draw_Pixel
    ili9341_gfx.o(i.ILI9341_Draw_Image) refers to ili9341_stm32_driver.o(i.ILI9341_Set_Rotation) for ILI9341_Set_Rotation
    ili9341_gfx.o(i.ILI9341_Draw_Image) refers to ili9341_stm32_driver.o(i.ILI9341_Set_Address) for ILI9341_Set_Address
    ili9341_gfx.o(i.ILI9341_Draw_Image) refers to stm32f7xx_hal_gpio.o(i.HAL_GPIO_WritePin) for HAL_GPIO_WritePin
    ili9341_gfx.o(i.ILI9341_Draw_Image) refers to stm32f7xx_hal_spi.o(i.HAL_SPI_Transmit) for HAL_SPI_Transmit
    ili9341_gfx.o(i.ILI9341_Draw_Image) refers to spi.o(.bss) for hspi5
    ili9341_gfx.o(i.ILI9341_Draw_Text) refers to ili9341_gfx.o(i.ILI9341_Draw_Char) for ILI9341_Draw_Char
    ili9341_stm32_driver.o(i.ILI9341_Draw_Colour) refers to stm32f7xx_hal_gpio.o(i.HAL_GPIO_WritePin) for HAL_GPIO_WritePin
    ili9341_stm32_driver.o(i.ILI9341_Draw_Colour) refers to stm32f7xx_hal_spi.o(i.HAL_SPI_Transmit) for HAL_SPI_Transmit
    ili9341_stm32_driver.o(i.ILI9341_Draw_Colour) refers to spi.o(.bss) for hspi5
    ili9341_stm32_driver.o(i.ILI9341_Draw_Colour_Burst) refers to stm32f7xx_hal_gpio.o(i.HAL_GPIO_WritePin) for HAL_GPIO_WritePin
    ili9341_stm32_driver.o(i.ILI9341_Draw_Colour_Burst) refers to malloc.o(i.malloc) for malloc
    ili9341_stm32_driver.o(i.ILI9341_Draw_Colour_Burst) refers to stm32f7xx_hal_spi.o(i.HAL_SPI_Transmit) for HAL_SPI_Transmit
    ili9341_stm32_driver.o(i.ILI9341_Draw_Colour_Burst) refers to malloc.o(i.free) for free
    ili9341_stm32_driver.o(i.ILI9341_Draw_Colour_Burst) refers to spi.o(.bss) for hspi5
    ili9341_stm32_driver.o(i.ILI9341_Draw_Horizontal_Line) refers to ili9341_stm32_driver.o(i.ILI9341_Set_Address) for ILI9341_Set_Address
    ili9341_stm32_driver.o(i.ILI9341_Draw_Horizontal_Line) refers to ili9341_stm32_driver.o(i.ILI9341_Draw_Colour_Burst) for ILI9341_Draw_Colour_Burst
    ili9341_stm32_driver.o(i.ILI9341_Draw_Horizontal_Line) refers to ili9341_stm32_driver.o(.data) for .data
    ili9341_stm32_driver.o(i.ILI9341_Draw_Pixel) refers to stm32f7xx_hal_gpio.o(i.HAL_GPIO_WritePin) for HAL_GPIO_WritePin
[...]
    ..\Drivers\STM32F7xx_HAL_Driver\Src\stm32f7xx_hal_gpio.c 0x00000000   Number         0  stm32f7xx_hal_gpio.o ABSOLUTE
    ..\Drivers\STM32F7xx_HAL_Driver\Src\stm32f7xx_hal_i2c.c 0x00000000   Number         0  stm32f7xx_hal_i2c.o ABSOLUTE
    ..\Drivers\STM32F7xx_HAL_Driver\Src\stm32f7xx_hal_i2c_ex.c 0x00000000   Number         0  stm32f7xx_hal_i2c_ex.o ABSOLUTE
    ..\Drivers\STM32F7xx_HAL_Driver\Src\stm32f7xx_hal_pwr.c 0x00000000   Number         0  stm32f7xx_hal_pwr.o ABSOLUTE
    ..\Drivers\STM32F7xx_HAL_Driver\Src\stm32f7xx_hal_pwr_ex.c 0x00000000   Number         0  stm32f7xx_hal_pwr_ex.o ABSOLUTE
    ..\Drivers\STM32F7xx_HAL_Driver\Src\stm32f7xx_hal_rcc.c 0x00000000   Number         0  stm32f7xx_hal_rcc.o ABSOLUTE
    ..\Drivers\STM32F7xx_HAL_Driver\Src\stm32f7xx_hal_rcc_ex.c 0x00000000   Number         0  stm32f7xx_hal_rcc_ex.o ABSOLUTE
    ..\Drivers\STM32F7xx_HAL_Driver\Src\stm32f7xx_hal_rng.c 0x00000000   Number         0  stm32f7xx_hal_rng.o ABSOLUTE
    ..\Drivers\STM32F7xx_HAL_Driver\Src\stm32f7xx_hal_spi.c 0x00000000   Number         0  stm32f7xx_hal_spi.o ABSOLUTE
    ..\Drivers\STM32F7xx_HAL_Driver\Src\stm32f7xx_hal_spi_ex.c 0x00000000   Number         0  stm32f7xx_hal_spi_ex.o ABSOLUTE
    ..\Drivers\STM32F7xx_HAL_Driver\Src\stm32f7xx_hal_tim.c 0x00000000   Number         0  stm32f7xx_hal_tim.o ABSOLUTE
    ..\Drivers\STM32F7xx_HAL_Driver\Src\stm32f7xx_hal_tim_ex.c 0x00000000   Number         0  stm32f7xx_hal_tim_ex.o ABSOLUTE
    ..\Drivers\STM32F7xx_HAL_Driver\Src\stm32f7xx_hal_uart.c 0x00000000   Number         0  stm32f7xx_hal_uart.o ABSOLUTE
    ..\Drivers\STM32F7xx_HAL_Driver\Src\stm32f7xx_hal_uart_ex.c 0x00000000   Number         0  stm32f7xx_hal_uart_ex.o ABSOLUTE
    ..\ILI9341\ILI9341_GFX.c                 0x00000000   Number         0  ili9341_gfx.o ABSOLUTE
    ..\ILI9341\ILI9341_STM32_Driver.c        0x00000000   Number         0  ili9341_stm32_driver.o ABSOLUTE
    ..\ILI9341\ILI9341_Touchscreen.c         0x00000000   Number         0  ili9341_touchscreen.o ABSOLUTE
    ..\\ILI9341\\ILI9341_GFX.c               0x00000000   Number         0  ili9341_gfx.o ABSOLUTE
    ..\\ILI9341\\ILI9341_STM32_Driver.c      0x00000000   Number         0  ili9341_stm32_driver.o ABSOLUTE
    ..\\ILI9341\\ILI9341_Touchscreen.c       0x00000000   Number         0  ili9341_touchscreen.o ABSOLUTE
    ..\\src\\Core.c                          0x00000000   Number         0  core.o ABSOLUTE
    ..\\src\\Device.c                        0x00000000   Number         0  device.o ABSOLUTE
    ..\\src\\Display.c                       0x00000000   Number         0  display.o ABSOLUTE
    ..\src\Core.c                            0x00000000   Number         0  core.o ABSOLUTE
    ..\src\Device.c                          0x00000000   Number         0  device.o ABSOLUTE
    ..\src\Display.c                         0x00000000   Number         0  display.o ABSOLUTE
    cdrcmple.s                               0x00000000   Number         0  cdrcmple.o ABSOLUTE
    dc.s                                     0x00000000   Number         0  dc.o ABSOLUTE
    handlers.s                               0x00000000   Number         0  handlers.o ABSOLUTE
    init.s                                   0x00000000   Number         0  init.o ABSOLUTE
    startup_stm32f767xx.s                    0x00000000   Number         0  startup_stm32f767xx.o ABSOLUTE
    RESET                                    0x08000000   Section      504  startup_stm32f767xx.o(RESET)
    .ARM.Collect$$$$00000000                 0x080001f8   Section        0  entry.o(.ARM.Collect$$$$00000000)
    .ARM.Collect$$$$00000001                 0x080001f8   Section        4  entry2.o(.ARM.Collect$$$$00000001)
    .ARM.Collect$$$$00000004                 0x080001fc   Section        4  entry5.o(.ARM.Collect$$$$00000004)
    .ARM.Collect$$$$00000008                 0x08000200   Section        0  entry7b.o(.ARM.Collect$$$$00000008)
    .ARM.Collect$$$$0000000A                 0x08000200   Section        0  entry8b.o(.ARM.Collect$$$$0000000A)
    .ARM.Collect$$$$0000000B                 0x08000200   Section        8  entry9a.o(.ARM.Collect$$$$0000000B)
    .ARM.Collect$$$$0000000E                 0x08000208   Section        4  entry12b.o(.ARM.Collect$$$$0000000E)
    .ARM.Collect$$$$0000000F                 0x0800020c   Section        0  entry10a.o(.ARM.Collect$$$$0000000F)
    .ARM.Collect$$$$00000011                 0x0800020c   Section        0  entry11a.o(.ARM.Collect$$$$00000011)
    .ARM.Collect$$$$00002712                 0x0800020c   Section        4  entry2.o(.ARM.Collect$$$$00002712)
    __lit__00000000                          0x0800020c   Data           4  entry2.o(.ARM.Collect$$$$00002712)
    .text                                    0x08000210   Section       36  startup_stm32f767xx.o(.text)
    $v0                                      0x08000210   Number         0  startup_stm32f767xx.o(.text)
    .text                                    0x08000234   Section        0  uldiv.o(.text)
    .text                                    0x08000296   Section        0  memcpya.o(.text)
    .text                                    0x080002ba   Section        0  memseta.o(.text)
    .text                                    0x080002de   Section        0  strlen.o(.text)
    .text                                    0x080002ec   Section        0  uidiv.o(.text)
    .text                                    0x08000318   Section        0  llshl.o(.text)
    .text                                    0x08000336   Section        0  llushr.o(.text)
    .text                                    0x08000358   Section       36  init.o(.text)
    i.AlarmPopup_Page                        0x0800037c   Section        0  display.o(i.AlarmPopup_Page)
    i.Alarm_Page                             0x0800041c   Section        0  display.o(i.Alarm_Page)
    i.BusFault_Handler                       0x08000540   Section        0  stm32f7xx_it.o(i.BusFault_Handler)
    i.Clock_Page                             0x08000544   Section        0  display.o(i.Clock_Page)
    i.Core_Init                              0x080005cc   Section        0  core.o(i.Core_Init)
    i.DebugMon_Handler                       0x080005f4   Section        0  stm32f7xx_it.o(i.DebugMon_Handler)
    i.Display_Init                           0x080005f8   Section        0  display.o(i.Display_Init)
    i.Draw_BottomNavBar                      0x08000624   Section        0  display.o(i.Draw_BottomNavBar)
    i.Draw_Button                            0x0800070c   Section        0  display.o(i.Draw_Button)
    i.Draw_Clock                             0x080007a8   Section        0  display.o(i.Draw_Clock)
    i.Draw_Clock_Sec                         0x080007dc   Section        0  display.o(i.Draw_Clock_Sec)
    i.Draw_Custom_Clock                      0x08000810   Section        0  display.o(i.Draw_Custom_Clock)
    i.Draw_Custom_Clock_Sec                  0x0800084c   Section        0  display.o(i.Draw_Custom_Clock_Sec)
    i.Draw_ToggleSW                          0x08000890   Section        0  display.o(i.Draw_ToggleSW)
    i.Draw_TopBar                            0x08000a28   Section        0  display.o(i.Draw_TopBar)
    i.Draw_TopButton                         0x08000a70   Section        0  display.o(i.Draw_TopButton)
    i.Error_Handler                          0x08000ad4   Section        0  main.o(i.Error_Handler)
    i.HAL_Delay                              0x08000ad8   Section        0  stm32f7xx_hal.o(i.HAL_Delay)
    i.HAL_GPIO_Init                          0x08000afc   Section        0  stm32f7xx_hal_gpio.o(i.HAL_GPIO_Init)
    i.HAL_GPIO_ReadPin                       0x08000cd4   Section        0  stm32f7xx_hal_gpio.o(i.HAL_GPIO_ReadPin)
    i.HAL_GPIO_WritePin                      0x08000cde   Section        0  stm32f7xx_hal_gpio.o(i.HAL_GPIO_WritePin)
    i.HAL_GetTick                            0x08000ce8   Section        0  stm32f7xx_hal.o(i.HAL_GetTick)
    i.HAL_IncTick                            0x08000cf4   Section        0  stm32f7xx_hal.o(i.HAL_IncTick)
    i.HAL_Init                               0x08000d04   Section        0  stm32f7xx_hal.o(i.HAL_Init)
    i.HAL_InitTick                           0x08000d1c   Section        0  stm32f7xx_hal.o(i.HAL_InitTick)
    i.HAL_MspInit                            0x08000d5c   Section        0  stm32f7xx_hal_msp.o(i.HAL_MspInit)
    i.HAL_NVIC_EnableIRQ                     0x08000d8c   Section        0  stm32f7xx_hal_cortex.o(i.HAL_NVIC_EnableIRQ)
    i.HAL_NVIC_SetPriority                   0x08000da8   Section        0  stm32f7xx_hal_cortex.o(i.HAL_NVIC_SetPriority)
    i.HAL_NVIC_SetPriorityGrouping           0x08000de8   Section        0  stm32f7xx_hal_cortex.o(i.HAL_NVIC_SetPriorityGrouping)
    i.HAL_PWREx_EnableOverDrive              0x08000e0c   Section        0  stm32f7xx_hal_pwr_ex.o(i.HAL_PWREx_EnableOverDrive)
    i.HAL_PWR_EnableBkUpAccess               0x08000e78   Section        0  stm32f7xx_hal_pwr.o(i.HAL_PWR_EnableBkUpAccess)
    i.HAL_RCCEx_PeriphCLKConfig              0x08000e88   Section        0  stm32f7xx_hal_rcc_ex.o(i.HAL_RCCEx_PeriphCLKConfig)
    i.HAL_RCC_ClockConfig                    0x080013c4   Section        0  stm32f7xx_hal_rcc.o(i.HAL_RCC_ClockConfig)
    i.HAL_RCC_GetPCLK1Freq                   0x080014f4   Section        0  stm32f7xx_hal_rcc.o(i.HAL_RCC_GetPCLK1Freq)
    i.HAL_RCC_GetPCLK2Freq                   0x08001514   Section        0  stm32f7xx_hal_rcc.o(i.HAL_RCC_GetPCLK2Freq)
    i.HAL_RCC_GetSysClockFreq                0x08001534   Section        0  stm32f7xx_hal_rcc.o(i.HAL_RCC_GetSysClockFreq)
    i.HAL_RCC_OscConfig                      0x08001594   Section        0  stm32f7xx_hal_rcc.o(i.HAL_RCC_OscConfig)
    i.HAL_RNG_Init                           0x0800192c   Section        0  stm32f7xx_hal_rng.o(i.HAL_RNG_Init)
    i.HAL_RNG_MspInit                        0x08001960   Section        0  rng.o(i.HAL_RNG_MspInit)
    i.HAL_SPI_Init                           0x08001988   Section        0  stm32f7xx_hal_spi.o(i.HAL_SPI_Init)
    i.HAL_SPI_MspInit                        0x08001a7c   Section        0  spi.o(i.HAL_SPI_MspInit)
    i.HAL_SPI_Transmit                       0x08001ae0   Section        0  stm32f7xx_hal_spi.o(i.HAL_SPI_Transmit)
    i.HAL_SYSTICK_Config                     0x08001c66   Section        0  stm32f7xx_hal_cortex.o(i.HAL_SYSTICK_Config)
    i.HAL_TIMEx_Break2Callback               0x08001c8c   Section        0  stm32f7xx_hal_tim_ex.o(i.HAL_TIMEx_Break2Callback)
    i.HAL_TIMEx_BreakCallback                0x08001c8e   Section        0  stm32f7xx_hal_tim_ex.o(i.HAL_TIMEx_BreakCallback)
    i.HAL_TIMEx_CommutCallback               0x08001c90   Section        0  stm32f7xx_hal_tim_ex.o(i.HAL_TIMEx_CommutCallback)
    i.HAL_TIMEx_MasterConfigSynchronization  0x08001c94   Section        0  stm32f7xx_hal_tim_ex.o(i.HAL_TIMEx_MasterConfigSynchronization)
    i.HAL_TIM_Base_Init                      0x08001d38   Section        0  stm32f7xx_hal_tim.o(i.HAL_TIM_Base_Init)
    i.HAL_TIM_Base_MspInit                   0x08001d9c   Section        0  tim.o(i.HAL_TIM_Base_MspInit)
    i.HAL_TIM_Base_Start_IT                  0x08001e44   Section        0  stm32f7xx_hal_tim.o(i.HAL_TIM_Base_Start_IT)
    i.HAL_TIM_ConfigClockSource              0x08001ed0   Section        0  stm32f7xx_hal_tim.o(i.HAL_TIM_ConfigClockSource)
    i.HAL_TIM_IC_CaptureCallback             0x08001fac   Section        0  stm32f7xx_hal_tim.o(i.HAL_TIM_IC_CaptureCallback)
    i.HAL_TIM_IRQHandler                     0x08001fae   Section        0  stm32f7xx_hal_tim.o(i.HAL_TIM_IRQHandler)
    i.HAL_TIM_MspPostInit                    0x08002130   Section        0  tim.o(i.HAL_TIM_MspPostInit)
    i.HAL_TIM_OC_DelayElapsedCallback        0x08002180   Section        0  stm32f7xx_hal_tim.o(i.HAL_TIM_OC_DelayElapsedCallback)
    i.HAL_TIM_PWM_ConfigChannel              0x08002182   Section        0  stm32f7xx_hal_tim.o(i.HAL_TIM_PWM_ConfigChannel)
    i.HAL_TIM_PWM_Init                       0x080022a0   Section        0  stm32f7xx_hal_tim.o(i.HAL_TIM_PWM_Init)
    i.HAL_TIM_PWM_MspInit                    0x08002304   Section        0  tim.o(i.HAL_TIM_PWM_MspInit)
    i.HAL_TIM_PWM_PulseFinishedCallback      0x0800232c   Section        0  stm32f7xx_hal_tim.o(i.HAL_TIM_PWM_PulseFinishedCallback)
    i.HAL_TIM_PWM_Start                      0x08002330   Section        0  stm32f7xx_hal_tim.o(i.HAL_TIM_PWM_Start)
    i.HAL_TIM_PeriodElapsedCallback          0x08002428   Section        0  stm32f7xx_hal_tim.o(i.HAL_TIM_PeriodElapsedCallback)
    i.HAL_TIM_TriggerCallback                0x0800242a   Section        0  stm32f7xx_hal_tim.o(i.HAL_TIM_TriggerCallback)
    i.HAL_UART_Init                          0x0800242c   Section        0  stm32f7xx_hal_uart.o(i.HAL_UART_Init)
    i.HAL_UART_MspInit                       0x08002494   Section        0  usart.o(i.HAL_UART_MspInit)
    i.HAL_UART_Transmit                      0x080024f8   Section        0  stm32f7xx_hal_uart.o(i.HAL_UART_Transmit)
    i.HardFault_Handler                      0x080025b0   Section        0  stm32f7xx_it.o(i.HardFault_Handler)
    i.Home_Page                              0x080025b4   Section        0  display.o(i.Home_Page)
    i.ILI9341_Draw_Char                      0x0800268c   Section        0  ili9341_gfx.o(i.ILI9341_Draw_Char)
    i.ILI9341_Draw_Colour_Burst              0x08002734   Section        0  ili9341_stm32_driver.o(i.ILI9341_Draw_Colour_Burst)
    i.ILI9341_Draw_Filled_Rectangle_Coord    0x080027d8   Section        0  ili9341_gfx.o(i.ILI9341_Draw_Filled_Rectangle_Coord)
    i.ILI9341_Draw_Pixel                     0x0800280c   Section        0  ili9341_stm32_driver.o(i.ILI9341_Draw_Pixel)
    i.ILI9341_Draw_Rectangle                 0x08002964   Section        0  ili9341_stm32_driver.o(i.ILI9341_Draw_Rectangle)
    i.ILI9341_Draw_Text                      0x080029c4   Section        0  ili9341_gfx.o(i.ILI9341_Draw_Text)
    i.ILI9341_Enable                         0x080029fc   Section        0  ili9341_stm32_driver.o(i.ILI9341_Enable)
    i.ILI9341_Fill_Screen                    0x08002a0c   Section        0  ili9341_stm32_driver.o(i.ILI9341_Fill_Screen)
    i.ILI9341_Init                           0x08002a34   Section        0  ili9341_stm32_driver.o(i.ILI9341_Init)
    i.ILI9341_Reset                          0x08002c4c   Section        0  ili9341_stm32_driver.o(i.ILI9341_Reset)
    i.ILI9341_SPI_Init                       0x08002c88   Section        0  ili9341_stm32_driver.o(i.ILI9341_SPI_Init)
    i.ILI9341_SPI_Send                       0x08002ca8   Section        0  ili9341_stm32_driver.o(i.ILI9341_SPI_Send)
    i.ILI9341_Set_Address                    0x08002cbc   Section        0  ili9341_stm32_driver.o(i.ILI9341_Set_Address)
    i.ILI9341_Set_Rotation                   0x08002d10   Section        0  ili9341_stm32_driver.o(i.ILI9341_Set_Rotation)
    i.ILI9341_Write_Command                  0x08002d60   Section        0  ili9341_stm32_driver.o(i.ILI9341_Write_Command)
    i.ILI9341_Write_Data                     0x08002d98   Section        0  ili9341_stm32_driver.o(i.ILI9341_Write_Data)
    i.Idle_Page                              0x08002dcc   Section        0  display.o(i.Idle_Page)
    i.MX_GPIO_Init                           0x08002e34   Section        0  gpio.o(i.MX_GPIO_Init)
    i.MX_RNG_Init                            0x0800301c   Section        0  rng.o(i.MX_RNG_Init)
    i.MX_SPI5_Init                           0x08003040   Section        0  spi.o(i.MX_SPI5_Init)
    i.MX_TIM1_Init                           0x0800308c   Section        0  tim.o(i.MX_TIM1_Init)
    i.MX_TIM2_Init                           0x080030f8   Section        0  tim.o(i.MX_TIM2_Init)
    i.MX_TIM3_Init                           0x0800315c   Section        0  tim.o(i.MX_TIM3_Init)
    i.MX_TIM4_Init                           0x080031c4   Section        0  tim.o(i.MX_TIM4_Init)
    i.MX_TIM5_Init                           0x0800322c   Section        0  tim.o(i.MX_TIM5_Init)
    i.MX_USART3_UART_Init                    0x080032a0   Section        0  usart.o(i.MX_USART3_UART_Init)
    i.MemManage_Handler                      0x080032dc   Section        0  stm32f7xx_it.o(i.MemManage_Handler)
    i.NMI_Handler                            0x080032de   Section        0  stm32f7xx_it.o(i.NMI_Handler)
    i.PendSV_Handler                         0x080032e0   Section        0  stm32f7xx_it.o(i.PendSV_Handler)
    i.SPI_EndRxTxTransaction                 0x080032e2   Section        0  stm32f7xx_hal_spi.o(i.SPI_EndRxTxTransaction)
    SPI_EndRxTxTransaction                   0x080032e3   Thumb Code    72  stm32f7xx_hal_spi.o(i.SPI_EndRxTxTransaction)
    i.SPI_WaitFifoStateUntilTimeout          0x0800332c   Section        0  stm32f7xx_hal_spi.o(i.SPI_WaitFifoStateUntilTimeout)
    SPI_WaitFifoStateUntilTimeout            0x0800332d   Thumb Code   196  stm32f7xx_hal_spi.o(i.SPI_WaitFifoStateUntilTimeout)
    i.SPI_WaitFlagStateUntilTimeout          0x080033f4   Section        0  stm32f7xx_hal_spi.o(i.SPI_WaitFlagStateUntilTimeout)
    SPI_WaitFlagStateUntilTimeout            0x080033f5   Thumb Code   180  stm32f7xx_hal_spi.o(i.SPI_WaitFlagStateUntilTimeout)
    i.SVC_Handler                            0x080034ac   Section        0  stm32f7xx_it.o(i.SVC_Handler)
    i.SysTick_Handler                        0x080034ae   Section        0  stm32f7xx_it.o(i.SysTick_Handler)
    i.SystemClock_Config                     0x080034b4   Section        0  main.o(i.SystemClock_Config)
    i.SystemInit                             0x08003578   Section        0  system_stm32f7xx.o(i.SystemInit)
    i.TIM2_IRQHandler                        0x08003588   Section        0  stm32f7xx_it.o(i.TIM2_IRQHandler)
    i.TIM3_IRQHandler                        0x080035a4   Section        0  stm32f7xx_it.o(i.TIM3_IRQHandler)
    i.TIM4_IRQHandler                        0x080035c0   Section        0  stm32f7xx_it.o(i.TIM4_IRQHandler)
    i.TIM_Base_SetConfig                     0x080035dc   Section        0  stm32f7xx_hal_tim.o(i.TIM_Base_SetConfig)
    i.TIM_CCxChannelCmd                      0x080036a8   Section        0  stm32f7xx_hal_tim.o(i.TIM_CCxChannelCmd)
    i.TIM_ETR_SetConfig                      0x080036c2   Section        0  stm32f7xx_hal_tim.o(i.TIM_ETR_SetConfig)
    i.TIM_ITRx_SetConfig                     0x080036d4   Section        0  stm32f7xx_hal_tim.o(i.TIM_ITRx_SetConfig)
    TIM_ITRx_SetConfig                       0x080036d5   Thumb Code    16  stm32f7xx_hal_tim.o(i.TIM_ITRx_SetConfig)
    i.TIM_OC1_SetConfig                      0x080036e4   Section        0  stm32f7xx_hal_tim.o(i.TIM_OC1_SetConfig)
    TIM_OC1_SetConfig                        0x080036e5   Thumb Code   102  stm32f7xx_hal_tim.o(i.TIM_OC1_SetConfig)
    i.TIM_OC2_SetConfig                      0x08003758   Section        0  stm32f7xx_hal_tim.o(i.TIM_OC2_SetConfig)
    i.TIM_OC3_SetConfig                      0x080037d0   Section        0  stm32f7xx_hal_tim.o(i.TIM_OC3_SetConfig)
    TIM_OC3_SetConfig                        0x080037d1   Thumb Code   108  stm32f7xx_hal_tim.o(i.TIM_OC3_SetConfig)
    i.TIM_OC4_SetConfig                      0x08003848   Section        0  stm32f7xx_hal_tim.o(i.TIM_OC4_SetConfig)
    TIM_OC4_SetConfig                        0x08003849   Thumb Code    76  stm32f7xx_hal_tim.o(i.TIM_OC4_SetConfig)
    i.TIM_OC5_SetConfig                      0x080038a0   Section        0  stm32f7xx_hal_tim.o(i.TIM_OC5_SetConfig)
    TIM_OC5_SetConfig                        0x080038a1   Thumb Code    74  stm32f7xx_hal_tim.o(i.TIM_OC5_SetConfig)
    i.TIM_OC6_SetConfig                      0x080038f8   Section        0  stm32f7xx_hal_tim.o(i.TIM_OC6_SetConfig)
    TIM_OC6_SetConfig                        0x080038f9   Thumb Code    74  stm32f7xx_hal_tim.o(i.TIM_OC6_SetConfig)
    i.TIM_TI1_ConfigInputStage               0x08003950   Section        0  stm32f7xx_hal_tim.o(i.TIM_TI1_ConfigInputStage)
    TIM_TI1_ConfigInputStage                 0x08003951   Thumb Code    34  stm32f7xx_hal_tim.o(i.TIM_TI1_ConfigInputStage)
    i.TIM_TI2_ConfigInputStage               0x08003972   Section        0  stm32f7xx_hal_tim.o(i.TIM_TI2_ConfigInputStage)
    TIM_TI2_ConfigInputStage                 0x08003973   Thumb Code    36  stm32f7xx_hal_tim.o(i.TIM_TI2_ConfigInputStage)
    i.TP_Read                                0x08003998   Section        0  ili9341_touchscreen.o(i.TP_Read)
    i.TP_Read_Coordinates                    0x080039e0   Section        0  ili9341_touchscreen.o(i.TP_Read_Coordinates)
    i.TP_Touchpad_Pressed                    0x08003ad0   Section        0  ili9341_touchscreen.o(i.TP_Touchpad_Pressed)
    i.TP_Write                               0x08003ae8   Section        0  ili9341_touchscreen.o(i.TP_Write)
    i.TimerPopup_Page                        0x08003b34   Section        0  display.o(i.TimerPopup_Page)
    i.Timer_Page                             0x08003bb8   Section        0  display.o(i.Timer_Page)
    i.Timer_Pause                            0x08003e50   Section        0  device.o(i.Timer_Pause)
    i.Timer_Reset                            0x08003e60   Section        0  device.o(i.Timer_Reset)
    i.Timer_Start                            0x08003e84   Section        0  device.o(i.Timer_Start)
    i.UART_AdvFeatureConfig                  0x08003ee8   Section        0  stm32f7xx_hal_uart.o(i.UART_AdvFeatureConfig)
    i.UART_CheckIdleState                    0x08003fb0   Section        0  stm32f7xx_hal_uart.o(i.UART_CheckIdleState)
    i.UART_Log                               0x0800400c   Section        0  device.o(i.UART_Log)
    i.UART_SetConfig                         0x0800403c   Section        0  stm32f7xx_hal_uart.o(i.UART_SetConfig)
    i.UART_WaitOnFlagUntilTimeout            0x08004270   Section        0  stm32f7xx_hal_uart.o(i.UART_WaitOnFlagUntilTimeout)
    i.UsageFault_Handler                     0x08004314   Section        0  stm32f7xx_it.o(i.UsageFault_Handler)
    i.__0sprintf$6                           0x08004318   Section        0  printf6.o(i.__0sprintf$6)
    i.__NVIC_SetPriority                     0x08004340   Section        0  stm32f7xx_hal_cortex.o(i.__NVIC_SetPriority)
    __NVIC_SetPriority                       0x08004341   Thumb Code    34  stm32f7xx_hal_cortex.o(i.__NVIC_SetPriority)
    i.__scatterload_copy                     0x08004362   Section       14  handlers.o(i.__scatterload_copy)
    i.__scatterload_null                     0x08004370   Section        2  handlers.o(i.__scatterload_null)
    i.__scatterload_zeroinit                 0x08004372   Section       14  handlers.o(i.__scatterload_zeroinit)
    i._printf_core                           0x08004380   Section        0  printf6.o(i._printf_core)
    _printf_core                             0x08004381   Thumb Code   748  printf6.o(i._printf_core)
    i._printf_post_padding                   0x08004670   Section        0  printf6.o(i._printf_post_padding)
    _printf_post_padding                     0x08004671   Thumb Code    36  printf6.o(i._printf_post_padding)
    i._printf_pre_padding                    0x08004694   Section        0  printf6.o(i._printf_pre_padding)
    _printf_pre_padding                      0x08004695   Thumb Code    46  printf6.o(i._printf_pre_padding)
    i._sputc                                 0x080046c2   Section        0  printf6.o(i._sputc)
    _sputc                                   0x080046c3   Thumb Code    10  printf6.o(i._sputc)
    i.changePage                             0x080046cc   Section        0  display.o(i.changePage)
    i.checkAlarmClock                        0x080046e0   Section        0  device.o(i.checkAlarmClock)
    i.checkMainClock                         0x08004708   Section        0  device.o(i.checkMainClock)
    i.checkTouchPadTarget                    0x08004748   Section        0  display.o(i.checkTouchPadTarget)
    i.displayScreen                          0x080047a4   Section        0  display.o(i.displayScreen)
    i.free                                   0x08004838   Section        0  malloc.o(i.free)
    i.isClockUpdated                         0x08004888   Section        0  display.o(i.isClockUpdated)
    i.main                                   0x080048c4   Section        0  main.o(i.main)
    i.malloc                                 0x080049bc   Section        0  malloc.o(i.malloc)
    i.setBrightness                          0x08004a28   Section        0  display.o(i.setBrightness)
    i.updateScreen                           0x08004b40   Section        0  display.o(i.updateScreen)
    i.updateScreenComplete                   0x08004b64   Section        0  display.o(i.updateScreenComplete)
    i.updateTimer                            0x08004b74   Section        0  device.o(i.updateTimer)
    .constdata                               0x08004c04   Section      576  ili9341_gfx.o(.constdata)
    font                                     0x08004c04   Data         576  ili9341_gfx.o(.constdata)
    .constdata                               0x08004e44   Section       16  system_stm32f7xx.o(.constdata)
    .constdata                               0x08004e54   Section        8  system_stm32f7xx.o(.constdata)
    .constdata                               0x08004e5c   Section       64  display.o(.constdata)
    .data                                    0x20000000   Section        4  ili9341_stm32_driver.o(.data)
    .data                                    0x20000004   Section       12  main.o(.data)
    .data                                    0x20000010   Section        4  main.o(.data)
    .data                                    0x20000014   Section       12  stm32f7xx_hal.o(.data)
    .data                                    0x20000020   Section        4  system_stm32f7xx.o(.data)
    .data                                    0x20000024   Section       22  display.o(.data)
    .data                                    0x2000003c   Section       76  core.o(.data)
    .data                                    0x20000088   Section        4  mvars.o(.data)
    .data                                    0x2000008c   Section        4  mvars.o(.data)
    .bss                                     0x20000090   Section       64  main.o(.bss)
    .bss                                     0x200000d0   Section       16  rng.o(.bss)
    .bss                                     0x200000e0   Section      100  spi.o(.bss)
    .bss                                     0x20000144   Section      380  tim.o(.bss)
    .bss                                     0x200002c0   Section      132  usart.o(.bss)
    .bss                                     0x20000344   Section       12  device.o(.bss)
    .bss                                     0x20000350   Section      172  display.o(.bss)
    HEAP                                     0x20000400   Section      512  startup_stm32f767xx.o(HEAP)
    STACK                                    0x20000600   Section     1024  startup_stm32f767xx.o(STACK)

    Global Symbols

    Symbol Name                              Value     Ov Type        Size  Object(Section)

    BuildAttributes$$THM_ISAv4$E$P$D$K$B$S$7EM$VFPv5_D16$PE$PLD8$A:L22UL41UL21$X:L11$S22US41US21$IEEE1$IW$USESV6$~STKCKD$USESV7$~SHL$OSPACE$ROPI$EBA8$MICROLIB$REQ8$PRES8$EABIv2 0x00000000   Number         0  anon$$obj.o ABSOLUTE
    __ARM_use_no_argv                        0x00000000   Number         0  main.o ABSOLUTE
    _printf_a                                0x00000000   Number         0  stubs.o ABSOLUTE
    _printf_c                                0x00000000   Number         0  stubs.o ABSOLUTE
    _printf_charcount                        0x00000000   Number         0  stubs.o ABSOLUTE
    _printf_d                                0x00000000   Number         0  stubs.o ABSOLUTE
    _printf_e                                0x00000000   Number         0  stubs.o ABSOLUTE
    _printf_f                                0x00000000   Number         0  stubs.o ABSOLUTE
    _printf_flags                            0x00000000   Number         0  stubs.o ABSOLUTE
    _printf_fp_dec                           0x00000000   Number         0  stubs.o ABSOLUTE
    _printf_fp_hex                           0x00000000   Number         0  stubs.o ABSOLUTE
    _printf_g                                0x00000000   Number         0  stubs.o ABSOLUTE
    _printf_i                                0x00000000   Number         0  stubs.o ABSOLUTE
    _printf_int_dec                          0x00000000   Number         0  stubs.o ABSOLUTE
    _printf_l                                0x00000000   Number         0  stubs.o ABSOLUTE
    _printf_lc                               0x00000000   Number         0  stubs.o ABSOLUTE
    _printf_ll                               0x00000000   Number         0  stubs.o ABSOLUTE
    _printf_lld                              0x00000000   Number         0  stubs.o ABSOLUTE
    _printf_lli                              0x00000000   Number         0  stubs.o ABSOLUTE
    _printf_llo                              0x00000000   Number         0  stubs.o ABSOLUTE
    _printf_llu                              0x00000000   Number         0  stubs.o ABSOLUTE
    _printf_llx                              0x00000000   Number         0  stubs.o ABSOLUTE
    _printf_longlong_dec                     0x00000000   Number         0  stubs.o ABSOLUTE
    _printf_longlong_hex                     0x00000000   Number         0  stubs.o ABSOLUTE
    _printf_longlong_oct                     0x00000000   Number         0  stubs.o ABSOLUTE
    _printf_ls                               0x00000000   Number         0  stubs.o ABSOLUTE
    _printf_mbtowc                           0x00000000   Number         0  stubs.o ABSOLUTE
    _printf_n                                0x00000000   Number         0  stubs.o ABSOLUTE
    _printf_o                                0x00000000   Number         0  stubs.o ABSOLUTE
    _printf_p                                0x00000000   Number         0  stubs.o ABSOLUTE
    _printf_percent                          0x00000000   Number         0  stubs.o ABSOLUTE
    _printf_pre_padding                      0x00000000   Number         0  stubs.o ABSOLUTE
    _printf_return_value                     0x00000000   Number         0  stubs.o ABSOLUTE
    _printf_s                                0x00000000   Number         0  stubs.o ABSOLUTE
    _printf_sizespec                         0x00000000   Number         0  stubs.o ABSOLUTE
    _printf_str                              0x00000000   Number         0  stubs.o ABSOLUTE
    _printf_truncate_signed                  0x00000000   Number         0  stubs.o ABSOLUTE
    _printf_truncate_unsigned                0x00000000   Number         0  stubs.o ABSOLUTE
    _printf_u                                0x00000000   Number         0  stubs.o ABSOLUTE
    _printf_wc                               0x00000000   Number         0  stubs.o ABSOLUTE
    _printf_wctomb                           0x00000000   Number         0  stubs.o ABSOLUTE
    _printf_widthprec                        0x00000000   Number         0  stubs.o ABSOLUTE
    _printf_x                                0x00000000   Number         0  stubs.o ABSOLUTE
    __arm_fini_                               - Undefined Weak Reference
    __cpp_initialize__aeabi_                  - Undefined Weak Reference
    __cxa_finalize                            - Undefined Weak Reference
    __decompress                              - Undefined Weak Reference
    _clock_init                               - Undefined Weak Reference
    _microlib_exit                            - Undefined Weak Reference
    __Vectors_Size                           0x000001f8   Number         0  startup_stm32f767xx.o ABSOLUTE
    __Vectors                                0x08000000   Data           4  startup_stm32f767xx.o(RESET)
    __Vectors_End                            0x080001f8   Data           0  startup_stm32f767xx.o(RESET)
    __main                                   0x080001f9   Thumb Code     0  entry.o(.ARM.Collect$$$$00000000)
    _main_stk                                0x080001f9   Thumb Code     0  entry2.o(.ARM.Collect$$$$00000001)
    _main_scatterload                        0x080001fd   Thumb Code     0  entry5.o(.ARM.Collect$$$$00000004)
    __main_after_scatterload                 0x08000201   Thumb Code     0  entry5.o(.ARM.Collect$$$$00000004)
    _main_clock                              0x08000201   Thumb Code     0  entry7b.o(.ARM.Collect$$$$00000008)
    _main_cpp_init                           0x08000201   Thumb Code     0  entry8b.o(.ARM.Collect$$$$0000000A)
    _main_init                               0x08000201   Thumb Code     0  entry9a.o(.ARM.Collect$$$$0000000B)
    __rt_lib_shutdown_fini                   0x08000209   Thumb Code     0  entry12b.o(.ARM.Collect$$$$0000000E)
    __rt_final_cpp                           0x0800020d   Thumb Code     0  entry10a.o(.ARM.Collect$$$$0000000F)
    __rt_final_exit                          0x0800020d   Thumb Code     0  entry11a.o(.ARM.Collect$$$$00000011)
    Reset_Handler                            0x08000211   Thumb Code     8  startup_stm32f767xx.o(.text)
    ADC_IRQHandler                           0x0800022b   Thumb Code     0  startup_stm32f767xx.o(.text)
    CAN1_RX0_IRQHandler                      0x0800022b   Thumb Code     0  startup_stm32f767xx.o(.text)
    CAN1_RX1_IRQHandler                      0x0800022b   Thumb Code     0  startup_stm32f767xx.o(.text)
    CAN1_SCE_IRQHandler                      0x0800022b   Thumb Code     0  startup_stm32f767xx.o(.text)
    CAN1_TX_IRQHandler                       0x0800022b   Thumb Code     0  startup_stm32f767xx.o(.text)
    CAN2_RX0_IRQHandler                      0x0800022b   Thumb Code     0  startup_stm32f767xx.o(.text)
    CAN2_RX1_IRQHandler                      0x0800022b   Thumb Code     0  startup_stm32f767xx.o(.text)
    CAN2_SCE_IRQHandler                      0x0800022b   Thumb Code     0  startup_stm32f767xx.o(.text)
    CAN2_TX_IRQHandler                       0x0800022b   Thumb Code     0  startup_stm32f767xx.o(.text)
    CAN3_RX0_IRQHandler                      0x0800022b   Thumb Code     0  startup_stm32f767xx.o(.text)
    CAN3_RX1_IRQHandler                      0x0800022b   Thumb Code     0  startup_stm32f767xx.o(.text)
    CAN3_SCE_IRQHandler                      0x0800022b   Thumb Code     0  startup_stm32f767xx.o(.text)
    CAN3_TX_IRQHandler                       0x0800022b   Thumb Code     0  startup_stm32f767xx.o(.text)
    CEC_IRQHandler                           0x0800022b   Thumb Code     0  startup_stm32f767xx.o(.text)
    DCMI_IRQHandler                          0x0800022b   Thumb Code     0  startup_stm32f767xx.o(.text)
    DFSDM1_FLT0_IRQHandler                   0x0800022b   Thumb Code     0  startup_stm32f767xx.o(.text)
    DFSDM1_FLT1_IRQHandler                   0x0800022b   Thumb Code     0  startup_stm32f767xx.o(.text)
    DFSDM1_FLT2_IRQHandler                   0x0800022b   Thumb Code     0  startup_stm32f767xx.o(.text)
    DFSDM1_FLT3_IRQHandler                   0x0800022b   Thumb Code     0  startup_stm32f767xx.o(.text)
    DMA1_Stream0_IRQHandler                  0x0800022b   Thumb Code     0  startup_stm32f767xx.o(.text)
    DMA1_Stream1_IRQHandler                  0x0800022b   Thumb Code     0  startup_stm32f767xx.o(.text)
    DMA1_Stream2_IRQHandler                  0x0800022b   Thumb Code     0  startup_stm32f767xx.o(.text)
    DMA1_Stream3_IRQHandler                  0x0800022b   Thumb Code     0  startup_stm32f767xx.o(.text)
    DMA1_Stream4_IRQHandler                  0x0800022b   Thumb Code     0  startup_stm32f767xx.o(.text)
    DMA1_Stream5_IRQHandler                  0x0800022b   Thumb Code     0  startup_stm32f767xx.o(.text)
    DMA1_Stream6_IRQHandler                  0x0800022b   Thumb Code     0  startup_stm32f767xx.o(.text)
    DMA1_Stream7_IRQHandler                  0x0800022b   Thumb Code     0  startup_stm32f767xx.o(.text)
    DMA2D_IRQHandler                         0x0800022b   Thumb Code     0  startup_stm32f767xx.o(.text)
    DMA2_Stream0_IRQHandler                  0x0800022b   Thumb Code     0  startup_stm32f767xx.o(.text)
    DMA2_Stream1_IRQHandler                  0x0800022b   Thumb Code     0  startup_stm32f767xx.o(.text)
    DMA2_Stream2_IRQHandler                  0x0800022b   Thumb Code     0  startup_stm32f767xx.o(.text)
    DMA2_Stream3_IRQHandler                  0x0800022b   Thumb Code     0  startup_stm32f767xx.o(.text)
    DMA2_Stream4_IRQHandler                  0x0800022b   Thumb Code     0  startup_stm32f767xx.o(.text)
    DMA2_Stream5_IRQHandler                  0x0800022b   Thumb Code     0  startup_stm32f767xx.o(.text)
    DMA2_Stream6_IRQHandler                  0x0800022b   Thumb Code     0  startup_stm32f767xx.o(.text)
    DMA2_Stream7_IRQHandler                  0x0800022b   Thumb Code     0  startup_stm32f767xx.o(.text)
    ETH_IRQHandler                           0x0800022b   Thumb Code     0  startup_stm32f767xx.o(.text)
    ETH_WKUP_IRQHandler                      0x0800022b   Thumb Code     0  startup_stm32f767xx.o(.text)
    EXTI0_IRQHandler                         0x0800022b   Thumb Code     0  startup_stm32f767xx.o(.text)
    EXTI15_10_IRQHandler                     0x0800022b   Thumb Code     0  startup_stm32f767xx.o(.text)
    EXTI1_IRQHandler                         0x0800022b   Thumb Code     0  startup_stm32f767xx.o(.text)
    EXTI2_IRQHandler                         0x0800022b   Thumb Code     0  startup_stm32f767xx.o(.text)
    EXTI3_IRQHandler                         0x0800022b   Thumb Code     0  startup_stm32f767xx.o(.text)
    EXTI4_IRQHandler                         0x0800022b   Thumb Code     0  startup_stm32f767xx.o(.text)
    EXTI9_5_IRQHandler                       0x0800022b   Thumb Code     0  startup_stm32f767xx.o(.text)
    FLASH_IRQHandler                         0x0800022b   Thumb Code     0  startup_stm32f767xx.o(.text)
    FMC_IRQHandler                           0x0800022b   Thumb Code     0  startup_stm32f767xx.o(.text)
    FPU_IRQHandler                           0x0800022b   Thumb Code     0  startup_stm32f767xx.o(.text)
    I2C1_ER_IRQHandler                       0x0800022b   Thumb Code     0  startup_stm32f767xx.o(.text)
    I2C1_EV_IRQHandler                       0x0800022b   Thumb Code     0  startup_stm32f767xx.o(.text)
    I2C2_ER_IRQHandler                       0x0800022b   Thumb Code     0  startup_stm32f767xx.o(.text)
    I2C2_EV_IRQHandler                       0x0800022b   Thumb Code     0  startup_stm32f767xx.o(.text)
    I2C3_ER_IRQHandler                       0x0800022b   Thumb Code     0  startup_stm32f767xx.o(.text)
    I2C3_EV_IRQHandler                       0x0800022b   Thumb Code     0  startup_stm32f767xx.o(.text)
    I2C4_ER_IRQHandler                       0x0800022b   Thumb Code     0  startup_stm32f767xx.o(.text)
    I2C4_EV_IRQHandler                       0x0800022b   Thumb Code     0  startup_stm32f767xx.o(.text)
    JPEG_IRQHandler                          0x0800022b   Thumb Code     0  startup_stm32f767xx.o(.text)
    LPTIM1_IRQHandler                        0x0800022b   Thumb Code     0  startup_stm32f767xx.o(.text)
    LTDC_ER_IRQHandler                       0x0800022b   Thumb Code     0  startup_stm32f767xx.o(.text)
    LTDC_IRQHandler                          0x0800022b   Thumb Code     0  startup_stm32f767xx.o(.text)
    MDIOS_IRQHandler                         0x0800022b   Thumb Code     0  startup_stm32f767xx.o(.text)
    OTG_FS_IRQHandler                        0x0800022b   Thumb Code     0  startup_stm32f767xx.o(.text)
    OTG_FS_WKUP_IRQHandler                   0x0800022b   Thumb Code     0  startup_stm32f767xx.o(.text)
    OTG_HS_EP1_IN_IRQHandler                 0x0800022b   Thumb Code     0  startup_stm32f767xx.o(.text)
    OTG_HS_EP1_OUT_IRQHandler                0x0800022b   Thumb Code     0  startup_stm32f767xx.o(.text)
    OTG_HS_IRQHandler                        0x0800022b   Thumb Code     0  startup_stm32f767xx.o(.text)
    OTG_HS_WKUP_IRQHandler                   0x0800022b   Thumb Code     0  startup_stm32f767xx.o(.text)
    PVD_IRQHandler                           0x0800022b   Thumb Code     0  startup_stm32f767xx.o(.text)
    QUADSPI_IRQHandler                       0x0800022b   Thumb Code     0  startup_stm32f767xx.o(.text)
    RCC_IRQHandler                           0x0800022b   Thumb Code     0  startup_stm32f767xx.o(.text)
    RNG_IRQHandler                           0x0800022b   Thumb Code     0  startup_stm32f767xx.o(.text)
    RTC_Alarm_IRQHandler                     0x0800022b   Thumb Code     0  startup_stm32f767xx.o(.text)
    RTC_WKUP_IRQHandler                      0x0800022b   Thumb Code     0  startup_stm32f767xx.o(.text)
    SAI1_IRQHandler                          0x0800022b   Thumb Code     0  startup_stm32f767xx.o(.text)
    SAI2_IRQHandler                          0x0800022b   Thumb Code     0  startup_stm32f767xx.o(.text)
    SDMMC1_IRQHandler                        0x0800022b   Thumb Code     0  startup_stm32f767xx.o(.text)
    SDMMC2_IRQHandler                        0x0800022b   Thumb Code     0  startup_stm32f767xx.o(.text)
    SPDIF_RX_IRQHandler                      0x0800022b   Thumb Code     0  startup_stm32f767xx.o(.text)
    SPI1_IRQHandler                          0x0800022b   Thumb Code     0  startup_stm32f767xx.o(.text)
    SPI2_IRQHandler                          0x0800022b   Thumb Code     0  startup_stm32f767xx.o(.text)
    SPI3_IRQHandler                          0x0800022b   Thumb Code     0  startup_stm32f767xx.o(.text)
    SPI4_IRQHandler                          0x0800022b   Thumb Code     0  startup_stm32f767xx.o(.text)
    SPI5_IRQHandler                          0x0800022b   Thumb Code     0  startup_stm32f767xx.o(.text)
    SPI6_IRQHandler                          0x0800022b   Thumb Code     0  startup_stm32f767xx.o(.text)
    TAMP_STAMP_IRQHandler                    0x0800022b   Thumb Code     0  startup_stm32f767xx.o(.text)
    TIM1_BRK_TIM9_IRQHandler                 0x0800022b   Thumb Code     0  startup_stm32f767xx.o(.text)
    TIM1_CC_IRQHandler                       0x0800022b   Thumb Code     0  startup_stm32f767xx.o(.text)
    TIM1_TRG_COM_TIM11_IRQHandler            0x0800022b   Thumb Code     0  startup_stm32f767xx.o(.text)
    TIM1_UP_TIM10_IRQHandler                 0x0800022b   Thumb Code     0  startup_stm32f767xx.o(.text)
    TIM5_IRQHandler                          0x0800022b   Thumb Code     0  startup_stm32f767xx.o(.text)
    TIM6_DAC_IRQHandler                      0x0800022b   Thumb Code     0  startup_stm32f767xx.o(.text)
    TIM7_IRQHandler                          0x0800022b   Thumb Code     0  startup_stm32f767xx.o(.text)
    TIM8_BRK_TIM12_IRQHandler                0x0800022b   Thumb Code     0  startup_stm32f767xx.o(.text)
    TIM8_CC_IRQHandler                       0x0800022b   Thumb Code     0  startup_stm32f767xx.o(.text)
    TIM8_TRG_COM_TIM14_IRQHandler            0x0800022b   Thumb Code     0  startup_stm32f767xx.o(.text)
    TIM8_UP_TIM13_IRQHandler                 0x0800022b   Thumb Code     0  startup_stm32f767xx.o(.text)
    UART4_IRQHandler                         0x0800022b   Thumb Code     0  startup_stm32f767xx.o(.text)
    UART5_IRQHandler                         0x0800022b   Thumb Code     0  startup_stm32f767xx.o(.text)
    UART7_IRQHandler                         0x0800022b   Thumb Code     0  startup_stm32f767xx.o(.text)
    UART8_IRQHandler                         0x0800022b   Thumb Code     0  startup_stm32f767xx.o(.text)
    USART1_IRQHandler                        0x0800022b   Thumb Code     0  startup_stm32f767xx.o(.text)
    USART2_IRQHandler                        0x0800022b   Thumb Code     0  startup_stm32f767xx.o(.text)
    USART3_IRQHandler                        0x0800022b   Thumb Code     0  startup_stm32f767xx.o(.text)
    USART6_IRQHandler                        0x0800022b   Thumb Code     0  startup_stm32f767xx.o(.text)
    WWDG_IRQHandler                          0x0800022b   Thumb Code     0  startup_stm32f767xx.o(.text)
    __aeabi_uldivmod                         0x08000235   Thumb Code    98  uldiv.o(.text)
    __aeabi_memcpy                           0x08000297   Thumb Code    36  memcpya.o(.text)
    __aeabi_memcpy4                          0x08000297   Thumb Code     0  memcpya.o(.text)
    __aeabi_memcpy8                          0x08000297   Thumb Code     0  memcpya.o(.text)
    __aeabi_memset                           0x080002bb   Thumb Code    14  memseta.o(.text)
    __aeabi_memset4                          0x080002bb   Thumb Code     0  memseta.o(.text)
    __aeabi_memset8                          0x080002bb   Thumb Code     0  memseta.o(.text)
    __aeabi_memclr                           0x080002c9   Thumb Code     4  memseta.o(.text)
    __aeabi_memclr4                          0x080002c9   Thumb Code     0  memseta.o(.text)
    __aeabi_memclr8                          0x080002c9   Thumb Code     0  memseta.o(.text)
    _memset$wrapper                          0x080002cd   Thumb Code    18  memseta.o(.text)
    strlen                                   0x080002df   Thumb Code    14  strlen.o(.text)
    __aeabi_uidiv                            0x080002ed   Thumb Code     0  uidiv.o(.text)
    __aeabi_uidivmod                         0x080002ed   Thumb Code    44  uidiv.o(.text)
    __aeabi_llsl                             0x08000319   Thumb Code    30  llshl.o(.text)
    _ll_shift_l                              0x08000319   Thumb Code     0  llshl.o(.text)
    __aeabi_llsr                             0x08000337   Thumb Code    32  llushr.o(.text)
    _ll_ushift_r                             0x08000337   Thumb Code     0  llushr.o(.text)
    __scatterload                            0x08000359   Thumb Code    28  init.o(.text)
    __scatterload_rt2                        0x08000359   Thumb Code     0  init.o(.text)
    AlarmPopup_Page                          0x0800037d   Thumb Code   126  display.o(i.AlarmPopup_Page)
    Alarm_Page                               0x0800041d   Thumb Code   248  display.o(i.Alarm_Page)
    BusFault_Handler                         0x08000541   Thumb Code     2  stm32f7xx_it.o(i.BusFault_Handler)
    Clock_Page                               0x08000545   Thumb Code   116  display.o(i.Clock_Page)
    Core_Init                                0x080005cd   Thumb Code    34  core.o(i.Core_Init)
    DebugMon_Handler                         0x080005f5   Thumb Code     2  stm32f7xx_it.o(i.DebugMon_Handler)
    Display_Init                             0x080005f9   Thumb Code    36  display.o(i.Display_Init)
    Draw_BottomNavBar                        0x08000625   Thumb Code   194  display.o(i.Draw_BottomNavBar)
    Draw_Button                              0x0800070d   Thumb Code   154  display.o(i.Draw_Button)
    Draw_Clock                               0x080007a9   Thumb Code    42  display.o(i.Draw_Clock)
    Draw_Clock_Sec                           0x080007dd   Thumb Code    42  display.o(i.Draw_Clock_Sec)
    Draw_Custom_Clock                        0x08000811   Thumb Code    46  display.o(i.Draw_Custom_Clock)
    Draw_Custom_Clock_Sec                    0x0800084d   Thumb Code    50  display.o(i.Draw_Custom_Clock_Sec)
    Draw_ToggleSW                            0x08000891   Thumb Code   386  display.o(i.Draw_ToggleSW)
    Draw_TopBar                              0x08000a29   Thumb Code    52  display.o(i.Draw_TopBar)
    Draw_TopButton                           0x08000a71   Thumb Code    92  display.o(i.Draw_TopButton)
    Error_Handler                            0x08000ad5   Thumb Code     4  main.o(i.Error_Handler)
    HAL_Delay                                0x08000ad9   Thumb Code    32  stm32f7xx_hal.o(i.HAL_Delay)
    HAL_GPIO_Init                            0x08000afd   Thumb Code   420  stm32f7xx_hal_gpio.o(i.HAL_GPIO_Init)
    HAL_GPIO_ReadPin                         0x08000cd5   Thumb Code    10  stm32f7xx_hal_gpio.o(i.HAL_GPIO_ReadPin)
    HAL_GPIO_WritePin                        0x08000cdf   Thumb Code    10  stm32f7xx_hal_gpio.o(i.HAL_GPIO_WritePin)
    HAL_GetTick                              0x08000ce9   Thumb Code     6  stm32f7xx_hal.o(i.HAL_GetTick)
    HAL_IncTick                              0x08000cf5   Thumb Code    12  stm32f7xx_hal.o(i.HAL_IncTick)
    HAL_Init                                 0x08000d05   Thumb Code    22  stm32f7xx_hal.o(i.HAL_Init)
    HAL_InitTick                             0x08000d1d   Thumb Code    54  stm32f7xx_hal.o(i.HAL_InitTick)
    HAL_MspInit                              0x08000d5d   Thumb Code    42  stm32f7xx_hal_msp.o(i.HAL_MspInit)
    HAL_NVIC_EnableIRQ                       0x08000d8d   Thumb Code    26  stm32f7xx_hal_cortex.o(i.HAL_NVIC_EnableIRQ)
    HAL_NVIC_SetPriority                     0x08000da9   Thumb Code    60  stm32f7xx_hal_cortex.o(i.HAL_NVIC_SetPriority)
    HAL_NVIC_SetPriorityGrouping             0x08000de9   Thumb Code    28  stm32f7xx_hal_cortex.o(i.HAL_NVIC_SetPriorityGrouping)
    HAL_PWREx_EnableOverDrive                0x08000e0d   Thumb Code   100  stm32f7xx_hal_pwr_ex.o(i.HAL_PWREx_EnableOverDrive)
    HAL_PWR_EnableBkUpAccess                 0x08000e79   Thumb Code    12  stm32f7xx_hal_pwr.o(i.HAL_PWR_EnableBkUpAccess)
    HAL_RCCEx_PeriphCLKConfig                0x08000e89   Thumb Code  1336  stm32f7xx_hal_rcc_ex.o(i.HAL_RCCEx_PeriphCLKConfig)
    HAL_RCC_ClockConfig                      0x080013c5   Thumb Code   284  stm32f7xx_hal_rcc.o(i.HAL_RCC_ClockConfig)
    HAL_RCC_GetPCLK1Freq                     0x080014f5   Thumb Code    20  stm32f7xx_hal_rcc.o(i.HAL_RCC_GetPCLK1Freq)
    HAL_RCC_GetPCLK2Freq                     0x08001515   Thumb Code    20  stm32f7xx_hal_rcc.o(i.HAL_RCC_GetPCLK2Freq)
    HAL_RCC_GetSysClockFreq                  0x08001535   Thumb Code    88  stm32f7xx_hal_rcc.o(i.HAL_RCC_GetSysClockFreq)
    HAL_RCC_OscConfig                        0x08001595   Thumb Code   906  stm32f7xx_hal_rcc.o(i.HAL_RCC_OscConfig)
    HAL_RNG_Init                             0x0800192d   Thumb Code    50  stm32f7xx_hal_rng.o(i.HAL_RNG_Init)
    HAL_RNG_MspInit                          0x08001961   Thumb Code    30  rng.o(i.HAL_RNG_MspInit)
    HAL_SPI_Init                             0x08001989   Thumb Code   242  stm32f7xx_hal_spi.o(i.HAL_SPI_Init)
    HAL_SPI_MspInit                          0x08001a7d   Thumb Code    88  spi.o(i.HAL_SPI_MspInit)
    HAL_SPI_Transmit                         0x08001ae1   Thumb Code   390  stm32f7xx_hal_spi.o(i.HAL_SPI_Transmit)
    HAL_SYSTICK_Config                       0x08001c67   Thumb Code    38  stm32f7xx_hal_cortex.o(i.HAL_SYSTICK_Config)
    HAL_TIMEx_Break2Callback                 0x08001c8d   Thumb Code     2  stm32f7xx_hal_tim_ex.o(i.HAL_TIMEx_Break2Callback)
    HAL_TIMEx_BreakCallback                  0x08001c8f   Thumb Code     2  stm32f7xx_hal_tim_ex.o(i.HAL_TIMEx_BreakCallback)
    HAL_TIMEx_CommutCallback                 0x08001c91   Thumb Code     2  stm32f7xx_hal_tim_ex.o(i.HAL_TIMEx_CommutCallback)
    HAL_TIMEx_MasterConfigSynchronization    0x08001c95   Thumb Code   134  stm32f7xx_hal_tim_ex.o(i.HAL_TIMEx_MasterConfigSynchronization)
    HAL_TIM_Base_Init                        0x08001d39   Thumb Code    98  stm32f7xx_hal_tim.o(i.HAL_TIM_Base_Init)
    HAL_TIM_Base_MspInit                     0x08001d9d   Thumb Code   146  tim.o(i.HAL_TIM_Base_MspInit)
    HAL_TIM_Base_Start_IT                    0x08001e45   Thumb Code   106  stm32f7xx_hal_tim.o(i.HAL_TIM_Base_Start_IT)
    HAL_TIM_ConfigClockSource                0x08001ed1   Thumb Code   214  stm32f7xx_hal_tim.o(i.HAL_TIM_ConfigClockSource)
    HAL_TIM_IC_CaptureCallback               0x08001fad   Thumb Code     2  stm32f7xx_hal_tim.o(i.HAL_TIM_IC_CaptureCallback)
    HAL_TIM_IRQHandler                       0x08001faf   Thumb Code   386  stm32f7xx_hal_tim.o(i.HAL_TIM_IRQHandler)
    HAL_TIM_MspPostInit                      0x08002131   Thumb Code    68  tim.o(i.HAL_TIM_MspPostInit)
    HAL_TIM_OC_DelayElapsedCallback          0x08002181   Thumb Code     2  stm32f7xx_hal_tim.o(i.HAL_TIM_OC_DelayElapsedCallback)
    HAL_TIM_PWM_ConfigChannel                0x08002183   Thumb Code   286  stm32f7xx_hal_tim.o(i.HAL_TIM_PWM_ConfigChannel)
    HAL_TIM_PWM_Init                         0x080022a1   Thumb Code    98  stm32f7xx_hal_tim.o(i.HAL_TIM_PWM_Init)
    HAL_TIM_PWM_MspInit                      0x08002305   Thumb Code    30  tim.o(i.HAL_TIM_PWM_MspInit)
    HAL_TIM_PWM_PulseFinishedCallback        0x0800232d   Thumb Code     2  stm32f7xx_hal_tim.o(i.HAL_TIM_PWM_PulseFinishedCallback)
    HAL_TIM_PWM_Start                        0x08002331   Thumb Code   216  stm32f7xx_hal_tim.o(i.HAL_TIM_PWM_Start)
    HAL_TIM_PeriodElapsedCallback            0x08002429   Thumb Code     2  stm32f7xx_hal_tim.o(i.HAL_TIM_PeriodElapsedCallback)
    HAL_TIM_TriggerCallback                  0x0800242b   Thumb Code     2  stm32f7xx_hal_tim.o(i.HAL_TIM_TriggerCallback)
    HAL_UART_Init                            0x0800242d   Thumb Code   102  stm32f7xx_hal_uart.o(i.HAL_UART_Init)
    HAL_UART_MspInit                         0x08002495   Thumb Code    88  usart.o(i.HAL_UART_MspInit)
    HAL_UART_Transmit                        0x080024f9   Thumb Code   184  stm32f7xx_hal_uart.o(i.HAL_UART_Transmit)
    HardFault_Handler                        0x080025b1   Thumb Code     2  stm32f7xx_it.o(i.HardFault_Handler)
    Home_Page                                0x080025b5   Thumb Code   170  display.o(i.Home_Page)
    ILI9341_Draw_Char                        0x0800268d   Thumb Code   164  ili9341_gfx.o(i.ILI9341_Draw_Char)
    ILI9341_Draw_Colour_Burst                0x08002735   Thumb Code   154  ili9341_stm32_driver.o(i.ILI9341_Draw_Colour_Burst)
    ILI9341_Draw_Filled_Rectangle_Coord      0x080027d9   Thumb Code    52  ili9341_gfx.o(i.ILI9341_Draw_Filled_Rectangle_Coord)
    ILI9341_Draw_Pixel                       0x0800280d   Thumb Code   332  ili9341_stm32_driver.o(i.ILI9341_Draw_Pixel)
    ILI9341_Draw_Rectangle                   0x08002965   Thumb Code    90  ili9341_stm32_driver.o(i.ILI9341_Draw_Rectangle)
    ILI9341_Draw_Text                        0x080029c5   Thumb Code    54  ili9341_gfx.o(i.ILI9341_Draw_Text)
    ILI9341_Enable                           0x080029fd   Thumb Code    10  ili9341_stm32_driver.o(i.ILI9341_Enable)
    ILI9341_Fill_Screen                      0x08002a0d   Thumb Code    34  ili9341_stm32_driver.o(i.ILI9341_Fill_Screen)
    ILI9341_Init                             0x08002a35   Thumb Code   536  ili9341_stm32_driver.o(i.ILI9341_Init)
    ILI9341_Reset                            0x08002c4d   Thumb Code    54  ili9341_stm32_driver.o(i.ILI9341_Reset)
    ILI9341_SPI_Init                         0x08002c89   Thumb Code    26  ili9341_stm32_driver.o(i.ILI9341_SPI_Init)
    ILI9341_SPI_Send                         0x08002ca9   Thumb Code    16  ili9341_stm32_driver.o(i.ILI9341_SPI_Send)
    ILI9341_Set_Address                      0x08002cbd   Thumb Code    82  ili9341_stm32_driver.o(i.ILI9341_Set_Address)
    ILI9341_Set_Rotation                     0x08002d11   Thumb Code    76  ili9341_stm32_driver.o(i.ILI9341_Set_Rotation)
    ILI9341_Write_Command                    0x08002d61   Thumb Code    50  ili9341_stm32_driver.o(i.ILI9341_Write_Command)
    ILI9341_Write_Data                       0x08002d99   Thumb Code    48  ili9341_stm32_driver.o(i.ILI9341_Write_Data)
    Idle_Page                                0x08002dcd   Thumb Code    88  display.o(i.Idle_Page)
    MX_GPIO_Init                             0x08002e35   Thumb Code   458  gpio.o(i.MX_GPIO_Init)
    MX_RNG_Init                              0x0800301d   Thumb Code    28  rng.o(i.MX_RNG_Init)
    MX_SPI5_Init                             0x08003041   Thumb Code    66  spi.o(i.MX_SPI5_Init)
    MX_TIM1_Init                             0x0800308d   Thumb Code    98  tim.o(i.MX_TIM1_Init)
    MX_TIM2_Init                             0x080030f9   Thumb Code    96  tim.o(i.MX_TIM2_Init)
    MX_TIM3_Init                             0x0800315d   Thumb Code    94  tim.o(i.MX_TIM3_Init)
    MX_TIM4_Init                             0x080031c5   Thumb Code    94  tim.o(i.MX_TIM4_Init)
    MX_TIM5_Init                             0x0800322d   Thumb Code   106  tim.o(i.MX_TIM5_Init)
    MX_USART3_UART_Init                      0x080032a1   Thumb Code    52  usart.o(i.MX_USART3_UART_Init)
    MemManage_Handler                        0x080032dd   Thumb Code     2  stm32f7xx_it.o(i.MemManage_Handler)
    NMI_Handler                              0x080032df   Thumb Code     2  stm32f7xx_it.o(i.NMI_Handler)
    PendSV_Handler                           0x080032e1   Thumb Code     2  stm32f7xx_it.o(i.PendSV_Handler)
    SVC_Handler                              0x080034ad   Thumb Code     2  stm32f7xx_it.o(i.SVC_Handler)
    SysTick_Handler                          0x080034af   Thumb Code     4  stm32f7xx_it.o(i.SysTick_Handler)
    SystemClock_Config                       0x080034b5   Thumb Code   184  main.o(i.SystemClock_Config)
    SystemInit                               0x08003579   Thumb Code    12  system_stm32f7xx.o(i.SystemInit)
    TIM2_IRQHandler                          0x08003589   Thumb Code    18  stm32f7xx_it.o(i.TIM2_IRQHandler)
    TIM3_IRQHandler                          0x080035a5   Thumb Code    18  stm32f7xx_it.o(i.TIM3_IRQHandler)
    TIM4_IRQHandler                          0x080035c1   Thumb Code    18  stm32f7xx_it.o(i.TIM4_IRQHandler)
    TIM_Base_SetConfig                       0x080035dd   Thumb Code   158  stm32f7xx_hal_tim.o(i.TIM_Base_SetConfig)
    TIM_CCxChannelCmd                        0x080036a9   Thumb Code    26  stm32f7xx_hal_tim.o(i.TIM_CCxChannelCmd)
    TIM_ETR_SetConfig                        0x080036c3   Thumb Code    18  stm32f7xx_hal_tim.o(i.TIM_ETR_SetConfig)
    TIM_OC2_SetConfig                        0x08003759   Thumb Code   108  stm32f7xx_hal_tim.o(i.TIM_OC2_SetConfig)
    TP_Read                                  0x08003999   Thumb Code    68  ili9341_touchscreen.o(i.TP_Read)
    TP_Read_Coordinates                      0x080039e1   Thumb Code   228  ili9341_touchscreen.o(i.TP_Read_Coordinates)
    TP_Touchpad_Pressed                      0x08003ad1   Thumb Code    20  ili9341_touchscreen.o(i.TP_Touchpad_Pressed)
    TP_Write                                 0x08003ae9   Thumb Code    70  ili9341_touchscreen.o(i.TP_Write)
    TimerPopup_Page                          0x08003b35   Thumb Code   100  display.o(i.TimerPopup_Page)
    Timer_Page                               0x08003bb9   Thumb Code   576  display.o(i.Timer_Page)
    Timer_Pause                              0x08003e51   Thumb Code    10  device.o(i.Timer_Pause)
    Timer_Reset                              0x08003e61   Thumb Code    26  device.o(i.Timer_Reset)
    Timer_Start                              0x08003e85   Thumb Code    76  device.o(i.Timer_Start)
    UART_AdvFeatureConfig                    0x08003ee9   Thumb Code   200  stm32f7xx_hal_uart.o(i.UART_AdvFeatureConfig)
    UART_CheckIdleState                      0x08003fb1   Thumb Code    92  stm32f7xx_hal_uart.o(i.UART_CheckIdleState)
    UART_Log                                 0x0800400d   Thumb Code    40  device.o(i.UART_Log)
    UART_SetConfig                           0x0800403d   Thumb Code   518  stm32f7xx_hal_uart.o(i.UART_SetConfig)
    UART_WaitOnFlagUntilTimeout              0x08004271   Thumb Code   164  stm32f7xx_hal_uart.o(i.UART_WaitOnFlagUntilTimeout)
    UsageFault_Handler                       0x08004315   Thumb Code     2  stm32f7xx_it.o(i.UsageFault_Handler)
    __0sprintf$6                             0x08004319   Thumb Code    34  printf6.o(i.__0sprintf$6)
    __1sprintf$6                             0x08004319   Thumb Code     0  printf6.o(i.__0sprintf$6)
    __2sprintf                               0x08004319   Thumb Code     0  printf6.o(i.__0sprintf$6)
    __scatterload_copy                       0x08004363   Thumb Code    14  handlers.o(i.__scatterload_copy)
    __scatterload_null                       0x08004371   Thumb Code     2  handlers.o(i.__scatterload_null)
    __scatterload_zeroinit                   0x08004373   Thumb Code    14  handlers.o(i.__scatterload_zeroinit)
    changePage                               0x080046cd   Thumb Code    14  display.o(i.changePage)
    checkAlarmClock                          0x080046e1   Thumb Code    34  device.o(i.checkAlarmClock)
    checkMainClock                           0x08004709   Thumb Code    60  device.o(i.checkMainClock)
    checkTouchPadTarget                      0x08004749   Thumb Code    92  display.o(i.checkTouchPadTarget)
    displayScreen                            0x080047a5   Thumb Code   138  display.o(i.displayScreen)
    free                                     0x08004839   Thumb Code    76  malloc.o(i.free)
    isClockUpdated                           0x08004889   Thumb Code    52  display.o(i.isClockUpdated)
    main                                     0x080048c5   Thumb Code   216  main.o(i.main)
    malloc                                   0x080049bd   Thumb Code    92  malloc.o(i.malloc)
    setBrightness                            0x08004a29   Thumb Code   260  display.o(i.setBrightness)
    updateScreen                             0x08004b41   Thumb Code    26  display.o(i.updateScreen)
    updateScreenComplete                     0x08004b65   Thumb Code    10  display.o(i.updateScreenComplete)
    updateTimer                              0x08004b75   Thumb Code   118  device.o(i.updateTimer)
    AHBPrescTable                            0x08004e44   Data          16  system_stm32f7xx.o(.constdata)
    APBPrescTable                            0x08004e54   Data           8  system_stm32f7xx.o(.constdata)
    Region$$Table$$Base                      0x08004e9c   Number         0  anon$$obj.o(Region$$Table)
    Region$$Table$$Limit                     0x08004ebc   Number         0  anon$$obj.o(Region$$Table)
    LCD_HEIGHT                               0x20000000   Data           2  ili9341_stm32_driver.o(.data)
    LCD_WIDTH                                0x20000002   Data           2  ili9341_stm32_driver.o(.data)
    displayParams                            0x20000004   Data           4  main.o(.data)
    count2                                   0x20000008   Data           4  main.o(.data)
    count4                                   0x2000000c   Data           4  main.o(.data)
    count3                                   0x20000010   Data           4  main.o(.data)
    uwTickFreq                               0x20000014   Data           1  stm32f7xx_hal.o(.data)
    uwTickPrio                               0x20000018   Data           4  stm32f7xx_hal.o(.data)
    uwTick                                   0x2000001c   Data           4  stm32f7xx_hal.o(.data)
    SystemCoreClock                          0x20000020   Data           4  system_stm32f7xx.o(.data)
    alarmEdit                                0x20000024   Data           1  display.o(.data)
    editTimer                                0x20000025   Data           1  display.o(.data)
    timerSubpage                             0x20000026   Data           1  display.o(.data)
    prevDrawHour                             0x20000027   Data           1  display.o(.data)
    prevDrawMin                              0x20000028   Data           1  display.o(.data)
    prevDrawSec                              0x20000029   Data           1  display.o(.data)
    Color                                    0x2000002a   Data          16  display.o(.data)
    DisplayParams_Default                    0x2000003c   Data           4  core.o(.data)
    deviceParamsPtr                          0x20000040   Data           4  core.o(.data)
    displayParamsPtr                         0x20000044   Data           4  core.o(.data)
    DeviceParams_Default                     0x20000048   Data          64  core.o(.data)
    __microlib_freelist                      0x20000088   Data           4  mvars.o(.data)
    __microlib_freelist_initialised          0x2000008c   Data           4  mvars.o(.data)
    deviceParams                             0x20000090   Data          64  main.o(.bss)
    hrng                                     0x200000d0   Data          16  rng.o(.bss)
    hspi5                                    0x200000e0   Data         100  spi.o(.bss)
    htim1                                    0x20000144   Data          76  tim.o(.bss)
    htim2                                    0x20000190   Data          76  tim.o(.bss)
    htim3                                    0x200001dc   Data          76  tim.o(.bss)
    htim4                                    0x20000228   Data          76  tim.o(.bss)
    htim5                                    0x20000274   Data          76  tim.o(.bss)
    huart3                                   0x200002c0   Data         132  usart.o(.bss)
    Clear_Time                               0x20000344   Data          12  device.o(.bss)
    prevTimer                                0x20000350   Data          12  display.o(.bss)
    targetRect                               0x2000035c   Data         160  display.o(.bss)
    __heap_base                              0x20000400   Data           0  startup_stm32f767xx.o(HEAP)
    __heap_limit                             0x20000600   Data           0  startup_stm32f767xx.o(HEAP)
    __initial_sp                             0x20000a00   Data           0  startup_stm32f767xx.o(STACK)



==============================================================================

Memory Map of the image

  Image Entry point : 0x080001f9

  Load Region LR_IROM1 (Base: 0x08000000, Size: 0x00004f4c, Max: 0x00200000, ABSOLUTE)

    Execution Region ER_IROM1 (Exec base: 0x08000000, Load base: 0x08000000, Size: 0x00004ebc, Max: 0x00200000, ABSOLUTE)

    Exec Addr    Load Addr    Size         Type   Attr      Idx    E Section Name        Object

    0x08000000   0x08000000   0x000001f8   Data   RO            3    RESET               startup_stm32f767xx.o
    0x080001f8   0x080001f8   0x00000000   Code   RO         4712  * .ARM.Collect$$$$00000000  mc_w.l(entry.o)
    0x080001f8   0x080001f8   0x00000004   Code   RO         5014    .ARM.Collect$$$$00000001  mc_w.l(entry2.o)
    0x080001fc   0x080001fc   0x00000004   Code   RO         5017    .ARM.Collect$$$$00000004  mc_w.l(entry5.o)
    0x08000200   0x08000200   0x00000000   Code   RO         5019    .ARM.Collect$$$$00000008  mc_w.l(entry7b.o)
    0x08000200   0x08000200   0x00000000   Code   RO         5021    .ARM.Collect$$$$0000000A  mc_w.l(entry8b.o)
    0x08000200   0x08000200   0x00000008   Code   RO         5022    .ARM.Collect$$$$0000000B  mc_w.l(entry9a.o)
    0x08000208   0x08000208   0x00000004   Code   RO         5029    .ARM.Collect$$$$0000000E  mc_w.l(entry12b.o)
    0x0800020c   0x0800020c   0x00000000   Code   RO         5024    .ARM.Collect$$$$0000000F  mc_w.l(entry10a.o)
    0x0800020c   0x0800020c   0x00000000   Code   RO         5026    .ARM.Collect$$$$00000011  mc_w.l(entry11a.o)
    0x0800020c   0x0800020c   0x00000004   Code   RO         5015    .ARM.Collect$$$$00002712  mc_w.l(entry2.o)
    0x08000210   0x08000210   0x00000024   Code   RO            4    .text               startup_stm32f767xx.o
    0x08000234   0x08000234   0x00000062   Code   RO         4715    .text               mc_w.l(uldiv.o)
    0x08000296   0x08000296   0x00000024   Code   RO         4717    .text               mc_w.l(memcpya.o)
    0x080002ba   0x080002ba   0x00000024   Code   RO         4719    .text               mc_w.l(memseta.o)
    0x080002de   0x080002de   0x0000000e   Code   RO         4721    .text               mc_w.l(strlen.o)
    0x080002ec   0x080002ec   0x0000002c   Code   RO         5033    .text               mc_w.l(uidiv.o)
    0x08000318   0x08000318   0x0000001e   Code   RO         5035    .text               mc_w.l(llshl.o)
    0x08000336   0x08000336   0x00000020   Code   RO         5037    .text               mc_w.l(llushr.o)
    0x08000356   0x08000356   0x00000002   PAD
    0x08000358   0x08000358   0x00000024   Code   RO         5052    .text               mc_w.l(init.o)
    0x0800037c   0x0800037c   0x000000a0   Code   RO         4513    i.AlarmPopup_Page   display.o
    0x0800041c   0x0800041c   0x00000124   Code   RO         4514    i.Alarm_Page        display.o
    0x08000540   0x08000540   0x00000002   Code   RO          663    i.BusFault_Handler  stm32f7xx_it.o
    0x08000542   0x08000542   0x00000002   PAD
    0x08000544   0x08000544   0x00000088   Code   RO         4515    i.Clock_Page        display.o
    0x080005cc   0x080005cc   0x00000028   Code   RO         4688    i.Core_Init         core.o
    0x080005f4   0x080005f4   0x00000002   Code   RO          664    i.DebugMon_Handler  stm32f7xx_it.o
    0x080005f6   0x080005f6   0x00000002   PAD
    0x080005f8   0x080005f8   0x0000002c   Code   RO         4516    i.Display_Init      display.o
    0x08000624   0x08000624   0x000000e8   Code   RO         4517    i.Draw_BottomNavBar  display.o
    0x0800070c   0x0800070c   0x0000009a   Code   RO         4518    i.Draw_Button       display.o
    0x080007a6   0x080007a6   0x00000002   PAD
    0x080007a8   0x080007a8   0x00000034   Code   RO         4519    i.Draw_Clock        display.o
    0x080007dc   0x080007dc   0x00000034   Code   RO         4520    i.Draw_Clock_Sec    display.o
    0x08000810   0x08000810   0x0000003c   Code   RO         4521    i.Draw_Custom_Clock  display.o
    0x0800084c   0x0800084c   0x00000044   Code   RO         4522    i.Draw_Custom_Clock_Sec  display.o
    0x08000890   0x08000890   0x00000198   Code   RO         4523    i.Draw_ToggleSW     display.o
    0x08000a28   0x08000a28   0x00000048   Code   RO         4524    i.Draw_TopBar       display.o
    0x08000a70   0x08000a70   0x00000064   Code   RO         4525    i.Draw_TopButton    display.o
    0x08000ad4   0x08000ad4   0x00000004   Code   RO          364    i.Error_Handler     main.o
    0x08000ad8   0x08000ad8   0x00000024   Code   RO         1798    i.HAL_Delay         stm32f7xx_hal.o
    0x08000afc   0x08000afc   0x000001d8   Code   RO         1365    i.HAL_GPIO_Init     stm32f7xx_hal_gpio.o
    0x08000cd4   0x08000cd4   0x0000000a   Code   RO         1367    i.HAL_GPIO_ReadPin  stm32f7xx_hal_gpio.o
    0x08000cde   0x08000cde   0x0000000a   Code   RO         1369    i.HAL_GPIO_WritePin  stm32f7xx_hal_gpio.o
    0x08000ce8   0x08000ce8   0x0000000c   Code   RO         1808    i.HAL_GetTick       stm32f7xx_hal.o
    0x08000cf4   0x08000cf4   0x00000010   Code   RO         1814    i.HAL_IncTick       stm32f7xx_hal.o
    0x08000d04   0x08000d04   0x00000016   Code   RO         1815    i.HAL_Init          stm32f7xx_hal.o
    0x08000d1a   0x08000d1a   0x00000002   PAD
    0x08000d1c   0x08000d1c   0x00000040   Code   RO         1816    i.HAL_InitTick      stm32f7xx_hal.o
    0x08000d5c   0x08000d5c   0x00000030   Code   RO          757    i.HAL_MspInit       stm32f7xx_hal_msp.o
    0x08000d8c   0x08000d8c   0x0000001a   Code   RO          786    i.HAL_NVIC_EnableIRQ  stm32f7xx_hal_cortex.o
    0x08000da6   0x08000da6   0x00000002   PAD
    0x08000da8   0x08000da8   0x00000040   Code   RO          792    i.HAL_NVIC_SetPriority  stm32f7xx_hal_cortex.o
    0x08000de8   0x08000de8   0x00000024   Code   RO          793    i.HAL_NVIC_SetPriorityGrouping  stm32f7xx_hal_cortex.o
    0x08000e0c   0x08000e0c   0x0000006c   Code   RO         1705    i.HAL_PWREx_EnableOverDrive  stm32f7xx_hal_pwr_ex.o
    0x08000e78   0x08000e78   0x00000010   Code   RO         1582    i.HAL_PWR_EnableBkUpAccess  stm32f7xx_hal_pwr.o
    0x08000e88   0x08000e88   0x0000053c   Code   RO         1126    i.HAL_RCCEx_PeriphCLKConfig  stm32f7xx_hal_rcc_ex.o
    0x080013c4   0x080013c4   0x00000130   Code   RO         1019    i.HAL_RCC_ClockConfig  stm32f7xx_hal_rcc.o
    0x080014f4   0x080014f4   0x00000020   Code   RO         1026    i.HAL_RCC_GetPCLK1Freq  stm32f7xx_hal_rcc.o
    0x08001514   0x08001514   0x00000020   Code   RO         1027    i.HAL_RCC_GetPCLK2Freq  stm32f7xx_hal_rcc.o
    0x08001534   0x08001534   0x00000060   Code   RO         1028    i.HAL_RCC_GetSysClockFreq  stm32f7xx_hal_rcc.o
    0x08001594   0x08001594   0x00000398   Code   RO         1031    i.HAL_RCC_OscConfig  stm32f7xx_hal_rcc.o
    0x0800192c   0x0800192c   0x00000032   Code   RO          925    i.HAL_RNG_Init      stm32f7xx_hal_rng.o
    0x0800195e   0x0800195e   0x00000002   PAD
    0x08001960   0x08001960   0x00000028   Code   RO          454    i.HAL_RNG_MspInit   rng.o
    0x08001988   0x08001988   0x000000f2   Code   RO         2588    i.HAL_SPI_Init      stm32f7xx_hal_spi.o
    0x08001a7a   0x08001a7a   0x00000002   PAD
    0x08001a7c   0x08001a7c   0x00000064   Code   RO          496    i.HAL_SPI_MspInit   spi.o
    0x08001ae0   0x08001ae0   0x00000186   Code   RO         2596    i.HAL_SPI_Transmit  stm32f7xx_hal_spi.o
    0x08001c66   0x08001c66   0x00000026   Code   RO          797    i.HAL_SYSTICK_Config  stm32f7xx_hal_cortex.o
    0x08001c8c   0x08001c8c   0x00000002   Code   RO         3644    i.HAL_TIMEx_Break2Callback  stm32f7xx_hal_tim_ex.o
    0x08001c8e   0x08001c8e   0x00000002   Code   RO         3645    i.HAL_TIMEx_BreakCallback  stm32f7xx_hal_tim_ex.o
    0x08001c90   0x08001c90   0x00000002   Code   RO         3646    i.HAL_TIMEx_CommutCallback  stm32f7xx_hal_tim_ex.o
    0x08001c92   0x08001c92   0x00000002   PAD
    0x08001c94   0x08001c94   0x000000a4   Code   RO         3666    i.HAL_TIMEx_MasterConfigSynchronization  stm32f7xx_hal_tim_ex.o
    0x08001d38   0x08001d38   0x00000062   Code   RO         2930    i.HAL_TIM_Base_Init  stm32f7xx_hal_tim.o
    0x08001d9a   0x08001d9a   0x00000002   PAD
    0x08001d9c   0x08001d9c   0x000000a8   Code   RO          538    i.HAL_TIM_Base_MspInit  tim.o
    0x08001e44   0x08001e44   0x0000008c   Code   RO         2935    i.HAL_TIM_Base_Start_IT  stm32f7xx_hal_tim.o
    0x08001ed0   0x08001ed0   0x000000dc   Code   RO         2939    i.HAL_TIM_ConfigClockSource  stm32f7xx_hal_tim.o
    0x08001fac   0x08001fac   0x00000002   Code   RO         2964    i.HAL_TIM_IC_CaptureCallback  stm32f7xx_hal_tim.o
    0x08001fae   0x08001fae   0x00000182   Code   RO         2978    i.HAL_TIM_IRQHandler  stm32f7xx_hal_tim.o
    0x08002130   0x08002130   0x00000050   Code   RO          539    i.HAL_TIM_MspPostInit  tim.o
    0x08002180   0x08002180   0x00000002   Code   RO         2981    i.HAL_TIM_OC_DelayElapsedCallback  stm32f7xx_hal_tim.o
    0x08002182   0x08002182   0x0000011e   Code   RO         3002    i.HAL_TIM_PWM_ConfigChannel  stm32f7xx_hal_tim.o
    0x080022a0   0x080022a0   0x00000062   Code   RO         3005    i.HAL_TIM_PWM_Init  stm32f7xx_hal_tim.o
    0x08002302   0x08002302   0x00000002   PAD
    0x08002304   0x08002304   0x00000028   Code   RO          541    i.HAL_TIM_PWM_MspInit  tim.o
    0x0800232c   0x0800232c   0x00000002   Code   RO         3008    i.HAL_TIM_PWM_PulseFinishedCallback  stm32f7xx_hal_tim.o
    0x0800232e   0x0800232e   0x00000002   PAD
    0x08002330   0x08002330   0x000000f8   Code   RO         3010    i.HAL_TIM_PWM_Start  stm32f7xx_hal_tim.o
    0x08002428   0x08002428   0x00000002   Code   RO         3016    i.HAL_TIM_PeriodElapsedCallback  stm32f7xx_hal_tim.o
    0x0800242a   0x0800242a   0x00000002   Code   RO         3021    i.HAL_TIM_TriggerCallback  stm32f7xx_hal_tim.o
    0x0800242c   0x0800242c   0x00000066   Code   RO         3959    i.HAL_UART_Init     stm32f7xx_hal_uart.o
    0x08002492   0x08002492   0x00000002   PAD
    0x08002494   0x08002494   0x00000064   Code   RO          622    i.HAL_UART_MspInit  usart.o
    0x080024f8   0x080024f8   0x000000b8   Code   RO         3968    i.HAL_UART_Transmit  stm32f7xx_hal_uart.o
    0x080025b0   0x080025b0   0x00000002   Code   RO          665    i.HardFault_Handler  stm32f7xx_it.o
    0x080025b2   0x080025b2   0x00000002   PAD
    0x080025b4   0x080025b4   0x000000d8   Code   RO         4526    i.Home_Page         display.o
    0x0800268c   0x0800268c   0x000000a8   Code   RO           13    i.ILI9341_Draw_Char  ili9341_gfx.o
    0x08002734   0x08002734   0x000000a4   Code   RO          201    i.ILI9341_Draw_Colour_Burst  ili9341_stm32_driver.o
    0x080027d8   0x080027d8   0x00000034   Code   RO           15    i.ILI9341_Draw_Filled_Rectangle_Coord  ili9341_gfx.o
    0x0800280c   0x0800280c   0x00000158   Code   RO          203    i.ILI9341_Draw_Pixel  ili9341_stm32_driver.o
    0x08002964   0x08002964   0x00000060   Code   RO          204    i.ILI9341_Draw_Rectangle  ili9341_stm32_driver.o
    0x080029c4   0x080029c4   0x00000036   Code   RO           19    i.ILI9341_Draw_Text  ili9341_gfx.o
    0x080029fa   0x080029fa   0x00000002   PAD
    0x080029fc   0x080029fc   0x00000010   Code   RO          206    i.ILI9341_Enable    ili9341_stm32_driver.o
    0x08002a0c   0x08002a0c   0x00000028   Code   RO          207    i.ILI9341_Fill_Screen  ili9341_stm32_driver.o
    0x08002a34   0x08002a34   0x00000218   Code   RO          208    i.ILI9341_Init      ili9341_stm32_driver.o
    0x08002c4c   0x08002c4c   0x0000003c   Code   RO          209    i.ILI9341_Reset     ili9341_stm32_driver.o
    0x08002c88   0x08002c88   0x00000020   Code   RO          210    i.ILI9341_SPI_Init  ili9341_stm32_driver.o
    0x08002ca8   0x08002ca8   0x00000014   Code   RO          211    i.ILI9341_SPI_Send  ili9341_stm32_driver.o
    0x08002cbc   0x08002cbc   0x00000052   Code   RO          212    i.ILI9341_Set_Address  ili9341_stm32_driver.o
    0x08002d0e   0x08002d0e   0x00000002   PAD
    0x08002d10   0x08002d10   0x00000050   Code   RO          213    i.ILI9341_Set_Rotation  ili9341_stm32_driver.o
    0x08002d60   0x08002d60   0x00000038   Code   RO          214    i.ILI9341_Write_Command  ili9341_stm32_driver.o
    0x08002d98   0x08002d98   0x00000034   Code   RO          215    i.ILI9341_Write_Data  ili9341_stm32_driver.o
    0x08002dcc   0x08002dcc   0x00000068   Code   RO         4527    i.Idle_Page         display.o
    0x08002e34   0x08002e34   0x000001e8   Code   RO          429    i.MX_GPIO_Init      gpio.o
    0x0800301c   0x0800301c   0x00000024   Code   RO          455    i.MX_RNG_Init       rng.o
    0x08003040   0x08003040   0x0000004c   Code   RO          497    i.MX_SPI5_Init      spi.o
    0x0800308c   0x0800308c   0x0000006c   Code   RO          542    i.MX_TIM1_Init      tim.o
    0x080030f8   0x080030f8   0x00000064   Code   RO          543    i.MX_TIM2_Init      tim.o
    0x0800315c   0x0800315c   0x00000068   Code   RO          544    i.MX_TIM3_Init      tim.o
    0x080031c4   0x080031c4   0x00000068   Code   RO          545    i.MX_TIM4_Init      tim.o
    0x0800322c   0x0800322c   0x00000074   Code   RO          546    i.MX_TIM5_Init      tim.o
    0x080032a0   0x080032a0   0x0000003c   Code   RO          623    i.MX_USART3_UART_Init  usart.o
    0x080032dc   0x080032dc   0x00000002   Code   RO          666    i.MemManage_Handler  stm32f7xx_it.o
    0x080032de   0x080032de   0x00000002   Code   RO          667    i.NMI_Handler       stm32f7xx_it.o
    0x080032e0   0x080032e0   0x00000002   Code   RO          668    i.PendSV_Handler    stm32f7xx_it.o
    0x080032e2   0x080032e2   0x00000048   Code   RO         2626    i.SPI_EndRxTxTransaction  stm32f7xx_hal_spi.o
    0x0800332a   0x0800332a   0x00000002   PAD
    0x0800332c   0x0800332c   0x000000c8   Code   RO         2631    i.SPI_WaitFifoStateUntilTimeout  stm32f7xx_hal_spi.o
    0x080033f4   0x080033f4   0x000000b8   Code   RO         2632    i.SPI_WaitFlagStateUntilTimeout  stm32f7xx_hal_spi.o
    0x080034ac   0x080034ac   0x00000002   Code   RO          669    i.SVC_Handler       stm32f7xx_it.o
    0x080034ae   0x080034ae   0x00000004   Code   RO          670    i.SysTick_Handler   stm32f7xx_it.o
    0x080034b2   0x080034b2   0x00000002   PAD
    0x080034b4   0x080034b4   0x000000c4   Code   RO          365    i.SystemClock_Config  main.o
    0x08003578   0x08003578   0x00000010   Code   RO         4406    i.SystemInit        system_stm32f7xx.o
    0x08003588   0x08003588   0x0000001c   Code   RO          671    i.TIM2_IRQHandler   stm32f7xx_it.o
    0x080035a4   0x080035a4   0x0000001c   Code   RO          672    i.TIM3_IRQHandler   stm32f7xx_it.o
    0x080035c0   0x080035c0   0x0000001c   Code   RO          673    i.TIM4_IRQHandler   stm32f7xx_it.o
    0x080035dc   0x080035dc   0x000000cc   Code   RO         3023    i.TIM_Base_SetConfig  stm32f7xx_hal_tim.o
    0x080036a8   0x080036a8   0x0000001a   Code   RO         3024    i.TIM_CCxChannelCmd  stm32f7xx_hal_tim.o
    0x080036c2   0x080036c2   0x00000012   Code   RO         3034    i.TIM_ETR_SetConfig  stm32f7xx_hal_tim.o
    0x080036d4   0x080036d4   0x00000010   Code   RO         3035    i.TIM_ITRx_SetConfig  stm32f7xx_hal_tim.o
    0x080036e4   0x080036e4   0x00000074   Code   RO         3036    i.TIM_OC1_SetConfig  stm32f7xx_hal_tim.o
    0x08003758   0x08003758   0x00000078   Code   RO         3037    i.TIM_OC2_SetConfig  stm32f7xx_hal_tim.o
    0x080037d0   0x080037d0   0x00000078   Code   RO         3038    i.TIM_OC3_SetConfig  stm32f7xx_hal_tim.o
    0x08003848   0x08003848   0x00000058   Code   RO         3039    i.TIM_OC4_SetConfig  stm32f7xx_hal_tim.o
    0x080038a0   0x080038a0   0x00000058   Code   RO         3040    i.TIM_OC5_SetConfig  stm32f7xx_hal_tim.o
    0x080038f8   0x080038f8   0x00000058   Code   RO         3041    i.TIM_OC6_SetConfig  stm32f7xx_hal_tim.o
    0x08003950   0x08003950   0x00000022   Code   RO         3043    i.TIM_TI1_ConfigInputStage  stm32f7xx_hal_tim.o
    0x08003972   0x08003972   0x00000024   Code   RO         3045    i.TIM_TI2_ConfigInputStage  stm32f7xx_hal_tim.o
    0x08003996   0x08003996   0x00000002   PAD
    0x08003998   0x08003998   0x00000048   Code   RO          316    i.TP_Read           ili9341_touchscreen.o
    0x080039e0   0x080039e0   0x000000f0   Code   RO          317    i.TP_Read_Coordinates  ili9341_touchscreen.o
    0x08003ad0   0x08003ad0   0x00000018   Code   RO          318    i.TP_Touchpad_Pressed  ili9341_touchscreen.o
    0x08003ae8   0x08003ae8   0x0000004c   Code   RO          319    i.TP_Write          ili9341_touchscreen.o
    0x08003b34   0x08003b34   0x00000084   Code   RO         4528    i.TimerPopup_Page   display.o
    0x08003bb8   0x08003bb8   0x00000298   Code   RO         4529    i.Timer_Page        display.o
    0x08003e50   0x08003e50   0x00000010   Code   RO         4443    i.Timer_Pause       device.o
    0x08003e60   0x08003e60   0x00000024   Code   RO         4444    i.Timer_Reset       device.o
    0x08003e84   0x08003e84   0x00000064   Code   RO         4445    i.Timer_Start       device.o
    0x08003ee8   0x08003ee8   0x000000c8   Code   RO         3973    i.UART_AdvFeatureConfig  stm32f7xx_hal_uart.o
    0x08003fb0   0x08003fb0   0x0000005c   Code   RO         3974    i.UART_CheckIdleState  stm32f7xx_hal_uart.o
    0x0800400c   0x0800400c   0x00000030   Code   RO         4446    i.UART_Log          device.o
    0x0800403c   0x0800403c   0x00000234   Code   RO         3989    i.UART_SetConfig    stm32f7xx_hal_uart.o
    0x08004270   0x08004270   0x000000a4   Code   RO         3994    i.UART_WaitOnFlagUntilTimeout  stm32f7xx_hal_uart.o
    0x08004314   0x08004314   0x00000002   Code   RO          674    i.UsageFault_Handler  stm32f7xx_it.o
    0x08004316   0x08004316   0x00000002   PAD
    0x08004318   0x08004318   0x00000028   Code   RO         4882    i.__0sprintf$6      mc_w.l(printf6.o)
    0x08004340   0x08004340   0x00000022   Code   RO          799    i.__NVIC_SetPriority  stm32f7xx_hal_cortex.o
    0x08004362   0x08004362   0x0000000e   Code   RO         5062    i.__scatterload_copy  mc_w.l(handlers.o)
    0x08004370   0x08004370   0x00000002   Code   RO         5063    i.__scatterload_null  mc_w.l(handlers.o)
    0x08004372   0x08004372   0x0000000e   Code   RO         5064    i.__scatterload_zeroinit  mc_w.l(handlers.o)
    0x08004380   0x08004380   0x000002f0   Code   RO         4887    i._printf_core      mc_w.l(printf6.o)
    0x08004670   0x08004670   0x00000024   Code   RO         4888    i._printf_post_padding  mc_w.l(printf6.o)
    0x08004694   0x08004694   0x0000002e   Code   RO         4889    i._printf_pre_padding  mc_w.l(printf6.o)
    0x080046c2   0x080046c2   0x0000000a   Code   RO         4891    i._sputc            mc_w.l(printf6.o)
    0x080046cc   0x080046cc   0x00000014   Code   RO         4530    i.changePage        display.o
    0x080046e0   0x080046e0   0x00000028   Code   RO         4447    i.checkAlarmClock   device.o
    0x08004708   0x08004708   0x00000040   Code   RO         4448    i.checkMainClock    device.o
    0x08004748   0x08004748   0x0000005c   Code   RO         4531    i.checkTouchPadTarget  display.o
    0x080047a4   0x080047a4   0x00000094   Code   RO         4533    i.displayScreen     display.o
    0x08004838   0x08004838   0x00000050   Code   RO         4986    i.free              mc_w.l(malloc.o)
    0x08004888   0x08004888   0x0000003c   Code   RO         4534    i.isClockUpdated    display.o
    0x080048c4   0x080048c4   0x000000f8   Code   RO          366    i.main              main.o
    0x080049bc   0x080049bc   0x0000006c   Code   RO         4987    i.malloc            mc_w.l(malloc.o)
    0x08004a28   0x08004a28   0x00000118   Code   RO         4535    i.setBrightness     display.o
    0x08004b40   0x08004b40   0x00000024   Code   RO         4536    i.updateScreen      display.o
    0x08004b64   0x08004b64   0x00000010   Code   RO         4537    i.updateScreenComplete  display.o
    0x08004b74   0x08004b74   0x00000090   Code   RO         4449    i.updateTimer       device.o
    0x08004c04   0x08004c04   0x00000240   Data   RO           20    .constdata          ili9341_gfx.o
    0x08004e44   0x08004e44   0x00000010   Data   RO         4407    .constdata          system_stm32f7xx.o
    0x08004e54   0x08004e54   0x00000008   Data   RO         4408    .constdata          system_stm32f7xx.o
    0x08004e5c   0x08004e5c   0x00000040   Data   RO         4541    .constdata          display.o
    0x08004e9c   0x08004e9c   0x00000020   Data   RO         5060    Region$$Table       anon$$obj.o


    Execution Region RW_IRAM1 (Exec base: 0x20000000, Load base: 0x08004ebc, Size: 0x00000a00, Max: 0x00080000, ABSOLUTE)

    Exec Addr    Load Addr    Size         Type   Attr      Idx    E Section Name        Object

    0x20000000   0x08004ebc   0x00000004   Data   RW          216    .data               ili9341_stm32_driver.o
    0x20000004   0x08004ec0   0x0000000c   Data   RW          368    .data               main.o
    0x20000010   0x08004ecc   0x00000004   Data   RW          369    .data               main.o
    0x20000014   0x08004ed0   0x0000000c   Data   RW         1822    .data               stm32f7xx_hal.o
    0x20000020   0x08004edc   0x00000004   Data   RW         4409    .data               system_stm32f7xx.o
    0x20000024   0x08004ee0   0x00000016   Data   RW         4542    .data               display.o
    0x2000003a   0x08004ef6   0x00000002   PAD
    0x2000003c   0x08004ef8   0x0000004c   Data   RW         4689    .data               core.o
    0x20000088   0x08004f44   0x00000004   Data   RW         5039    .data               mc_w.l(mvars.o)
    0x2000008c   0x08004f48   0x00000004   Data   RW         5040    .data               mc_w.l(mvars.o)
    0x20000090        -       0x00000040   Zero   RW          367    .bss                main.o
    0x200000d0        -       0x00000010   Zero   RW          456    .bss                rng.o
    0x200000e0        -       0x00000064   Zero   RW          498    .bss                spi.o
    0x20000144        -       0x0000017c   Zero   RW          547    .bss                tim.o
    0x200002c0        -       0x00000084   Zero   RW          624    .bss                usart.o
    0x20000344        -       0x0000000c   Zero   RW         4450    .bss                device.o
    0x20000350        -       0x000000ac   Zero   RW         4538    .bss                display.o
    0x200003fc   0x08004f4c   0x00000004   PAD
    0x20000400        -       0x00000200   Zero   RW            2    HEAP                startup_stm32f767xx.o
    0x20000600        -       0x00000400   Zero   RW            1    STACK               startup_stm32f767xx.o


==============================================================================

Image component sizes


      Code (inc. data)   RO Data    RW Data    ZI Data      Debug   Object Name

        40          6          0         76          0       1306   core.o
       448         84          0          0         12       4573   device.o
      3598        504         64         22        172      19042   display.o
       488         30          0          0          0       1295   gpio.o
       274          4        576          0          0     887646   ili9341_gfx.o
      1578         70          0          4          0       9879   ili9341_stm32_driver.o
       412         26          0          0          0       3365   ili9341_touchscreen.o
       448         44          0         16         64      39193   main.o
        76         18          0          0         16       1591   rng.o
       176         22          0          0        100       1769   spi.o
        36          8        504          0       1536        852   startup_stm32f767xx.o
       150         24          0         12          0       9325   stm32f7xx_hal.o
       198         12          0          0          0      39083   stm32f7xx_hal_cortex.o
       492         52          0          0          0       3283   stm32f7xx_hal_gpio.o
        48          6          0          0          0        882   stm32f7xx_hal_msp.o
        16          4          0          0          0        563   stm32f7xx_hal_pwr.o
       108          8          0          0          0       1300   stm32f7xx_hal_pwr_ex.o
      1384         66          0          0          0       5284   stm32f7xx_hal_rcc.o
      1340         22          0          0          0       2360   stm32f7xx_hal_rcc_ex.o
        50          0          0          0          0       1115   stm32f7xx_hal_rng.o
      1088          8          0          0          0       5922   stm32f7xx_hal_spi.o
      2440        196          0          0          0      18836   stm32f7xx_hal_tim.o
       170         30          0          0          0       3172   stm32f7xx_hal_tim_ex.o
      1306         66          0          0          0       6365   stm32f7xx_hal_uart.o
       104         30          0          0          0       5888   stm32f7xx_it.o
        16          4         24          4          0       1175   system_stm32f7xx.o
       820         88          0          0        380       5914   tim.o
       160         20          0          0        132       1786   usart.o

    ----------------------------------------------------------------------
     17502       1452       1200        136       2416    1082764   Object Totals
         0          0         32          0          0          0   (incl. Generated)
        38          0          0          2          4          0   (incl. Padding)

    ----------------------------------------------------------------------

      Code (inc. data)   RO Data    RW Data    ZI Data      Debug   Library Member Name

         0          0          0          0          0          0   entry.o
         0          0          0          0          0          0   entry10a.o
         0          0          0          0          0          0   entry11a.o
         4          0          0          0          0          0   entry12b.o
         8          4          0          0          0          0   entry2.o
         4          0          0          0          0          0   entry5.o
         0          0          0          0          0          0   entry7b.o
         0          0          0          0          0          0   entry8b.o
         8          4          0          0          0          0   entry9a.o
        30          0          0          0          0          0   handlers.o
        36          8          0          0          0         68   init.o
        30          0          0          0          0         68   llshl.o
        32          0          0          0          0         68   llushr.o
       188         20          0          0          0        160   malloc.o
        36          0          0          0          0         68   memcpya.o
        36          0          0          0          0        108   memseta.o
         0          0          0          8          0          0   mvars.o
       884         10          0          0          0        420   printf6.o
        14          0          0          0          0         68   strlen.o
        44          0          0          0          0         80   uidiv.o
        98          0          0          0          0         92   uldiv.o

    ----------------------------------------------------------------------
      1454         46          0          8          0       1200   Library Totals
         2          0          0          0          0          0   (incl. Padding)

    ----------------------------------------------------------------------

      Code (inc. data)   RO Data    RW Data    ZI Data      Debug   Library Name

      1452         46          0          8          0       1200   mc_w.l

    ----------------------------------------------------------------------
      1454         46          0          8          0       1200   Library Totals

    ----------------------------------------------------------------------

==============================================================================


      Code (inc. data)   RO Data    RW Data    ZI Data      Debug   

     18956       1498       1200        144       2416    1069796   Grand Totals
     18956       1498       1200        144       2416    1069796   ELF Image Totals
     18956       1498       1200        144          0          0   ROM Totals

==============================================================================

    Total RO  Size (Code + RO Data)                20156 (  19.68kB)
    Total RW  Size (RW Data + ZI Data)              2560 (   2.50kB)
    Total ROM Size (Code + RO Data + RW Data)      20300 (  19.82kB)

==============================================================================

